Archive member included to satisfy reference by file (symbol)

/Applications/STM32CubeIDE.app/Contents/Eclipse/plugins/com.st.stm32cube.ide.mcu.externaltools.gnu-tools-for-stm32.10.3-2021.10.macos64_1.0.0.202111181127/tools/bin/../lib/gcc/arm-none-eabi/10.3.1/../../../../arm-none-eabi/lib/thumb/v6-m/nofp/libc_nano.a(lib_a-errno.o)
                              ./Core/Src/syscalls.o (__errno)
/Applications/STM32CubeIDE.app/Contents/Eclipse/plugins/com.st.stm32cube.ide.mcu.externaltools.gnu-tools-for-stm32.10.3-2021.10.macos64_1.0.0.202111181127/tools/bin/../lib/gcc/arm-none-eabi/10.3.1/../../../../arm-none-eabi/lib/thumb/v6-m/nofp/libc_nano.a(lib_a-exit.o)
                              /Applications/STM32CubeIDE.app/Contents/Eclipse/plugins/com.st.stm32cube.ide.mcu.externaltools.gnu-tools-for-stm32.10.3-2021.10.macos64_1.0.0.202111181127/tools/bin/../lib/gcc/arm-none-eabi/10.3.1/../../../../arm-none-eabi/lib/thumb/v6-m/nofp/crt0.o (exit)
/Applications/STM32CubeIDE.app/Contents/Eclipse/plugins/com.st.stm32cube.ide.mcu.externaltools.gnu-tools-for-stm32.10.3-2021.10.macos64_1.0.0.202111181127/tools/bin/../lib/gcc/arm-none-eabi/10.3.1/../../../../arm-none-eabi/lib/thumb/v6-m/nofp/libc_nano.a(lib_a-impure.o)
                              /Applications/STM32CubeIDE.app/Contents/Eclipse/plugins/com.st.stm32cube.ide.mcu.externaltools.gnu-tools-for-stm32.10.3-2021.10.macos64_1.0.0.202111181127/tools/bin/../lib/gcc/arm-none-eabi/10.3.1/../../../../arm-none-eabi/lib/thumb/v6-m/nofp/libc_nano.a(lib_a-exit.o) (_global_impure_ptr)
/Applications/STM32CubeIDE.app/Contents/Eclipse/plugins/com.st.stm32cube.ide.mcu.externaltools.gnu-tools-for-stm32.10.3-2021.10.macos64_1.0.0.202111181127/tools/bin/../lib/gcc/arm-none-eabi/10.3.1/../../../../arm-none-eabi/lib/thumb/v6-m/nofp/libc_nano.a(lib_a-init.o)
                              /Applications/STM32CubeIDE.app/Contents/Eclipse/plugins/com.st.stm32cube.ide.mcu.externaltools.gnu-tools-for-stm32.10.3-2021.10.macos64_1.0.0.202111181127/tools/bin/../lib/gcc/arm-none-eabi/10.3.1/../../../../arm-none-eabi/lib/thumb/v6-m/nofp/crt0.o (__libc_init_array)
/Applications/STM32CubeIDE.app/Contents/Eclipse/plugins/com.st.stm32cube.ide.mcu.externaltools.gnu-tools-for-stm32.10.3-2021.10.macos64_1.0.0.202111181127/tools/bin/../lib/gcc/arm-none-eabi/10.3.1/../../../../arm-none-eabi/lib/thumb/v6-m/nofp/libc_nano.a(lib_a-malloc.o)
                              ./Core/Src/main.o (malloc)
/Applications/STM32CubeIDE.app/Contents/Eclipse/plugins/com.st.stm32cube.ide.mcu.externaltools.gnu-tools-for-stm32.10.3-2021.10.macos64_1.0.0.202111181127/tools/bin/../lib/gcc/arm-none-eabi/10.3.1/../../../../arm-none-eabi/lib/thumb/v6-m/nofp/libc_nano.a(lib_a-memset.o)
                              /Applications/STM32CubeIDE.app/Contents/Eclipse/plugins/com.st.stm32cube.ide.mcu.externaltools.gnu-tools-for-stm32.10.3-2021.10.macos64_1.0.0.202111181127/tools/bin/../lib/gcc/arm-none-eabi/10.3.1/../../../../arm-none-eabi/lib/thumb/v6-m/nofp/crt0.o (memset)
/Applications/STM32CubeIDE.app/Contents/Eclipse/plugins/com.st.stm32cube.ide.mcu.externaltools.gnu-tools-for-stm32.10.3-2021.10.macos64_1.0.0.202111181127/tools/bin/../lib/gcc/arm-none-eabi/10.3.1/../../../../arm-none-eabi/lib/thumb/v6-m/nofp/libc_nano.a(lib_a-nano-freer.o)
                              /Applications/STM32CubeIDE.app/Contents/Eclipse/plugins/com.st.stm32cube.ide.mcu.externaltools.gnu-tools-for-stm32.10.3-2021.10.macos64_1.0.0.202111181127/tools/bin/../lib/gcc/arm-none-eabi/10.3.1/../../../../arm-none-eabi/lib/thumb/v6-m/nofp/libc_nano.a(lib_a-malloc.o) (_free_r)
/Applications/STM32CubeIDE.app/Contents/Eclipse/plugins/com.st.stm32cube.ide.mcu.externaltools.gnu-tools-for-stm32.10.3-2021.10.macos64_1.0.0.202111181127/tools/bin/../lib/gcc/arm-none-eabi/10.3.1/../../../../arm-none-eabi/lib/thumb/v6-m/nofp/libc_nano.a(lib_a-nano-mallocr.o)
                              /Applications/STM32CubeIDE.app/Contents/Eclipse/plugins/com.st.stm32cube.ide.mcu.externaltools.gnu-tools-for-stm32.10.3-2021.10.macos64_1.0.0.202111181127/tools/bin/../lib/gcc/arm-none-eabi/10.3.1/../../../../arm-none-eabi/lib/thumb/v6-m/nofp/libc_nano.a(lib_a-malloc.o) (_malloc_r)
/Applications/STM32CubeIDE.app/Contents/Eclipse/plugins/com.st.stm32cube.ide.mcu.externaltools.gnu-tools-for-stm32.10.3-2021.10.macos64_1.0.0.202111181127/tools/bin/../lib/gcc/arm-none-eabi/10.3.1/../../../../arm-none-eabi/lib/thumb/v6-m/nofp/libc_nano.a(lib_a-sbrkr.o)
                              /Applications/STM32CubeIDE.app/Contents/Eclipse/plugins/com.st.stm32cube.ide.mcu.externaltools.gnu-tools-for-stm32.10.3-2021.10.macos64_1.0.0.202111181127/tools/bin/../lib/gcc/arm-none-eabi/10.3.1/../../../../arm-none-eabi/lib/thumb/v6-m/nofp/libc_nano.a(lib_a-nano-mallocr.o) (_sbrk_r)
[...]
Memory Configuration

Name             Origin             Length             Attributes
RAM              0x0000000020000000 0x0000000000002000 xrw
FLASH            0x0000000008000000 0x0000000000008000 xr
*default*        0x0000000000000000 0xffffffffffffffff

Linker script and memory map

LOAD /Applications/STM32CubeIDE.app/Contents/Eclipse/plugins/com.st.stm32cube.ide.mcu.externaltools.gnu-tools-for-stm32.10.3-2021.10.macos64_1.0.0.202111181127/tools/bin/../lib/gcc/arm-none-eabi/10.3.1/thumb/v6-m/nofp/crti.o
LOAD /Applications/STM32CubeIDE.app/Contents/Eclipse/plugins/com.st.stm32cube.ide.mcu.externaltools.gnu-tools-for-stm32.10.3-2021.10.macos64_1.0.0.202111181127/tools/bin/../lib/gcc/arm-none-eabi/10.3.1/thumb/v6-m/nofp/crtbegin.o
LOAD /Applications/STM32CubeIDE.app/Contents/Eclipse/plugins/com.st.stm32cube.ide.mcu.externaltools.gnu-tools-for-stm32.10.3-2021.10.macos64_1.0.0.202111181127/tools/bin/../lib/gcc/arm-none-eabi/10.3.1/../../../../arm-none-eabi/lib/thumb/v6-m/nofp/crt0.o
LOAD ./Core/Src/ad8363.o
LOAD ./Core/Src/adc.o
LOAD ./Core/Src/bda4601.o
LOAD ./Core/Src/eeprom.o
LOAD ./Core/Src/i2c1.o
LOAD ./Core/Src/led.o
LOAD ./Core/Src/lm75.o
LOAD ./Core/Src/main.o
LOAD ./Core/Src/max4003.o
LOAD ./Core/Src/module.o
LOAD ./Core/Src/rs485.o
LOAD ./Core/Src/stm32g0xx_hal_msp.o
LOAD ./Core/Src/stm32g0xx_it.o
LOAD ./Core/Src/syscalls.o
LOAD ./Core/Src/sysmem.o
LOAD ./Core/Src/system_stm32g0xx.o
LOAD ./Core/Src/uart1.o
LOAD ./Core/Src/utils.o
LOAD ./Core/Startup/startup_stm32g030k6tx.o
LOAD ./Drivers/STM32G0xx_HAL_Driver/Src/stm32g0xx_hal.o
LOAD ./Drivers/STM32G0xx_HAL_Driver/Src/stm32g0xx_hal_adc.o
LOAD ./Drivers/STM32G0xx_HAL_Driver/Src/stm32g0xx_hal_adc_ex.o
LOAD ./Drivers/STM32G0xx_HAL_Driver/Src/stm32g0xx_hal_cortex.o
LOAD ./Drivers/STM32G0xx_HAL_Driver/Src/stm32g0xx_hal_dma.o
LOAD ./Drivers/STM32G0xx_HAL_Driver/Src/stm32g0xx_hal_dma_ex.o
LOAD ./Drivers/STM32G0xx_HAL_Driver/Src/stm32g0xx_hal_exti.o
LOAD ./Drivers/STM32G0xx_HAL_Driver/Src/stm32g0xx_hal_flash.o
LOAD ./Drivers/STM32G0xx_HAL_Driver/Src/stm32g0xx_hal_flash_ex.o
LOAD ./Drivers/STM32G0xx_HAL_Driver/Src/stm32g0xx_hal_gpio.o
LOAD ./Drivers/STM32G0xx_HAL_Driver/Src/stm32g0xx_hal_iwdg.o
LOAD ./Drivers/STM32G0xx_HAL_Driver/Src/stm32g0xx_hal_pwr.o
LOAD ./Drivers/STM32G0xx_HAL_Driver/Src/stm32g0xx_hal_pwr_ex.o
LOAD ./Drivers/STM32G0xx_HAL_Driver/Src/stm32g0xx_hal_rcc.o
LOAD ./Drivers/STM32G0xx_HAL_Driver/Src/stm32g0xx_hal_rcc_ex.o
LOAD ./Drivers/STM32G0xx_HAL_Driver/Src/stm32g0xx_hal_tim.o
LOAD ./Drivers/STM32G0xx_HAL_Driver/Src/stm32g0xx_hal_tim_ex.o
LOAD ./Drivers/STM32G0xx_HAL_Driver/Src/stm32g0xx_hal_uart.o
LOAD ./Drivers/STM32G0xx_HAL_Driver/Src/stm32g0xx_hal_uart_ex.o
LOAD ./Drivers/STM32G0xx_HAL_Driver/Src/stm32g0xx_ll_adc.o
LOAD ./Drivers/STM32G0xx_HAL_Driver/Src/stm32g0xx_ll_dma.o
LOAD ./Drivers/STM32G0xx_HAL_Driver/Src/stm32g0xx_ll_rcc.o
START GROUP
LOAD /Applications/STM32CubeIDE.app/Contents/Eclipse/plugins/com.st.stm32cube.ide.mcu.externaltools.gnu-tools-for-stm32.10.3-2021.10.macos64_1.0.0.202111181127/tools/bin/../lib/gcc/arm-none-eabi/10.3.1/../../../../arm-none-eabi/lib/thumb/v6-m/nofp/libc_nano.a
LOAD /Applications/STM32CubeIDE.app/Contents/Eclipse/plugins/com.st.stm32cube.ide.mcu.externaltools.gnu-tools-for-stm32.10.3-2021.10.macos64_1.0.0.202111181127/tools/bin/../lib/gcc/arm-none-eabi/10.3.1/../../../../arm-none-eabi/lib/thumb/v6-m/nofp/libm.a
END GROUP
START GROUP
LOAD /Applications/STM32CubeIDE.app/Contents/Eclipse/plugins/com.st.stm32cube.ide.mcu.externaltools.gnu-tools-for-stm32.10.3-2021.10.macos64_1.0.0.202111181127/tools/bin/../lib/gcc/arm-none-eabi/10.3.1/thumb/v6-m/nofp/libgcc.a
LOAD /Applications/STM32CubeIDE.app/Contents/Eclipse/plugins/com.st.stm32cube.ide.mcu.externaltools.gnu-tools-for-stm32.10.3-2021.10.macos64_1.0.0.202111181127/tools/bin/../lib/gcc/arm-none-eabi/10.3.1/../../../../arm-none-eabi/lib/thumb/v6-m/nofp/libc_nano.a
END GROUP
START GROUP
LOAD /Applications/STM32CubeIDE.app/Contents/Eclipse/plugins/com.st.stm32cube.ide.mcu.externaltools.gnu-tools-for-stm32.10.3-2021.10.macos64_1.0.0.202111181127/tools/bin/../lib/gcc/arm-none-eabi/10.3.1/thumb/v6-m/nofp/libgcc.a
LOAD /Applications/STM32CubeIDE.app/Contents/Eclipse/plugins/com.st.stm32cube.ide.mcu.externaltools.gnu-tools-for-stm32.10.3-2021.10.macos64_1.0.0.202111181127/tools/bin/../lib/gcc/arm-none-eabi/10.3.1/../../../../arm-none-eabi/lib/thumb/v6-m/nofp/libc_nano.a
LOAD /Applications/STM32CubeIDE.app/Contents/Eclipse/plugins/com.st.stm32cube.ide.mcu.externaltools.gnu-tools-for-stm32.10.3-2021.10.macos64_1.0.0.202111181127/tools/bin/../lib/gcc/arm-none-eabi/10.3.1/../../../../arm-none-eabi/lib/thumb/v6-m/nofp/libnosys.a
END GROUP
START GROUP
LOAD /Applications/STM32CubeIDE.app/Contents/Eclipse/plugins/com.st.stm32cube.ide.mcu.externaltools.gnu-tools-for-stm32.10.3-2021.10.macos64_1.0.0.202111181127/tools/bin/../lib/gcc/arm-none-eabi/10.3.1/thumb/v6-m/nofp/libgcc.a
LOAD /Applications/STM32CubeIDE.app/Contents/Eclipse/plugins/com.st.stm32cube.ide.mcu.externaltools.gnu-tools-for-stm32.10.3-2021.10.macos64_1.0.0.202111181127/tools/bin/../lib/gcc/arm-none-eabi/10.3.1/../../../../arm-none-eabi/lib/thumb/v6-m/nofp/libc_nano.a
LOAD /Applications/STM32CubeIDE.app/Contents/Eclipse/plugins/com.st.stm32cube.ide.mcu.externaltools.gnu-tools-for-stm32.10.3-2021.10.macos64_1.0.0.202111181127/tools/bin/../lib/gcc/arm-none-eabi/10.3.1/../../../../arm-none-eabi/lib/thumb/v6-m/nofp/libnosys.a
END GROUP
LOAD /Applications/STM32CubeIDE.app/Contents/Eclipse/plugins/com.st.stm32cube.ide.mcu.externaltools.gnu-tools-for-stm32.10.3-2021.10.macos64_1.0.0.202111181127/tools/bin/../lib/gcc/arm-none-eabi/10.3.1/thumb/v6-m/nofp/crtend.o
LOAD /Applications/STM32CubeIDE.app/Contents/Eclipse/plugins/com.st.stm32cube.ide.mcu.externaltools.gnu-tools-for-stm32.10.3-2021.10.macos64_1.0.0.202111181127/tools/bin/../lib/gcc/arm-none-eabi/10.3.1/thumb/v6-m/nofp/crtn.o
                0x0000000020002000                _estack = (ORIGIN (RAM) + LENGTH (RAM))
                0x0000000000000200                _Min_Heap_Size = 0x200
                0x0000000000000400                _Min_Stack_Size = 0x400

.isr_vector     0x0000000008000000       0xb8
                0x0000000008000000                . = ALIGN (0x4)
 *(.isr_vector)
 .isr_vector    0x0000000008000000       0xb8 ./Core/Startup/startup_stm32g030k6tx.o
                0x0000000008000000                g_pfnVectors
                0x00000000080000b8                . = ALIGN (0x4)

.text           0x00000000080000b8     0x676c
                0x00000000080000b8                . = ALIGN (0x4)
 *(.text)
 .text          0x00000000080000b8       0x48 /Applications/STM32CubeIDE.app/Contents/Eclipse/plugins/com.st.stm32cube.ide.mcu.externaltools.gnu-tools-for-stm32.10.3-2021.10.macos64_1.0.0.202111181127/tools/bin/../lib/gcc/arm-none-eabi/10.3.1/thumb/v6-m/nofp/crtbegin.o
 .text          0x0000000008000100        0xe /Applications/STM32CubeIDE.app/Contents/Eclipse/plugins/com.st.stm32cube.ide.mcu.externaltools.gnu-tools-for-stm32.10.3-2021.10.macos64_1.0.0.202111181127/tools/bin/../lib/gcc/arm-none-eabi/10.3.1/../../../../arm-none-eabi/lib/thumb/v6-m/nofp/libc_nano.a(lib_a-strlen.o)
                0x0000000008000100                strlen
 *fill*         0x000000000800010e        0x2 
 .text          0x0000000008000110       0x14 /Applications/STM32CubeIDE.app/Contents/Eclipse/plugins/com.st.stm32cube.ide.mcu.externaltools.gnu-tools-for-stm32.10.3-2021.10.macos64_1.0.0.202111181127/tools/bin/../lib/gcc/arm-none-eabi/10.3.1/thumb/v6-m/nofp/libgcc.a(_thumb1_case_shi.o)
                0x0000000008000110                __gnu_thumb1_case_shi
 .text          0x0000000008000124      0x114 /Applications/STM32CubeIDE.app/Contents/Eclipse/plugins/com.st.stm32cube.ide.mcu.externaltools.gnu-tools-for-stm32.10.3-2021.10.macos64_1.0.0.202111181127/tools/bin/../lib/gcc/arm-none-eabi/10.3.1/thumb/v6-m/nofp/libgcc.a(_udivsi3.o)
                0x0000000008000124                __udivsi3
                0x0000000008000124                __aeabi_uidiv
                0x0000000008000230                __aeabi_uidivmod
 .text          0x0000000008000238      0x1d4 /Applications/STM32CubeIDE.app/Contents/Eclipse/plugins/com.st.stm32cube.ide.mcu.externaltools.gnu-tools-for-stm32.10.3-2021.10.macos64_1.0.0.202111181127/tools/bin/../lib/gcc/arm-none-eabi/10.3.1/thumb/v6-m/nofp/libgcc.a(_divsi3.o)
                0x0000000008000238                __aeabi_idiv
                0x0000000008000238                __divsi3
                0x0000000008000404                __aeabi_idivmod
 .text          0x000000000800040c        0x4 /Applications/STM32CubeIDE.app/Contents/Eclipse/plugins/com.st.stm32cube.ide.mcu.externaltools.gnu-tools-for-stm32.10.3-2021.10.macos64_1.0.0.202111181127/tools/bin/../lib/gcc/arm-none-eabi/10.3.1/thumb/v6-m/nofp/libgcc.a(_dvmd_tls.o)
                0x000000000800040c                __aeabi_ldiv0
                0x000000000800040c                __aeabi_idiv0
 .text          0x0000000008000410       0x74 /Applications/STM32CubeIDE.app/Contents/Eclipse/plugins/com.st.stm32cube.ide.mcu.externaltools.gnu-tools-for-stm32.10.3-2021.10.macos64_1.0.0.202111181127/tools/bin/../lib/gcc/arm-none-eabi/10.3.1/thumb/v6-m/nofp/libgcc.a(_arm_cmpsf2.o)
                0x0000000008000410                __aeabi_cfrcmple
                0x0000000008000418                __aeabi_cfcmple
                0x0000000008000418                __aeabi_cfcmpeq
                0x0000000008000428                __aeabi_fcmpeq
                0x0000000008000434                __aeabi_fcmplt
                0x0000000008000448                __aeabi_fcmple
                0x000000000800045c                __aeabi_fcmpgt
                0x0000000008000470                __aeabi_fcmpge
 .text          0x0000000008000484       0x30 /Applications/STM32CubeIDE.app/Contents/Eclipse/plugins/com.st.stm32cube.ide.mcu.externaltools.gnu-tools-for-stm32.10.3-2021.10.macos64_1.0.0.202111181127/tools/bin/../lib/gcc/arm-none-eabi/10.3.1/thumb/v6-m/nofp/libgcc.a(_fixunssfsi.o)
                0x0000000008000484                __aeabi_f2uiz
                0x0000000008000484                __fixunssfsi
 .text          0x00000000080004b4      0x33c /Applications/STM32CubeIDE.app/Contents/Eclipse/plugins/com.st.stm32cube.ide.mcu.externaltools.gnu-tools-for-stm32.10.3-2021.10.macos64_1.0.0.202111181127/tools/bin/../lib/gcc/arm-none-eabi/10.3.1/thumb/v6-m/nofp/libgcc.a(addsf3.o)
                0x00000000080004b4                __aeabi_fadd
 .text          0x00000000080007f0      0x230 /Applications/STM32CubeIDE.app/Contents/Eclipse/plugins/com.st.stm32cube.ide.mcu.externaltools.gnu-tools-for-stm32.10.3-2021.10.macos64_1.0.0.202111181127/tools/bin/../lib/gcc/arm-none-eabi/10.3.1/thumb/v6-m/nofp/libgcc.a(divsf3.o)
                0x00000000080007f0                __aeabi_fdiv
 .text          0x0000000008000a20       0x4c /Applications/STM32CubeIDE.app/Contents/Eclipse/plugins/com.st.stm32cube.ide.mcu.externaltools.gnu-tools-for-stm32.10.3-2021.10.macos64_1.0.0.202111181127/tools/bin/../lib/gcc/arm-none-eabi/10.3.1/thumb/v6-m/nofp/libgcc.a(eqsf2.o)
                0x0000000008000a20                __nesf2
                0x0000000008000a20                __eqsf2
 .text          0x0000000008000a6c       0x8c /Applications/STM32CubeIDE.app/Contents/Eclipse/plugins/com.st.stm32cube.ide.mcu.externaltools.gnu-tools-for-stm32.10.3-2021.10.macos64_1.0.0.202111181127/tools/bin/../lib/gcc/arm-none-eabi/10.3.1/thumb/v6-m/nofp/libgcc.a(gesf2.o)
                0x0000000008000a6c                __gtsf2
                0x0000000008000a6c                __gesf2
 .text          0x0000000008000af8       0x88 /Applications/STM32CubeIDE.app/Contents/Eclipse/plugins/com.st.stm32cube.ide.mcu.externaltools.gnu-tools-for-stm32.10.3-2021.10.macos64_1.0.0.202111181127/tools/bin/../lib/gcc/arm-none-eabi/10.3.1/thumb/v6-m/nofp/libgcc.a(lesf2.o)
                0x0000000008000af8                __lesf2
                0x0000000008000af8                __ltsf2
 .text          0x0000000008000b80      0x24c /Applications/STM32CubeIDE.app/Contents/Eclipse/plugins/com.st.stm32cube.ide.mcu.externaltools.gnu-tools-for-stm32.10.3-2021.10.macos64_1.0.0.202111181127/tools/bin/../lib/gcc/arm-none-eabi/10.3.1/thumb/v6-m/nofp/libgcc.a(mulsf3.o)
                0x0000000008000b80                __aeabi_fmul
 .text          0x0000000008000dcc      0x35c /Applications/STM32CubeIDE.app/Contents/Eclipse/plugins/com.st.stm32cube.ide.mcu.externaltools.gnu-tools-for-stm32.10.3-2021.10.macos64_1.0.0.202111181127/tools/bin/../lib/gcc/arm-none-eabi/10.3.1/thumb/v6-m/nofp/libgcc.a(subsf3.o)
                0x0000000008000dcc                __aeabi_fsub
 .text          0x0000000008001128       0x2c /Applications/STM32CubeIDE.app/Contents/Eclipse/plugins/com.st.stm32cube.ide.mcu.externaltools.gnu-tools-for-stm32.10.3-2021.10.macos64_1.0.0.202111181127/tools/bin/../lib/gcc/arm-none-eabi/10.3.1/thumb/v6-m/nofp/libgcc.a(unordsf2.o)
                0x0000000008001128                __aeabi_fcmpun
 .text          0x0000000008001154       0x40 /Applications/STM32CubeIDE.app/Contents/Eclipse/plugins/com.st.stm32cube.ide.mcu.externaltools.gnu-tools-for-stm32.10.3-2021.10.macos64_1.0.0.202111181127/tools/bin/../lib/gcc/arm-none-eabi/10.3.1/thumb/v6-m/nofp/libgcc.a(fixsfsi.o)
                0x0000000008001154                __aeabi_f2iz
 .text          0x0000000008001194       0x9c /Applications/STM32CubeIDE.app/Contents/Eclipse/plugins/com.st.stm32cube.ide.mcu.externaltools.gnu-tools-for-stm32.10.3-2021.10.macos64_1.0.0.202111181127/tools/bin/../lib/gcc/arm-none-eabi/10.3.1/thumb/v6-m/nofp/libgcc.a(floatsisf.o)
                0x0000000008001194                __aeabi_i2f
 .text          0x0000000008001230       0x84 /Applications/STM32CubeIDE.app/Contents/Eclipse/plugins/com.st.stm32cube.ide.mcu.externaltools.gnu-tools-for-stm32.10.3-2021.10.macos64_1.0.0.202111181127/tools/bin/../lib/gcc/arm-none-eabi/10.3.1/thumb/v6-m/nofp/libgcc.a(floatunsisf.o)
                0x0000000008001230                __aeabi_ui2f
 .text          0x00000000080012b4       0x3c /Applications/STM32CubeIDE.app/Contents/Eclipse/plugins/com.st.stm32cube.ide.mcu.externaltools.gnu-tools-for-stm32.10.3-2021.10.macos64_1.0.0.202111181127/tools/bin/../lib/gcc/arm-none-eabi/10.3.1/thumb/v6-m/nofp/libgcc.a(_clzsi2.o)
                0x00000000080012b4                __clzsi2
 *(.text*)
 .text.ad8363_get_dbm
                0x00000000080012f0       0xa8 ./Core/Src/ad8363.o
                0x00000000080012f0                ad8363_get_dbm
 .text.bda4601_set_att
                0x0000000008001398      0x108 ./Core/Src/bda4601.o
                0x0000000008001398                bda4601_set_att
 .text.bda4601_set_initial_att
                0x00000000080014a0       0x96 ./Core/Src/bda4601.o
                0x00000000080014a0                bda4601_set_initial_att
 .text.eeprom_1byte_read
                0x0000000008001536       0x34 ./Core/Src/eeprom.o
                0x0000000008001536                eeprom_1byte_read
 .text.eeprom_1byte_write
                0x000000000800156a       0x56 ./Core/Src/eeprom.o
                0x000000000800156a                eeprom_1byte_write
 .text.eeprom_write
                0x00000000080015c0       0x6a ./Core/Src/eeprom.o
                0x00000000080015c0                eeprom_write
 .text.eeprom_read
                0x000000000800162a       0x56 ./Core/Src/eeprom.o
                0x000000000800162a                eeprom_read
 .text.i2c1_init
                0x0000000008001680      0x190 ./Core/Src/i2c1.o
                0x0000000008001680                i2c1_init
 .text.i2c1_byteReceive
                0x0000000008001810       0xbc ./Core/Src/i2c1.o
                0x0000000008001810                i2c1_byteReceive
 .text.i2c1_buffReceive
                0x00000000080018cc       0xbc ./Core/Src/i2c1.o
                0x00000000080018cc                i2c1_buffReceive
 .text.i2c1_byteTransmit
                0x0000000008001988       0xa0 ./Core/Src/i2c1.o
                0x0000000008001988                i2c1_byteTransmit
 .text.i2c1_start
                0x0000000008001a28       0xb4 ./Core/Src/i2c1.o
                0x0000000008001a28                i2c1_start
 .text.led_init
                0x0000000008001adc       0xec ./Core/Src/led.o
                0x0000000008001adc                led_init
 .text.led_enable_kalive
                0x0000000008001bc8       0x58 ./Core/Src/led.o
                0x0000000008001bc8                led_enable_kalive
 .text.lm75_init
                0x0000000008001c20       0x26 ./Core/Src/lm75.o
                0x0000000008001c20                lm75_init
 .text.lm75_read
                0x0000000008001c46       0x54 ./Core/Src/lm75.o
                0x0000000008001c46                lm75_read
 *fill*         0x0000000008001c9a        0x2 
 .text.main     0x0000000008001c9c      0x6ec ./Core/Src/main.o
                0x0000000008001c9c                main
 .text.SystemClock_Config
                0x0000000008002388       0xba ./Core/Src/main.o
                0x0000000008002388                SystemClock_Config
 *fill*         0x0000000008002442        0x2 
 .text.MX_ADC1_Init
                0x0000000008002444      0x1b0 ./Core/Src/main.o
 .text.MX_DMA_Init
                0x00000000080025f4       0x3c ./Core/Src/main.o
 .text.get_db_gain
                0x0000000008002630      0x2e4 ./Core/Src/main.o
                0x0000000008002630                get_db_gain
 .text.HAL_ADC_ConvCpltCallback
                0x0000000008002914       0xf8 ./Core/Src/main.o
                0x0000000008002914                HAL_ADC_ConvCpltCallback
 .text.USART1_IRQHandler
                0x0000000008002a0c       0x18 ./Core/Src/main.o
                0x0000000008002a0c                USART1_IRQHandler
 .text.Error_Handler
                0x0000000008002a24        0xa ./Core/Src/main.o
                0x0000000008002a24                Error_Handler
 *fill*         0x0000000008002a2e        0x2 
 .text.max4003_get_dbm
                0x0000000008002a30       0xa8 ./Core/Src/max4003.o
                0x0000000008002a30                max4003_get_dbm
 .text.module_init
                0x0000000008002ad8       0x54 ./Core/Src/module.o
                0x0000000008002ad8                module_init
 .text.module_vswr_calc
                0x0000000008002b2c       0x80 ./Core/Src/module.o
                0x0000000008002b2c                module_vswr_calc
 .text.rs485_check_frame
                0x0000000008002bac       0x74 ./Core/Src/rs485.o
                0x0000000008002bac                rs485_check_frame
 .text.rs485_set_query_frame
                0x0000000008002c20      0x2dc ./Core/Src/rs485.o
                0x0000000008002c20                rs485_set_query_frame
 .text.HAL_MspInit
                0x0000000008002efc       0x48 ./Core/Src/stm32g0xx_hal_msp.o
                0x0000000008002efc                HAL_MspInit
 .text.HAL_ADC_MspInit
                0x0000000008002f44      0x150 ./Core/Src/stm32g0xx_hal_msp.o
                0x0000000008002f44                HAL_ADC_MspInit
 .text.NMI_Handler
                0x0000000008003094        0x6 ./Core/Src/stm32g0xx_it.o
                0x0000000008003094                NMI_Handler
 .text.HardFault_Handler
                0x000000000800309a        0x6 ./Core/Src/stm32g0xx_it.o
                0x000000000800309a                HardFault_Handler
 .text.SVC_Handler
                0x00000000080030a0        0xa ./Core/Src/stm32g0xx_it.o
                0x00000000080030a0                SVC_Handler
 .text.PendSV_Handler
                0x00000000080030aa        0xa ./Core/Src/stm32g0xx_it.o
                0x00000000080030aa                PendSV_Handler
 .text.SysTick_Handler
                0x00000000080030b4        0xe ./Core/Src/stm32g0xx_it.o
                0x00000000080030b4                SysTick_Handler
 *fill*         0x00000000080030c2        0x2 
 .text.DMA1_Channel1_IRQHandler
                0x00000000080030c4       0x18 ./Core/Src/stm32g0xx_it.o
                0x00000000080030c4                DMA1_Channel1_IRQHandler
 .text._sbrk    0x00000000080030dc       0x6c ./Core/Src/sysmem.o
                0x00000000080030dc                _sbrk
 .text.SystemInit
                0x0000000008003148        0xa ./Core/Src/system_stm32g0xx.o
                0x0000000008003148                SystemInit
 *fill*         0x0000000008003152        0x2 
 .text.__NVIC_EnableIRQ
                0x0000000008003154       0x34 ./Core/Src/uart1.o
 .text.uart1_gpio_init
                0x0000000008003188      0x190 ./Core/Src/uart1.o
                0x0000000008003188                uart1_gpio_init
 .text.uart1_init
                0x0000000008003318       0xcc ./Core/Src/uart1.o
                0x0000000008003318                uart1_init
 .text.uart1_write
                0x00000000080033e4       0x60 ./Core/Src/uart1.o
                0x00000000080033e4                uart1_write
 .text.uart1_1byte_read
                0x0000000008003444       0x60 ./Core/Src/uart1.o
                0x0000000008003444                uart1_1byte_read
 .text.uart1_read_to_frame
                0x00000000080034a4       0x40 ./Core/Src/uart1.o
                0x00000000080034a4                uart1_read_to_frame
 .text.uart1_send_str
                0x00000000080034e4       0x48 ./Core/Src/uart1.o
                0x00000000080034e4                uart1_send_str
 .text.uart1_send_frame
                0x000000000800352c       0x42 ./Core/Src/uart1.o
                0x000000000800352c                uart1_send_frame
 .text.uart1_clean_buffer
                0x000000000800356e       0x48 ./Core/Src/uart1.o
                0x000000000800356e                uart1_clean_buffer
 *fill*         0x00000000080035b6        0x2 
 .text.crc_get  0x00000000080035b8       0xc4 ./Core/Src/utils.o
                0x00000000080035b8                crc_get
 .text.Reset_Handler
                0x000000000800367c       0x50 ./Core/Startup/startup_stm32g030k6tx.o
                0x000000000800367c                Reset_Handler
 .text.Default_Handler
                0x00000000080036cc        0x2 ./Core/Startup/startup_stm32g030k6tx.o
                0x00000000080036cc                TIM1_BRK_UP_TRG_COM_IRQHandler
                0x00000000080036cc                I2C1_IRQHandler
                0x00000000080036cc                RTC_TAMP_IRQHandler
                0x00000000080036cc                SPI1_IRQHandler
                0x00000000080036cc                DMA1_Ch4_5_DMAMUX1_OVR_IRQHandler
                0x00000000080036cc                EXTI2_3_IRQHandler
                0x00000000080036cc                ADC1_IRQHandler
                0x00000000080036cc                I2C2_IRQHandler
                0x00000000080036cc                TIM17_IRQHandler
                0x00000000080036cc                TIM16_IRQHandler
                0x00000000080036cc                TIM3_IRQHandler
                0x00000000080036cc                EXTI4_15_IRQHandler
                0x00000000080036cc                RCC_IRQHandler
                0x00000000080036cc                Default_Handler
                0x00000000080036cc                TIM14_IRQHandler
                0x00000000080036cc                EXTI0_1_IRQHandler
                0x00000000080036cc                SPI2_IRQHandler
                0x00000000080036cc                WWDG_IRQHandler
                0x00000000080036cc                DMA1_Channel2_3_IRQHandler
                0x00000000080036cc                USART2_IRQHandler
                0x00000000080036cc                FLASH_IRQHandler
                0x00000000080036cc                TIM1_CC_IRQHandler
 *fill*         0x00000000080036ce        0x2 
 .text.HAL_Init
                0x00000000080036d0       0x40 ./Drivers/STM32G0xx_HAL_Driver/Src/stm32g0xx_hal.o
                0x00000000080036d0                HAL_Init
 .text.HAL_InitTick
                0x0000000008003710       0x94 ./Drivers/STM32G0xx_HAL_Driver/Src/stm32g0xx_hal.o
                0x0000000008003710                HAL_InitTick
 .text.HAL_IncTick
                0x00000000080037a4       0x24 ./Drivers/STM32G0xx_HAL_Driver/Src/stm32g0xx_hal.o
                0x00000000080037a4                HAL_IncTick
 .text.HAL_GetTick
                0x00000000080037c8       0x14 ./Drivers/STM32G0xx_HAL_Driver/Src/stm32g0xx_hal.o
                0x00000000080037c8                HAL_GetTick
 .text.HAL_Delay
                0x00000000080037dc       0x48 ./Drivers/STM32G0xx_HAL_Driver/Src/stm32g0xx_hal.o
                0x00000000080037dc                HAL_Delay
 .text.LL_ADC_SetCommonPathInternalCh
                0x0000000008003824       0x28 ./Drivers/STM32G0xx_HAL_Driver/Src/stm32g0xx_hal_adc.o
 .text.LL_ADC_GetCommonPathInternalCh
                0x000000000800384c       0x1a ./Drivers/STM32G0xx_HAL_Driver/Src/stm32g0xx_hal_adc.o
 .text.LL_ADC_SetSamplingTimeCommonChannels
                0x0000000008003866       0x3a ./Drivers/STM32G0xx_HAL_Driver/Src/stm32g0xx_hal_adc.o
 .text.LL_ADC_GetSamplingTimeCommonChannels
                0x00000000080038a0       0x2e ./Drivers/STM32G0xx_HAL_Driver/Src/stm32g0xx_hal_adc.o
 .text.LL_ADC_REG_IsTriggerSourceSWStart
                0x00000000080038ce       0x22 ./Drivers/STM32G0xx_HAL_Driver/Src/stm32g0xx_hal_adc.o
 .text.LL_ADC_REG_SetSequencerRanks
                0x00000000080038f0       0x40 ./Drivers/STM32G0xx_HAL_Driver/Src/stm32g0xx_hal_adc.o
 .text.LL_ADC_REG_SetSequencerChAdd
                0x0000000008003930       0x22 ./Drivers/STM32G0xx_HAL_Driver/Src/stm32g0xx_hal_adc.o
 .text.LL_ADC_REG_SetSequencerChRem
                0x0000000008003952       0x24 ./Drivers/STM32G0xx_HAL_Driver/Src/stm32g0xx_hal_adc.o
 *fill*         0x0000000008003976        0x2 
 .text.LL_ADC_SetChannelSamplingTime
                0x0000000008003978       0x38 ./Drivers/STM32G0xx_HAL_Driver/Src/stm32g0xx_hal_adc.o
 .text.LL_ADC_EnableInternalRegulator
                0x00000000080039b0       0x28 ./Drivers/STM32G0xx_HAL_Driver/Src/stm32g0xx_hal_adc.o
 .text.LL_ADC_IsInternalRegulatorEnabled
                0x00000000080039d8       0x28 ./Drivers/STM32G0xx_HAL_Driver/Src/stm32g0xx_hal_adc.o
 .text.LL_ADC_Enable
                0x0000000008003a00       0x24 ./Drivers/STM32G0xx_HAL_Driver/Src/stm32g0xx_hal_adc.o
 .text.LL_ADC_Disable
                0x0000000008003a24       0x24 ./Drivers/STM32G0xx_HAL_Driver/Src/stm32g0xx_hal_adc.o
 .text.LL_ADC_IsEnabled
                0x0000000008003a48       0x22 ./Drivers/STM32G0xx_HAL_Driver/Src/stm32g0xx_hal_adc.o
 .text.LL_ADC_IsDisableOngoing
                0x0000000008003a6a       0x22 ./Drivers/STM32G0xx_HAL_Driver/Src/stm32g0xx_hal_adc.o
 .text.LL_ADC_REG_StartConversion
                0x0000000008003a8c       0x24 ./Drivers/STM32G0xx_HAL_Driver/Src/stm32g0xx_hal_adc.o
 .text.LL_ADC_REG_IsConversionOngoing
                0x0000000008003ab0       0x22 ./Drivers/STM32G0xx_HAL_Driver/Src/stm32g0xx_hal_adc.o
 *fill*         0x0000000008003ad2        0x2 
 .text.HAL_ADC_Init
                0x0000000008003ad4      0x350 ./Drivers/STM32G0xx_HAL_Driver/Src/stm32g0xx_hal_adc.o
                0x0000000008003ad4                HAL_ADC_Init
 .text.HAL_ADC_Start_DMA
                0x0000000008003e24      0x11c ./Drivers/STM32G0xx_HAL_Driver/Src/stm32g0xx_hal_adc.o
                0x0000000008003e24                HAL_ADC_Start_DMA
 .text.HAL_ADC_ConvHalfCpltCallback
                0x0000000008003f40       0x10 ./Drivers/STM32G0xx_HAL_Driver/Src/stm32g0xx_hal_adc.o
                0x0000000008003f40                HAL_ADC_ConvHalfCpltCallback
 .text.HAL_ADC_ErrorCallback
                0x0000000008003f50       0x10 ./Drivers/STM32G0xx_HAL_Driver/Src/stm32g0xx_hal_adc.o
                0x0000000008003f50                HAL_ADC_ErrorCallback
 .text.HAL_ADC_ConfigChannel
                0x0000000008003f60      0x3b0 ./Drivers/STM32G0xx_HAL_Driver/Src/stm32g0xx_hal_adc.o
                0x0000000008003f60                HAL_ADC_ConfigChannel
 .text.ADC_Enable
                0x0000000008004310      0x10c ./Drivers/STM32G0xx_HAL_Driver/Src/stm32g0xx_hal_adc.o
                0x0000000008004310                ADC_Enable
 .text.ADC_Disable
                0x000000000800441c       0xbc ./Drivers/STM32G0xx_HAL_Driver/Src/stm32g0xx_hal_adc.o
                0x000000000800441c                ADC_Disable
 .text.ADC_DMAConvCplt
                0x00000000080044d8       0xc8 ./Drivers/STM32G0xx_HAL_Driver/Src/stm32g0xx_hal_adc.o
 .text.ADC_DMAHalfConvCplt
                0x00000000080045a0       0x1e ./Drivers/STM32G0xx_HAL_Driver/Src/stm32g0xx_hal_adc.o
 .text.ADC_DMAError
                0x00000000080045be       0x36 ./Drivers/STM32G0xx_HAL_Driver/Src/stm32g0xx_hal_adc.o
 .text.LL_ADC_SetCalibrationFactor
                0x00000000080045f4       0x28 ./Drivers/STM32G0xx_HAL_Driver/Src/stm32g0xx_hal_adc_ex.o
 .text.LL_ADC_GetCalibrationFactor
                0x000000000800461c       0x1a ./Drivers/STM32G0xx_HAL_Driver/Src/stm32g0xx_hal_adc_ex.o
 *fill*         0x0000000008004636        0x2 
 .text.LL_ADC_Enable
                0x0000000008004638       0x24 ./Drivers/STM32G0xx_HAL_Driver/Src/stm32g0xx_hal_adc_ex.o
 .text.LL_ADC_Disable
                0x000000000800465c       0x24 ./Drivers/STM32G0xx_HAL_Driver/Src/stm32g0xx_hal_adc_ex.o
 .text.LL_ADC_IsEnabled
                0x0000000008004680       0x22 ./Drivers/STM32G0xx_HAL_Driver/Src/stm32g0xx_hal_adc_ex.o
 *fill*         0x00000000080046a2        0x2 
 .text.LL_ADC_StartCalibration
                0x00000000080046a4       0x28 ./Drivers/STM32G0xx_HAL_Driver/Src/stm32g0xx_hal_adc_ex.o
 .text.LL_ADC_IsCalibrationOnGoing
                0x00000000080046cc       0x26 ./Drivers/STM32G0xx_HAL_Driver/Src/stm32g0xx_hal_adc_ex.o
 *fill*         0x00000000080046f2        0x2 
 .text.HAL_ADCEx_Calibration_Start
                0x00000000080046f4      0x1ac ./Drivers/STM32G0xx_HAL_Driver/Src/stm32g0xx_hal_adc_ex.o
                0x00000000080046f4                HAL_ADCEx_Calibration_Start
 .text.__NVIC_EnableIRQ
                0x00000000080048a0       0x34 ./Drivers/STM32G0xx_HAL_Driver/Src/stm32g0xx_hal_cortex.o
 .text.__NVIC_SetPriority
                0x00000000080048d4       0xdc ./Drivers/STM32G0xx_HAL_Driver/Src/stm32g0xx_hal_cortex.o
 .text.SysTick_Config
                0x00000000080049b0       0x48 ./Drivers/STM32G0xx_HAL_Driver/Src/stm32g0xx_hal_cortex.o
 .text.HAL_NVIC_SetPriority
                0x00000000080049f8       0x2a ./Drivers/STM32G0xx_HAL_Driver/Src/stm32g0xx_hal_cortex.o
                0x00000000080049f8                HAL_NVIC_SetPriority
 .text.HAL_NVIC_EnableIRQ
                0x0000000008004a22       0x20 ./Drivers/STM32G0xx_HAL_Driver/Src/stm32g0xx_hal_cortex.o
                0x0000000008004a22                HAL_NVIC_EnableIRQ
 .text.HAL_SYSTICK_Config
                0x0000000008004a42       0x1a ./Drivers/STM32G0xx_HAL_Driver/Src/stm32g0xx_hal_cortex.o
                0x0000000008004a42                HAL_SYSTICK_Config
 .text.HAL_DMA_Init
                0x0000000008004a5c      0x114 ./Drivers/STM32G0xx_HAL_Driver/Src/stm32g0xx_hal_dma.o
                0x0000000008004a5c                HAL_DMA_Init
 .text.HAL_DMA_Start_IT
                0x0000000008004b70      0x10c ./Drivers/STM32G0xx_HAL_Driver/Src/stm32g0xx_hal_dma.o
                0x0000000008004b70                HAL_DMA_Start_IT
 .text.HAL_DMA_IRQHandler
                0x0000000008004c7c      0x164 ./Drivers/STM32G0xx_HAL_Driver/Src/stm32g0xx_hal_dma.o
                0x0000000008004c7c                HAL_DMA_IRQHandler
 .text.DMA_SetConfig
                0x0000000008004de0       0x80 ./Drivers/STM32G0xx_HAL_Driver/Src/stm32g0xx_hal_dma.o
 .text.DMA_CalcDMAMUXChannelBaseAndMask
                0x0000000008004e60       0x58 ./Drivers/STM32G0xx_HAL_Driver/Src/stm32g0xx_hal_dma.o
 .text.DMA_CalcDMAMUXRequestGenBaseAndMask
                0x0000000008004eb8       0x48 ./Drivers/STM32G0xx_HAL_Driver/Src/stm32g0xx_hal_dma.o
 .text.HAL_GPIO_Init
                0x0000000008004f00      0x2c8 ./Drivers/STM32G0xx_HAL_Driver/Src/stm32g0xx_hal_gpio.o
                0x0000000008004f00                HAL_GPIO_Init
 .text.HAL_PWREx_ControlVoltageScaling
                0x00000000080051c8       0x80 ./Drivers/STM32G0xx_HAL_Driver/Src/stm32g0xx_hal_pwr_ex.o
                0x00000000080051c8                HAL_PWREx_ControlVoltageScaling
 .text.HAL_RCC_OscConfig
                0x0000000008005248      0x620 ./Drivers/STM32G0xx_HAL_Driver/Src/stm32g0xx_hal_rcc.o
                0x0000000008005248                HAL_RCC_OscConfig
 .text.HAL_RCC_ClockConfig
                0x0000000008005868      0x210 ./Drivers/STM32G0xx_HAL_Driver/Src/stm32g0xx_hal_rcc.o
                0x0000000008005868                HAL_RCC_ClockConfig
 .text.HAL_RCC_GetSysClockFreq
                0x0000000008005a78      0x104 ./Drivers/STM32G0xx_HAL_Driver/Src/stm32g0xx_hal_rcc.o
                0x0000000008005a78                HAL_RCC_GetSysClockFreq
 .text.HAL_RCCEx_PeriphCLKConfig
                0x0000000008005b7c      0x24c ./Drivers/STM32G0xx_HAL_Driver/Src/stm32g0xx_hal_rcc_ex.o
                0x0000000008005b7c                HAL_RCCEx_PeriphCLKConfig
 .text.__errno  0x0000000008005dc8        0xc /Applications/STM32CubeIDE.app/Contents/Eclipse/plugins/com.st.stm32cube.ide.mcu.externaltools.gnu-tools-for-stm32.10.3-2021.10.macos64_1.0.0.202111181127/tools/bin/../lib/gcc/arm-none-eabi/10.3.1/../../../../arm-none-eabi/lib/thumb/v6-m/nofp/libc_nano.a(lib_a-errno.o)
                0x0000000008005dc8                __errno
 .text.__libc_init_array
                0x0000000008005dd4       0x48 /Applications/STM32CubeIDE.app/Contents/Eclipse/plugins/com.st.stm32cube.ide.mcu.externaltools.gnu-tools-for-stm32.10.3-2021.10.macos64_1.0.0.202111181127/tools/bin/../lib/gcc/arm-none-eabi/10.3.1/../../../../arm-none-eabi/lib/thumb/v6-m/nofp/libc_nano.a(lib_a-init.o)
                0x0000000008005dd4                __libc_init_array
 .text.malloc   0x0000000008005e1c       0x14 /Applications/STM32CubeIDE.app/Contents/Eclipse/plugins/com.st.stm32cube.ide.mcu.externaltools.gnu-tools-for-stm32.10.3-2021.10.macos64_1.0.0.202111181127/tools/bin/../lib/gcc/arm-none-eabi/10.3.1/../../../../arm-none-eabi/lib/thumb/v6-m/nofp/libc_nano.a(lib_a-malloc.o)
                0x0000000008005e1c                malloc
 .text.free     0x0000000008005e30       0x14 /Applications/STM32CubeIDE.app/Contents/Eclipse/plugins/com.st.stm32cube.ide.mcu.externaltools.gnu-tools-for-stm32.10.3-2021.10.macos64_1.0.0.202111181127/tools/bin/../lib/gcc/arm-none-eabi/10.3.1/../../../../arm-none-eabi/lib/thumb/v6-m/nofp/libc_nano.a(lib_a-malloc.o)
                0x0000000008005e30                free
 .text.memset   0x0000000008005e44       0x10 /Applications/STM32CubeIDE.app/Contents/Eclipse/plugins/com.st.stm32cube.ide.mcu.externaltools.gnu-tools-for-stm32.10.3-2021.10.macos64_1.0.0.202111181127/tools/bin/../lib/gcc/arm-none-eabi/10.3.1/../../../../arm-none-eabi/lib/thumb/v6-m/nofp/libc_nano.a(lib_a-memset.o)
                0x0000000008005e44                memset
 .text._free_r  0x0000000008005e54       0x94 /Applications/STM32CubeIDE.app/Contents/Eclipse/plugins/com.st.stm32cube.ide.mcu.externaltools.gnu-tools-for-stm32.10.3-2021.10.macos64_1.0.0.202111181127/tools/bin/../lib/gcc/arm-none-eabi/10.3.1/../../../../arm-none-eabi/lib/thumb/v6-m/nofp/libc_nano.a(lib_a-nano-freer.o)
                0x0000000008005e54                _free_r
 .text.sbrk_aligned
                0x0000000008005ee8       0x44 /Applications/STM32CubeIDE.app/Contents/Eclipse/plugins/com.st.stm32cube.ide.mcu.externaltools.gnu-tools-for-stm32.10.3-2021.10.macos64_1.0.0.202111181127/tools/bin/../lib/gcc/arm-none-eabi/10.3.1/../../../../arm-none-eabi/lib/thumb/v6-m/nofp/libc_nano.a(lib_a-nano-mallocr.o)
 .text._malloc_r
                0x0000000008005f2c       0xec /Applications/STM32CubeIDE.app/Contents/Eclipse/plugins/com.st.stm32cube.ide.mcu.externaltools.gnu-tools-for-stm32.10.3-2021.10.macos64_1.0.0.202111181127/tools/bin/../lib/gcc/arm-none-eabi/10.3.1/../../../../arm-none-eabi/lib/thumb/v6-m/nofp/libc_nano.a(lib_a-nano-mallocr.o)
                0x0000000008005f2c                _malloc_r
 .text._sbrk_r  0x0000000008006018       0x24 /Applications/STM32CubeIDE.app/Contents/Eclipse/plugins/com.st.stm32cube.ide.mcu.externaltools.gnu-tools-for-stm32.10.3-2021.10.macos64_1.0.0.202111181127/tools/bin/../lib/gcc/arm-none-eabi/10.3.1/../../../../arm-none-eabi/lib/thumb/v6-m/nofp/libc_nano.a(lib_a-sbrkr.o)
                0x0000000008006018                _sbrk_r
 .text.sprintf  0x000000000800603c       0x40 /Applications/STM32CubeIDE.app/Contents/Eclipse/plugins/com.st.stm32cube.ide.mcu.externaltools.gnu-tools-for-stm32.10.3-2021.10.macos64_1.0.0.202111181127/tools/bin/../lib/gcc/arm-none-eabi/10.3.1/../../../../arm-none-eabi/lib/thumb/v6-m/nofp/libc_nano.a(lib_a-sprintf.o)
                0x000000000800603c                sprintf
                0x000000000800603c                siprintf
 .text.__malloc_lock
                0x000000000800607c       0x10 /Applications/STM32CubeIDE.app/Contents/Eclipse/plugins/com.st.stm32cube.ide.mcu.externaltools.gnu-tools-for-stm32.10.3-2021.10.macos64_1.0.0.202111181127/tools/bin/../lib/gcc/arm-none-eabi/10.3.1/../../../../arm-none-eabi/lib/thumb/v6-m/nofp/libc_nano.a(lib_a-mlock.o)
                0x000000000800607c                __malloc_lock
 .text.__malloc_unlock
                0x000000000800608c       0x10 /Applications/STM32CubeIDE.app/Contents/Eclipse/plugins/com.st.stm32cube.ide.mcu.externaltools.gnu-tools-for-stm32.10.3-2021.10.macos64_1.0.0.202111181127/tools/bin/../lib/gcc/arm-none-eabi/10.3.1/../../../../arm-none-eabi/lib/thumb/v6-m/nofp/libc_nano.a(lib_a-mlock.o)
                0x000000000800608c                __malloc_unlock
 .text.__ssputs_r
                0x000000000800609c       0xc4 /Applications/STM32CubeIDE.app/Contents/Eclipse/plugins/com.st.stm32cube.ide.mcu.externaltools.gnu-tools-for-stm32.10.3-2021.10.macos64_1.0.0.202111181127/tools/bin/../lib/gcc/arm-none-eabi/10.3.1/../../../../arm-none-eabi/lib/thumb/v6-m/nofp/libc_nano.a(lib_a-nano-svfprintf.o)
                0x000000000800609c                __ssputs_r
 .text._svfprintf_r
                0x0000000008006160      0x200 /Applications/STM32CubeIDE.app/Contents/Eclipse/plugins/com.st.stm32cube.ide.mcu.externaltools.gnu-tools-for-stm32.10.3-2021.10.macos64_1.0.0.202111181127/tools/bin/../lib/gcc/arm-none-eabi/10.3.1/../../../../arm-none-eabi/lib/thumb/v6-m/nofp/libc_nano.a(lib_a-nano-svfprintf.o)
                0x0000000008006160                _svfprintf_r
                0x0000000008006160                _svfiprintf_r
 .text._printf_common
                0x0000000008006360       0xde /Applications/STM32CubeIDE.app/Contents/Eclipse/plugins/com.st.stm32cube.ide.mcu.externaltools.gnu-tools-for-stm32.10.3-2021.10.macos64_1.0.0.202111181127/tools/bin/../lib/gcc/arm-none-eabi/10.3.1/../../../../arm-none-eabi/lib/thumb/v6-m/nofp/libc_nano.a(lib_a-nano-vfprintf_i.o)
                0x0000000008006360                _printf_common
 *fill*         0x000000000800643e        0x2 
 .text._printf_i
                0x0000000008006440      0x224 /Applications/STM32CubeIDE.app/Contents/Eclipse/plugins/com.st.stm32cube.ide.mcu.externaltools.gnu-tools-for-stm32.10.3-2021.10.macos64_1.0.0.202111181127/tools/bin/../lib/gcc/arm-none-eabi/10.3.1/../../../../arm-none-eabi/lib/thumb/v6-m/nofp/libc_nano.a(lib_a-nano-vfprintf_i.o)
                0x0000000008006440                _printf_i
 .text.__retarget_lock_acquire_recursive
                0x0000000008006664        0x2 /Applications/STM32CubeIDE.app/Contents/Eclipse/plugins/com.st.stm32cube.ide.mcu.externaltools.gnu-tools-for-stm32.10.3-2021.10.macos64_1.0.0.202111181127/tools/bin/../lib/gcc/arm-none-eabi/10.3.1/../../../../arm-none-eabi/lib/thumb/v6-m/nofp/libc_nano.a(lib_a-lock.o)
                0x0000000008006664                __retarget_lock_acquire_recursive
 .text.__retarget_lock_release_recursive
                0x0000000008006666        0x2 /Applications/STM32CubeIDE.app/Contents/Eclipse/plugins/com.st.stm32cube.ide.mcu.externaltools.gnu-tools-for-stm32.10.3-2021.10.macos64_1.0.0.202111181127/tools/bin/../lib/gcc/arm-none-eabi/10.3.1/../../../../arm-none-eabi/lib/thumb/v6-m/nofp/libc_nano.a(lib_a-lock.o)
                0x0000000008006666                __retarget_lock_release_recursive
 .text.memchr   0x0000000008006668       0x16 /Applications/STM32CubeIDE.app/Contents/Eclipse/plugins/com.st.stm32cube.ide.mcu.externaltools.gnu-tools-for-stm32.10.3-2021.10.macos64_1.0.0.202111181127/tools/bin/../lib/gcc/arm-none-eabi/10.3.1/../../../../arm-none-eabi/lib/thumb/v6-m/nofp/libc_nano.a(lib_a-memchr-stub.o)
                0x0000000008006668                memchr
 .text.memcpy   0x000000000800667e       0x12 /Applications/STM32CubeIDE.app/Contents/Eclipse/plugins/com.st.stm32cube.ide.mcu.externaltools.gnu-tools-for-stm32.10.3-2021.10.macos64_1.0.0.202111181127/tools/bin/../lib/gcc/arm-none-eabi/10.3.1/../../../../arm-none-eabi/lib/thumb/v6-m/nofp/libc_nano.a(lib_a-memcpy-stub.o)
                0x000000000800667e                memcpy
 .text.memmove  0x0000000008006690       0x26 /Applications/STM32CubeIDE.app/Contents/Eclipse/plugins/com.st.stm32cube.ide.mcu.externaltools.gnu-tools-for-stm32.10.3-2021.10.macos64_1.0.0.202111181127/tools/bin/../lib/gcc/arm-none-eabi/10.3.1/../../../../arm-none-eabi/lib/thumb/v6-m/nofp/libc_nano.a(lib_a-memmove.o)
                0x0000000008006690                memmove
 .text._realloc_r
                0x00000000080066b6       0x5e /Applications/STM32CubeIDE.app/Contents/Eclipse/plugins/com.st.stm32cube.ide.mcu.externaltools.gnu-tools-for-stm32.10.3-2021.10.macos64_1.0.0.202111181127/tools/bin/../lib/gcc/arm-none-eabi/10.3.1/../../../../arm-none-eabi/lib/thumb/v6-m/nofp/libc_nano.a(lib_a-nano-reallocr.o)
                0x00000000080066b6                _realloc_r
 .text._malloc_usable_size_r
                0x0000000008006714       0x10 /Applications/STM32CubeIDE.app/Contents/Eclipse/plugins/com.st.stm32cube.ide.mcu.externaltools.gnu-tools-for-stm32.10.3-2021.10.macos64_1.0.0.202111181127/tools/bin/../lib/gcc/arm-none-eabi/10.3.1/../../../../arm-none-eabi/lib/thumb/v6-m/nofp/libc_nano.a(lib_a-nano-msizer.o)
                0x0000000008006714                _malloc_usable_size_r
 .text.sqrtf    0x0000000008006724       0x38 /Applications/STM32CubeIDE.app/Contents/Eclipse/plugins/com.st.stm32cube.ide.mcu.externaltools.gnu-tools-for-stm32.10.3-2021.10.macos64_1.0.0.202111181127/tools/bin/../lib/gcc/arm-none-eabi/10.3.1/../../../../arm-none-eabi/lib/thumb/v6-m/nofp/libm.a(lib_a-wf_sqrt.o)
                0x0000000008006724                sqrtf
 .text.__ieee754_sqrtf
                0x000000000800675c       0xae /Applications/STM32CubeIDE.app/Contents/Eclipse/plugins/com.st.stm32cube.ide.mcu.externaltools.gnu-tools-for-stm32.10.3-2021.10.macos64_1.0.0.202111181127/tools/bin/../lib/gcc/arm-none-eabi/10.3.1/../../../../arm-none-eabi/lib/thumb/v6-m/nofp/libm.a(lib_a-ef_sqrt.o)
                0x000000000800675c                __ieee754_sqrtf
 *(.glue_7)
 .glue_7        0x000000000800680a        0x0 linker stubs
 *(.glue_7t)
 .glue_7t       0x000000000800680a        0x0 linker stubs
 *(.eh_frame)
 *fill*         0x000000000800680a        0x2 
 .eh_frame      0x000000000800680c        0x0 /Applications/STM32CubeIDE.app/Contents/Eclipse/plugins/com.st.stm32cube.ide.mcu.externaltools.gnu-tools-for-stm32.10.3-2021.10.macos64_1.0.0.202111181127/tools/bin/../lib/gcc/arm-none-eabi/10.3.1/thumb/v6-m/nofp/crtbegin.o
 *(.init)
 .init          0x000000000800680c        0x4 /Applications/STM32CubeIDE.app/Contents/Eclipse/plugins/com.st.stm32cube.ide.mcu.externaltools.gnu-tools-for-stm32.10.3-2021.10.macos64_1.0.0.202111181127/tools/bin/../lib/gcc/arm-none-eabi/10.3.1/thumb/v6-m/nofp/crti.o
                0x000000000800680c                _init
 .init          0x0000000008006810        0x8 /Applications/STM32CubeIDE.app/Contents/Eclipse/plugins/com.st.stm32cube.ide.mcu.externaltools.gnu-tools-for-stm32.10.3-2021.10.macos64_1.0.0.202111181127/tools/bin/../lib/gcc/arm-none-eabi/10.3.1/thumb/v6-m/nofp/crtn.o
 *(.fini)
 .fini          0x0000000008006818        0x4 /Applications/STM32CubeIDE.app/Contents/Eclipse/plugins/com.st.stm32cube.ide.mcu.externaltools.gnu-tools-for-stm32.10.3-2021.10.macos64_1.0.0.202111181127/tools/bin/../lib/gcc/arm-none-eabi/10.3.1/thumb/v6-m/nofp/crti.o
                0x0000000008006818                _fini
 .fini          0x000000000800681c        0x8 /Applications/STM32CubeIDE.app/Contents/Eclipse/plugins/com.st.stm32cube.ide.mcu.externaltools.gnu-tools-for-stm32.10.3-2021.10.macos64_1.0.0.202111181127/tools/bin/../lib/gcc/arm-none-eabi/10.3.1/thumb/v6-m/nofp/crtn.o
                0x0000000008006824                . = ALIGN (0x4)
                0x0000000008006824                _etext = .

.vfp11_veneer   0x0000000008006824        0x0
 .vfp11_veneer  0x0000000008006824        0x0 linker stubs

.v4_bx          0x0000000008006824        0x0
 .v4_bx         0x0000000008006824        0x0 linker stubs

.iplt           0x0000000008006824        0x0
 .iplt          0x0000000008006824        0x0 /Applications/STM32CubeIDE.app/Contents/Eclipse/plugins/com.st.stm32cube.ide.mcu.externaltools.gnu-tools-for-stm32.10.3-2021.10.macos64_1.0.0.202111181127/tools/bin/../lib/gcc/arm-none-eabi/10.3.1/thumb/v6-m/nofp/crtbegin.o

.rodata         0x0000000008006824      0x2a4
                0x0000000008006824                . = ALIGN (0x4)
 *(.rodata)
 .rodata        0x0000000008006824      0x116 ./Core/Src/main.o
 *fill*         0x000000000800693a        0x2 
 .rodata        0x000000000800693c       0x80 /Applications/STM32CubeIDE.app/Contents/Eclipse/plugins/com.st.stm32cube.ide.mcu.externaltools.gnu-tools-for-stm32.10.3-2021.10.macos64_1.0.0.202111181127/tools/bin/../lib/gcc/arm-none-eabi/10.3.1/thumb/v6-m/nofp/libgcc.a(divsf3.o)
 .rodata        0x00000000080069bc       0x40 /Applications/STM32CubeIDE.app/Contents/Eclipse/plugins/com.st.stm32cube.ide.mcu.externaltools.gnu-tools-for-stm32.10.3-2021.10.macos64_1.0.0.202111181127/tools/bin/../lib/gcc/arm-none-eabi/10.3.1/thumb/v6-m/nofp/libgcc.a(mulsf3.o)
 *(.rodata*)
 .rodata.main   0x00000000080069fc       0x58 ./Core/Src/main.o
 .rodata.AHBPrescTable
                0x0000000008006a54       0x40 ./Core/Src/system_stm32g0xx.o
                0x0000000008006a54                AHBPrescTable
 .rodata._svfprintf_r.str1.1
                0x0000000008006a94       0x11 /Applications/STM32CubeIDE.app/Contents/Eclipse/plugins/com.st.stm32cube.ide.mcu.externaltools.gnu-tools-for-stm32.10.3-2021.10.macos64_1.0.0.202111181127/tools/bin/../lib/gcc/arm-none-eabi/10.3.1/../../../../arm-none-eabi/lib/thumb/v6-m/nofp/libc_nano.a(lib_a-nano-svfprintf.o)
 .rodata._printf_i.str1.1
                0x0000000008006aa5       0x22 /Applications/STM32CubeIDE.app/Contents/Eclipse/plugins/com.st.stm32cube.ide.mcu.externaltools.gnu-tools-for-stm32.10.3-2021.10.macos64_1.0.0.202111181127/tools/bin/../lib/gcc/arm-none-eabi/10.3.1/../../../../arm-none-eabi/lib/thumb/v6-m/nofp/libc_nano.a(lib_a-nano-vfprintf_i.o)
                0x0000000008006ac8                . = ALIGN (0x4)
 *fill*         0x0000000008006ac7        0x1 

.rel.dyn        0x0000000008006ac8        0x0
 .rel.iplt      0x0000000008006ac8        0x0 /Applications/STM32CubeIDE.app/Contents/Eclipse/plugins/com.st.stm32cube.ide.mcu.externaltools.gnu-tools-for-stm32.10.3-2021.10.macos64_1.0.0.202111181127/tools/bin/../lib/gcc/arm-none-eabi/10.3.1/thumb/v6-m/nofp/crtbegin.o

.ARM.extab      0x0000000008006ac8        0x0
                0x0000000008006ac8                . = ALIGN (0x4)
 *(.ARM.extab* .gnu.linkonce.armextab.*)
                0x0000000008006ac8                . = ALIGN (0x4)

.ARM            0x0000000008006ac8        0x0
                0x0000000008006ac8                . = ALIGN (0x4)
                0x0000000008006ac8                __exidx_start = .
 *(.ARM.exidx*)
                0x0000000008006ac8                __exidx_end = .
                0x0000000008006ac8                . = ALIGN (0x4)

.preinit_array  0x0000000008006ac8        0x0
                0x0000000008006ac8                . = ALIGN (0x4)
                0x0000000008006ac8                PROVIDE (__preinit_array_start = .)
 *(.preinit_array*)
                0x0000000008006ac8                PROVIDE (__preinit_array_end = .)
                0x0000000008006ac8                . = ALIGN (0x4)

.init_array     0x0000000008006ac8        0x4
                0x0000000008006ac8                . = ALIGN (0x4)
                0x0000000008006ac8                PROVIDE (__init_array_start = .)
 *(SORT_BY_NAME(.init_array.*))
 *(.init_array*)
 .init_array    0x0000000008006ac8        0x4 /Applications/STM32CubeIDE.app/Contents/Eclipse/plugins/com.st.stm32cube.ide.mcu.externaltools.gnu-tools-for-stm32.10.3-2021.10.macos64_1.0.0.202111181127/tools/bin/../lib/gcc/arm-none-eabi/10.3.1/thumb/v6-m/nofp/crtbegin.o
                0x0000000008006acc                PROVIDE (__init_array_end = .)
                0x0000000008006acc                . = ALIGN (0x4)

.fini_array     0x0000000008006acc        0x4
                0x0000000008006acc                . = ALIGN (0x4)
                [!provide]                        PROVIDE (__fini_array_start = .)
 *(SORT_BY_NAME(.fini_array.*))
 *(.fini_array*)
 .fini_array    0x0000000008006acc        0x4 /Applications/STM32CubeIDE.app/Contents/Eclipse/plugins/com.st.stm32cube.ide.mcu.externaltools.gnu-tools-for-stm32.10.3-2021.10.macos64_1.0.0.202111181127/tools/bin/../lib/gcc/arm-none-eabi/10.3.1/thumb/v6-m/nofp/crtbegin.o
                [!provide]                        PROVIDE (__fini_array_end = .)
                0x0000000008006ad0                . = ALIGN (0x4)
                0x0000000008006ad0                _sidata = LOADADDR (.data)

.data           0x0000000020000000       0x70 load address 0x0000000008006ad0
                0x0000000020000000                . = ALIGN (0x4)
                0x0000000020000000                _sdata = .
 *(.data)
 *(.data*)
 .data.SystemCoreClock
                0x0000000020000000        0x4 ./Core/Src/system_stm32g0xx.o
                0x0000000020000000                SystemCoreClock
 .data.uwTickPrio
                0x0000000020000004        0x4 ./Drivers/STM32G0xx_HAL_Driver/Src/stm32g0xx_hal.o
                0x0000000020000004                uwTickPrio
 .data.uwTickFreq
                0x0000000020000008        0x1 ./Drivers/STM32G0xx_HAL_Driver/Src/stm32g0xx_hal.o
                0x0000000020000008                uwTickFreq
 *fill*         0x0000000020000009        0x3 
 .data._impure_ptr
                0x000000002000000c        0x4 /Applications/STM32CubeIDE.app/Contents/Eclipse/plugins/com.st.stm32cube.ide.mcu.externaltools.gnu-tools-for-stm32.10.3-2021.10.macos64_1.0.0.202111181127/tools/bin/../lib/gcc/arm-none-eabi/10.3.1/../../../../arm-none-eabi/lib/thumb/v6-m/nofp/libc_nano.a(lib_a-impure.o)
                0x000000002000000c                _impure_ptr
 .data.impure_data
                0x0000000020000010       0x60 /Applications/STM32CubeIDE.app/Contents/Eclipse/plugins/com.st.stm32cube.ide.mcu.externaltools.gnu-tools-for-stm32.10.3-2021.10.macos64_1.0.0.202111181127/tools/bin/../lib/gcc/arm-none-eabi/10.3.1/../../../../arm-none-eabi/lib/thumb/v6-m/nofp/libc_nano.a(lib_a-impure.o)
 *(.RamFunc)
 *(.RamFunc*)
                0x0000000020000070                . = ALIGN (0x4)
                0x0000000020000070                _edata = .

.igot.plt       0x0000000020000070        0x0 load address 0x0000000008006b40
 .igot.plt      0x0000000020000070        0x0 /Applications/STM32CubeIDE.app/Contents/Eclipse/plugins/com.st.stm32cube.ide.mcu.externaltools.gnu-tools-for-stm32.10.3-2021.10.macos64_1.0.0.202111181127/tools/bin/../lib/gcc/arm-none-eabi/10.3.1/thumb/v6-m/nofp/crtbegin.o
                0x0000000020000070                . = ALIGN (0x4)

.bss            0x0000000020000070      0x25c load address 0x0000000008006b40
                0x0000000020000070                _sbss = .
                0x0000000020000070                __bss_start__ = _sbss
 *(.bss)
 .bss           0x0000000020000070       0x1c /Applications/STM32CubeIDE.app/Contents/Eclipse/plugins/com.st.stm32cube.ide.mcu.externaltools.gnu-tools-for-stm32.10.3-2021.10.macos64_1.0.0.202111181127/tools/bin/../lib/gcc/arm-none-eabi/10.3.1/thumb/v6-m/nofp/crtbegin.o
 *(.bss*)
 .bss.hadc1     0x000000002000008c       0x64 ./Core/Src/main.o
                0x000000002000008c                hadc1
 .bss.hdma_adc1
                0x00000000200000f0       0x5c ./Core/Src/main.o
                0x00000000200000f0                hdma_adc1
 .bss.uart1     0x000000002000014c        0xc ./Core/Src/main.o
                0x000000002000014c                uart1
 .bss.pa        0x0000000020000158       0x14 ./Core/Src/main.o
                0x0000000020000158                pa
 .bss.rs485     0x000000002000016c        0x8 ./Core/Src/main.o
                0x000000002000016c                rs485
 .bss.pout      0x0000000020000174        0x4 ./Core/Src/main.o
                0x0000000020000174                pout
 .bss.pin       0x0000000020000178        0x4 ./Core/Src/main.o
                0x0000000020000178                pin
 .bss.vswr      0x000000002000017c        0x4 ./Core/Src/main.o
                0x000000002000017c                vswr
 .bss.led       0x0000000020000180       0x1c ./Core/Src/main.o
                0x0000000020000180                led
 .bss.adcResultsDMA
                0x000000002000019c        0xc ./Core/Src/main.o
                0x000000002000019c                adcResultsDMA
 .bss.adc_values
                0x00000000200001a8       0xf0 ./Core/Src/main.o
                0x00000000200001a8                adc_values
 .bss.adc_media
                0x0000000020000298        0xc ./Core/Src/main.o
                0x0000000020000298                adc_media
 .bss.sum       0x00000000200002a4        0xc ./Core/Src/main.o
                0x00000000200002a4                sum
 .bss.adc_counter
                0x00000000200002b0        0x1 ./Core/Src/main.o
                0x00000000200002b0                adc_counter
 *fill*         0x00000000200002b1        0x3 
 .bss.__sbrk_heap_end
                0x00000000200002b4        0x4 ./Core/Src/sysmem.o
 .bss.uwTick    0x00000000200002b8        0x4 ./Drivers/STM32G0xx_HAL_Driver/Src/stm32g0xx_hal.o
                0x00000000200002b8                uwTick
 .bss.__malloc_free_list
                0x00000000200002bc        0x4 /Applications/STM32CubeIDE.app/Contents/Eclipse/plugins/com.st.stm32cube.ide.mcu.externaltools.gnu-tools-for-stm32.10.3-2021.10.macos64_1.0.0.202111181127/tools/bin/../lib/gcc/arm-none-eabi/10.3.1/../../../../arm-none-eabi/lib/thumb/v6-m/nofp/libc_nano.a(lib_a-nano-mallocr.o)
                0x00000000200002bc                __malloc_free_list
 .bss.__malloc_sbrk_start
                0x00000000200002c0        0x4 /Applications/STM32CubeIDE.app/Contents/Eclipse/plugins/com.st.stm32cube.ide.mcu.externaltools.gnu-tools-for-stm32.10.3-2021.10.macos64_1.0.0.202111181127/tools/bin/../lib/gcc/arm-none-eabi/10.3.1/../../../../arm-none-eabi/lib/thumb/v6-m/nofp/libc_nano.a(lib_a-nano-mallocr.o)
                0x00000000200002c0                __malloc_sbrk_start
 .bss.errno     0x00000000200002c4        0x4 /Applications/STM32CubeIDE.app/Contents/Eclipse/plugins/com.st.stm32cube.ide.mcu.externaltools.gnu-tools-for-stm32.10.3-2021.10.macos64_1.0.0.202111181127/tools/bin/../lib/gcc/arm-none-eabi/10.3.1/../../../../arm-none-eabi/lib/thumb/v6-m/nofp/libc_nano.a(lib_a-reent.o)
                0x00000000200002c4                errno
 .bss.__lock___malloc_recursive_mutex
                0x00000000200002c8        0x1 /Applications/STM32CubeIDE.app/Contents/Eclipse/plugins/com.st.stm32cube.ide.mcu.externaltools.gnu-tools-for-stm32.10.3-2021.10.macos64_1.0.0.202111181127/tools/bin/../lib/gcc/arm-none-eabi/10.3.1/../../../../arm-none-eabi/lib/thumb/v6-m/nofp/libc_nano.a(lib_a-lock.o)
                0x00000000200002c8                __lock___malloc_recursive_mutex
 *(COMMON)
                0x00000000200002cc                . = ALIGN (0x4)
 *fill*         0x00000000200002c9        0x3 
                0x00000000200002cc                _ebss = .
                0x00000000200002cc                __bss_end__ = _ebss

._user_heap_stack
                0x00000000200002cc      0x604 load address 0x0000000008006b40
                0x00000000200002d0                . = ALIGN (0x8)
 *fill*         0x00000000200002cc        0x4 
                [!provide]                        PROVIDE (end = .)
                0x00000000200002d0                PROVIDE (_end = .)
                0x00000000200004d0                . = (. + _Min_Heap_Size)
 *fill*         0x00000000200002d0      0x200 
                0x00000000200008d0                . = (. + _Min_Stack_Size)
 *fill*         0x00000000200004d0      0x400 
                0x00000000200008d0                . = ALIGN (0x8)

/DISCARD/
 libc.a(*)
 libm.a(*)
 libgcc.a(*)

.ARM.attributes
                0x0000000000000000       0x28
 *(.ARM.attributes)
 .ARM.attributes
                0x0000000000000000       0x1e /Applications/STM32CubeIDE.app/Contents/Eclipse/plugins/com.st.stm32cube.ide.mcu.externaltools.gnu-tools-for-stm32.10.3-2021.10.macos64_1.0.0.202111181127/tools/bin/../lib/gcc/arm-none-eabi/10.3.1/thumb/v6-m/nofp/crti.o
 .ARM.attributes
                0x000000000000001e       0x2c /Applications/STM32CubeIDE.app/Contents/Eclipse/plugins/com.st.stm32cube.ide.mcu.externaltools.gnu-tools-for-stm32.10.3-2021.10.macos64_1.0.0.202111181127/tools/bin/../lib/gcc/arm-none-eabi/10.3.1/thumb/v6-m/nofp/crtbegin.o
 .ARM.attributes
                0x000000000000004a       0x2c ./Core/Src/ad8363.o
 .ARM.attributes
                0x0000000000000076       0x2c ./Core/Src/bda4601.o
 .ARM.attributes
                0x00000000000000a2       0x2c ./Core/Src/eeprom.o
 .ARM.attributes
                0x00000000000000ce       0x2c ./Core/Src/i2c1.o
 .ARM.attributes
                0x00000000000000fa       0x2c ./Core/Src/led.o
 .ARM.attributes
                0x0000000000000126       0x2c ./Core/Src/lm75.o
 .ARM.attributes
                0x0000000000000152       0x2c ./Core/Src/main.o
 .ARM.attributes
                0x000000000000017e       0x2c ./Core/Src/max4003.o
 .ARM.attributes
                0x00000000000001aa       0x2c ./Core/Src/module.o
 .ARM.attributes
                0x00000000000001d6       0x2c ./Core/Src/rs485.o
 .ARM.attributes
                0x0000000000000202       0x2c ./Core/Src/stm32g0xx_hal_msp.o
 .ARM.attributes
                0x000000000000022e       0x2c ./Core/Src/stm32g0xx_it.o
 .ARM.attributes
                0x000000000000025a       0x2c ./Core/Src/sysmem.o
 .ARM.attributes
                0x0000000000000286       0x2c ./Core/Src/system_stm32g0xx.o
 .ARM.attributes
                0x00000000000002b2       0x2c ./Core/Src/uart1.o
 .ARM.attributes
                0x00000000000002de       0x2c ./Core/Src/utils.o
 .ARM.attributes
                0x000000000000030a       0x22 ./Core/Startup/startup_stm32g030k6tx.o
 .ARM.attributes
                0x000000000000032c       0x2c ./Drivers/STM32G0xx_HAL_Driver/Src/stm32g0xx_hal.o
 .ARM.attributes
                0x0000000000000358       0x2c ./Drivers/STM32G0xx_HAL_Driver/Src/stm32g0xx_hal_adc.o
 .ARM.attributes
                0x0000000000000384       0x2c ./Drivers/STM32G0xx_HAL_Driver/Src/stm32g0xx_hal_adc_ex.o
 .ARM.attributes
                0x00000000000003b0       0x2c ./Drivers/STM32G0xx_HAL_Driver/Src/stm32g0xx_hal_cortex.o
 .ARM.attributes
                0x00000000000003dc       0x2c ./Drivers/STM32G0xx_HAL_Driver/Src/stm32g0xx_hal_dma.o
 .ARM.attributes
                0x0000000000000408       0x2c ./Drivers/STM32G0xx_HAL_Driver/Src/stm32g0xx_hal_gpio.o
 .ARM.attributes
                0x0000000000000434       0x2c ./Drivers/STM32G0xx_HAL_Driver/Src/stm32g0xx_hal_pwr_ex.o
 .ARM.attributes
                0x0000000000000460       0x2c ./Drivers/STM32G0xx_HAL_Driver/Src/stm32g0xx_hal_rcc.o
 .ARM.attributes
                0x000000000000048c       0x2c ./Drivers/STM32G0xx_HAL_Driver/Src/stm32g0xx_hal_rcc_ex.o
 .ARM.attributes
                0x00000000000004b8       0x2c /Applications/STM32CubeIDE.app/Contents/Eclipse/plugins/com.st.stm32cube.ide.mcu.externaltools.gnu-tools-for-stm32.10.3-2021.10.macos64_1.0.0.202111181127/tools/bin/../lib/gcc/arm-none-eabi/10.3.1/../../../../arm-none-eabi/lib/thumb/v6-m/nofp/libc_nano.a(lib_a-errno.o)
 .ARM.attributes
                0x00000000000004e4       0x2c /Applications/STM32CubeIDE.app/Contents/Eclipse/plugins/com.st.stm32cube.ide.mcu.externaltools.gnu-tools-for-stm32.10.3-2021.10.macos64_1.0.0.202111181127/tools/bin/../lib/gcc/arm-none-eabi/10.3.1/../../../../arm-none-eabi/lib/thumb/v6-m/nofp/libc_nano.a(lib_a-impure.o)
 .ARM.attributes
                0x0000000000000510       0x2c /Applications/STM32CubeIDE.app/Contents/Eclipse/plugins/com.st.stm32cube.ide.mcu.externaltools.gnu-tools-for-stm32.10.3-2021.10.macos64_1.0.0.202111181127/tools/bin/../lib/gcc/arm-none-eabi/10.3.1/../../../../arm-none-eabi/lib/thumb/v6-m/nofp/libc_nano.a(lib_a-init.o)
 .ARM.attributes
                0x000000000000053c       0x2c /Applications/STM32CubeIDE.app/Contents/Eclipse/plugins/com.st.stm32cube.ide.mcu.externaltools.gnu-tools-for-stm32.10.3-2021.10.macos64_1.0.0.202111181127/tools/bin/../lib/gcc/arm-none-eabi/10.3.1/../../../../arm-none-eabi/lib/thumb/v6-m/nofp/libc_nano.a(lib_a-malloc.o)
 .ARM.attributes
                0x0000000000000568       0x2c /Applications/STM32CubeIDE.app/Contents/Eclipse/plugins/com.st.stm32cube.ide.mcu.externaltools.gnu-tools-for-stm32.10.3-2021.10.macos64_1.0.0.202111181127/tools/bin/../lib/gcc/arm-none-eabi/10.3.1/../../../../arm-none-eabi/lib/thumb/v6-m/nofp/libc_nano.a(lib_a-memset.o)
 .ARM.attributes
                0x0000000000000594       0x2c /Applications/STM32CubeIDE.app/Contents/Eclipse/plugins/com.st.stm32cube.ide.mcu.externaltools.gnu-tools-for-stm32.10.3-2021.10.macos64_1.0.0.202111181127/tools/bin/../lib/gcc/arm-none-eabi/10.3.1/../../../../arm-none-eabi/lib/thumb/v6-m/nofp/libc_nano.a(lib_a-nano-freer.o)
 .ARM.attributes
                0x00000000000005c0       0x2c /Applications/STM32CubeIDE.app/Contents/Eclipse/plugins/com.st.stm32cube.ide.mcu.externaltools.gnu-tools-for-stm32.10.3-2021.10.macos64_1.0.0.202111181127/tools/bin/../lib/gcc/arm-none-eabi/10.3.1/../../../../arm-none-eabi/lib/thumb/v6-m/nofp/libc_nano.a(lib_a-nano-mallocr.o)
 .ARM.attributes
                0x00000000000005ec       0x2c /Applications/STM32CubeIDE.app/Contents/Eclipse/plugins/com.st.stm32cube.ide.mcu.externaltools.gnu-tools-for-stm32.10.3-2021.10.macos64_1.0.0.202111181127/tools/bin/../lib/gcc/arm-none-eabi/10.3.1/../../../../arm-none-eabi/lib/thumb/v6-m/nofp/libc_nano.a(lib_a-sbrkr.o)
 .ARM.attributes
                0x0000000000000618       0x2c /Applications/STM32CubeIDE.app/Contents/Eclipse/plugins/com.st.stm32cube.ide.mcu.externaltools.gnu-tools-for-stm32.10.3-2021.10.macos64_1.0.0.202111181127/tools/bin/../lib/gcc/arm-none-eabi/10.3.1/../../../../arm-none-eabi/lib/thumb/v6-m/nofp/libc_nano.a(lib_a-sprintf.o)
 .ARM.attributes
                0x0000000000000644       0x1c /Applications/STM32CubeIDE.app/Contents/Eclipse/plugins/com.st.stm32cube.ide.mcu.externaltools.gnu-tools-for-stm32.10.3-2021.10.macos64_1.0.0.202111181127/tools/bin/../lib/gcc/arm-none-eabi/10.3.1/../../../../arm-none-eabi/lib/thumb/v6-m/nofp/libc_nano.a(lib_a-strlen.o)
 .ARM.attributes
                0x0000000000000660       0x2c /Applications/STM32CubeIDE.app/Contents/Eclipse/plugins/com.st.stm32cube.ide.mcu.externaltools.gnu-tools-for-stm32.10.3-2021.10.macos64_1.0.0.202111181127/tools/bin/../lib/gcc/arm-none-eabi/10.3.1/../../../../arm-none-eabi/lib/thumb/v6-m/nofp/libc_nano.a(lib_a-mlock.o)
 .ARM.attributes
                0x000000000000068c       0x2c /Applications/STM32CubeIDE.app/Contents/Eclipse/plugins/com.st.stm32cube.ide.mcu.externaltools.gnu-tools-for-stm32.10.3-2021.10.macos64_1.0.0.202111181127/tools/bin/../lib/gcc/arm-none-eabi/10.3.1/../../../../arm-none-eabi/lib/thumb/v6-m/nofp/libc_nano.a(lib_a-nano-svfprintf.o)
 .ARM.attributes
                0x00000000000006b8       0x2c /Applications/STM32CubeIDE.app/Contents/Eclipse/plugins/com.st.stm32cube.ide.mcu.externaltools.gnu-tools-for-stm32.10.3-2021.10.macos64_1.0.0.202111181127/tools/bin/../lib/gcc/arm-none-eabi/10.3.1/../../../../arm-none-eabi/lib/thumb/v6-m/nofp/libc_nano.a(lib_a-nano-vfprintf_i.o)
 .ARM.attributes
                0x00000000000006e4       0x2c /Applications/STM32CubeIDE.app/Contents/Eclipse/plugins/com.st.stm32cube.ide.mcu.externaltools.gnu-tools-for-stm32.10.3-2021.10.macos64_1.0.0.202111181127/tools/bin/../lib/gcc/arm-none-eabi/10.3.1/../../../../arm-none-eabi/lib/thumb/v6-m/nofp/libc_nano.a(lib_a-reent.o)
 .ARM.attributes
                0x0000000000000710       0x2c /Applications/STM32CubeIDE.app/Contents/Eclipse/plugins/com.st.stm32cube.ide.mcu.externaltools.gnu-tools-for-stm32.10.3-2021.10.macos64_1.0.0.202111181127/tools/bin/../lib/gcc/arm-none-eabi/10.3.1/../../../../arm-none-eabi/lib/thumb/v6-m/nofp/libc_nano.a(lib_a-lock.o)
 .ARM.attributes
                0x000000000000073c       0x2c /Applications/STM32CubeIDE.app/Contents/Eclipse/plugins/com.st.stm32cube.ide.mcu.externaltools.gnu-tools-for-stm32.10.3-2021.10.macos64_1.0.0.202111181127/tools/bin/../lib/gcc/arm-none-eabi/10.3.1/../../../../arm-none-eabi/lib/thumb/v6-m/nofp/libc_nano.a(lib_a-memchr-stub.o)
 .ARM.attributes
                0x0000000000000768       0x2c /Applications/STM32CubeIDE.app/Contents/Eclipse/plugins/com.st.stm32cube.ide.mcu.externaltools.gnu-tools-for-stm32.10.3-2021.10.macos64_1.0.0.202111181127/tools/bin/../lib/gcc/arm-none-eabi/10.3.1/../../../../arm-none-eabi/lib/thumb/v6-m/nofp/libc_nano.a(lib_a-memcpy-stub.o)
 .ARM.attributes
                0x0000000000000794       0x2c /Applications/STM32CubeIDE.app/Contents/Eclipse/plugins/com.st.stm32cube.ide.mcu.externaltools.gnu-tools-for-stm32.10.3-2021.10.macos64_1.0.0.202111181127/tools/bin/../lib/gcc/arm-none-eabi/10.3.1/../../../../arm-none-eabi/lib/thumb/v6-m/nofp/libc_nano.a(lib_a-memmove.o)
 .ARM.attributes
                0x00000000000007c0       0x2c /Applications/STM32CubeIDE.app/Contents/Eclipse/plugins/com.st.stm32cube.ide.mcu.externaltools.gnu-tools-for-stm32.10.3-2021.10.macos64_1.0.0.202111181127/tools/bin/../lib/gcc/arm-none-eabi/10.3.1/../../../../arm-none-eabi/lib/thumb/v6-m/nofp/libc_nano.a(lib_a-nano-reallocr.o)
 .ARM.attributes
                0x00000000000007ec       0x2c /Applications/STM32CubeIDE.app/Contents/Eclipse/plugins/com.st.stm32cube.ide.mcu.externaltools.gnu-tools-for-stm32.10.3-2021.10.macos64_1.0.0.202111181127/tools/bin/../lib/gcc/arm-none-eabi/10.3.1/../../../../arm-none-eabi/lib/thumb/v6-m/nofp/libc_nano.a(lib_a-nano-msizer.o)
 .ARM.attributes
                0x0000000000000818       0x2c /Applications/STM32CubeIDE.app/Contents/Eclipse/plugins/com.st.stm32cube.ide.mcu.externaltools.gnu-tools-for-stm32.10.3-2021.10.macos64_1.0.0.202111181127/tools/bin/../lib/gcc/arm-none-eabi/10.3.1/../../../../arm-none-eabi/lib/thumb/v6-m/nofp/libm.a(lib_a-wf_sqrt.o)
 .ARM.attributes
                0x0000000000000844       0x2c /Applications/STM32CubeIDE.app/Contents/Eclipse/plugins/com.st.stm32cube.ide.mcu.externaltools.gnu-tools-for-stm32.10.3-2021.10.macos64_1.0.0.202111181127/tools/bin/../lib/gcc/arm-none-eabi/10.3.1/../../../../arm-none-eabi/lib/thumb/v6-m/nofp/libm.a(lib_a-ef_sqrt.o)
 .ARM.attributes
                0x0000000000000870       0x1e /Applications/STM32CubeIDE.app/Contents/Eclipse/plugins/com.st.stm32cube.ide.mcu.externaltools.gnu-tools-for-stm32.10.3-2021.10.macos64_1.0.0.202111181127/tools/bin/../lib/gcc/arm-none-eabi/10.3.1/thumb/v6-m/nofp/libgcc.a(_thumb1_case_shi.o)
 .ARM.attributes
                0x000000000000088e       0x1e /Applications/STM32CubeIDE.app/Contents/Eclipse/plugins/com.st.stm32cube.ide.mcu.externaltools.gnu-tools-for-stm32.10.3-2021.10.macos64_1.0.0.202111181127/tools/bin/../lib/gcc/arm-none-eabi/10.3.1/thumb/v6-m/nofp/libgcc.a(_udivsi3.o)
 .ARM.attributes
                0x00000000000008ac       0x1e /Applications/STM32CubeIDE.app/Contents/Eclipse/plugins/com.st.stm32cube.ide.mcu.externaltools.gnu-tools-for-stm32.10.3-2021.10.macos64_1.0.0.202111181127/tools/bin/../lib/gcc/arm-none-eabi/10.3.1/thumb/v6-m/nofp/libgcc.a(_divsi3.o)
 .ARM.attributes
                0x00000000000008ca       0x1e /Applications/STM32CubeIDE.app/Contents/Eclipse/plugins/com.st.stm32cube.ide.mcu.externaltools.gnu-tools-for-stm32.10.3-2021.10.macos64_1.0.0.202111181127/tools/bin/../lib/gcc/arm-none-eabi/10.3.1/thumb/v6-m/nofp/libgcc.a(_dvmd_tls.o)
 .ARM.attributes
                0x00000000000008e8       0x1e /Applications/STM32CubeIDE.app/Contents/Eclipse/plugins/com.st.stm32cube.ide.mcu.externaltools.gnu-tools-for-stm32.10.3-2021.10.macos64_1.0.0.202111181127/tools/bin/../lib/gcc/arm-none-eabi/10.3.1/thumb/v6-m/nofp/libgcc.a(_arm_cmpsf2.o)
 .ARM.attributes
                0x0000000000000906       0x2c /Applications/STM32CubeIDE.app/Contents/Eclipse/plugins/com.st.stm32cube.ide.mcu.externaltools.gnu-tools-for-stm32.10.3-2021.10.macos64_1.0.0.202111181127/tools/bin/../lib/gcc/arm-none-eabi/10.3.1/thumb/v6-m/nofp/libgcc.a(_fixunssfsi.o)
 .ARM.attributes
                0x0000000000000932       0x2c /Applications/STM32CubeIDE.app/Contents/Eclipse/plugins/com.st.stm32cube.ide.mcu.externaltools.gnu-tools-for-stm32.10.3-2021.10.macos64_1.0.0.202111181127/tools/bin/../lib/gcc/arm-none-eabi/10.3.1/thumb/v6-m/nofp/libgcc.a(addsf3.o)
 .ARM.attributes
                0x000000000000095e       0x2c /Applications/STM32CubeIDE.app/Contents/Eclipse/plugins/com.st.stm32cube.ide.mcu.externaltools.gnu-tools-for-stm32.10.3-2021.10.macos64_1.0.0.202111181127/tools/bin/../lib/gcc/arm-none-eabi/10.3.1/thumb/v6-m/nofp/libgcc.a(divsf3.o)
 .ARM.attributes
                0x000000000000098a       0x2c /Applications/STM32CubeIDE.app/Contents/Eclipse/plugins/com.st.stm32cube.ide.mcu.externaltools.gnu-tools-for-stm32.10.3-2021.10.macos64_1.0.0.202111181127/tools/bin/../lib/gcc/arm-none-eabi/10.3.1/thumb/v6-m/nofp/libgcc.a(eqsf2.o)
 .ARM.attributes
                0x00000000000009b6       0x2c /Applications/STM32CubeIDE.app/Contents/Eclipse/plugins/com.st.stm32cube.ide.mcu.externaltools.gnu-tools-for-stm32.10.3-2021.10.macos64_1.0.0.202111181127/tools/bin/../lib/gcc/arm-none-eabi/10.3.1/thumb/v6-m/nofp/libgcc.a(gesf2.o)
 .ARM.attributes
                0x00000000000009e2       0x2c /Applications/STM32CubeIDE.app/Contents/Eclipse/plugins/com.st.stm32cube.ide.mcu.externaltools.gnu-tools-for-stm32.10.3-2021.10.macos64_1.0.0.202111181127/tools/bin/../lib/gcc/arm-none-eabi/10.3.1/thumb/v6-m/nofp/libgcc.a(lesf2.o)
 .ARM.attributes
                0x0000000000000a0e       0x2c /Applications/STM32CubeIDE.app/Contents/Eclipse/plugins/com.st.stm32cube.ide.mcu.externaltools.gnu-tools-for-stm32.10.3-2021.10.macos64_1.0.0.202111181127/tools/bin/../lib/gcc/arm-none-eabi/10.3.1/thumb/v6-m/nofp/libgcc.a(mulsf3.o)
 .ARM.attributes
                0x0000000000000a3a       0x2c /Applications/STM32CubeIDE.app/Contents/Eclipse/plugins/com.st.stm32cube.ide.mcu.externaltools.gnu-tools-for-stm32.10.3-2021.10.macos64_1.0.0.202111181127/tools/bin/../lib/gcc/arm-none-eabi/10.3.1/thumb/v6-m/nofp/libgcc.a(subsf3.o)
 .ARM.attributes
                0x0000000000000a66       0x2c /Applications/STM32CubeIDE.app/Contents/Eclipse/plugins/com.st.stm32cube.ide.mcu.externaltools.gnu-tools-for-stm32.10.3-2021.10.macos64_1.0.0.202111181127/tools/bin/../lib/gcc/arm-none-eabi/10.3.1/thumb/v6-m/nofp/libgcc.a(unordsf2.o)
 .ARM.attributes
                0x0000000000000a92       0x2c /Applications/STM32CubeIDE.app/Contents/Eclipse/plugins/com.st.stm32cube.ide.mcu.externaltools.gnu-tools-for-stm32.10.3-2021.10.macos64_1.0.0.202111181127/tools/bin/../lib/gcc/arm-none-eabi/10.3.1/thumb/v6-m/nofp/libgcc.a(fixsfsi.o)
 .ARM.attributes
                0x0000000000000abe       0x2c /Applications/STM32CubeIDE.app/Contents/Eclipse/plugins/com.st.stm32cube.ide.mcu.externaltools.gnu-tools-for-stm32.10.3-2021.10.macos64_1.0.0.202111181127/tools/bin/../lib/gcc/arm-none-eabi/10.3.1/thumb/v6-m/nofp/libgcc.a(floatsisf.o)
 .ARM.attributes
                0x0000000000000aea       0x2c /Applications/STM32CubeIDE.app/Contents/Eclipse/plugins/com.st.stm32cube.ide.mcu.externaltools.gnu-tools-for-stm32.10.3-2021.10.macos64_1.0.0.202111181127/tools/bin/../lib/gcc/arm-none-eabi/10.3.1/thumb/v6-m/nofp/libgcc.a(floatunsisf.o)
 .ARM.attributes
                0x0000000000000b16       0x1e /Applications/STM32CubeIDE.app/Contents/Eclipse/plugins/com.st.stm32cube.ide.mcu.externaltools.gnu-tools-for-stm32.10.3-2021.10.macos64_1.0.0.202111181127/tools/bin/../lib/gcc/arm-none-eabi/10.3.1/thumb/v6-m/nofp/libgcc.a(_clzsi2.o)
 .ARM.attributes
                0x0000000000000b34       0x1e /Applications/STM32CubeIDE.app/Contents/Eclipse/plugins/com.st.stm32cube.ide.mcu.externaltools.gnu-tools-for-stm32.10.3-2021.10.macos64_1.0.0.202111181127/tools/bin/../lib/gcc/arm-none-eabi/10.3.1/thumb/v6-m/nofp/crtn.o
OUTPUT(PA_UHF.elf elf32-littlearm)
LOAD linker stubs
LOAD /Applications/STM32CubeIDE.app/Contents/Eclipse/plugins/com.st.stm32cube.ide.mcu.externaltools.gnu-tools-for-stm32.10.3-2021.10.macos64_1.0.0.202111181127/tools/bin/../lib/gcc/arm-none-eabi/10.3.1/../../../../arm-none-eabi/lib/thumb/v6-m/nofp/libc.a
LOAD /Applications/STM32CubeIDE.app/Contents/Eclipse/plugins/com.st.stm32cube.ide.mcu.externaltools.gnu-tools-for-stm32.10.3-2021.10.macos64_1.0.0.202111181127/tools/bin/../lib/gcc/arm-none-eabi/10.3.1/../../../../arm-none-eabi/lib/thumb/v6-m/nofp/libm.a
LOAD /Applications/STM32CubeIDE.app/Contents/Eclipse/plugins/com.st.stm32cube.ide.mcu.externaltools.gnu-tools-for-stm32.10.3-2021.10.macos64_1.0.0.202111181127/tools/bin/../lib/gcc/arm-none-eabi/10.3.1/thumb/v6-m/nofp/libgcc.a

.debug_info     0x0000000000000000     0xb476
 .debug_info    0x0000000000000000      0x1af ./Core/Src/ad8363.o
 .debug_info    0x00000000000001af      0x2d2 ./Core/Src/bda4601.o
 .debug_info    0x0000000000000481      0x276 ./Core/Src/eeprom.o
 .debug_info    0x00000000000006f7      0x5f6 ./Core/Src/i2c1.o
 .debug_info    0x0000000000000ced      0x1d6 ./Core/Src/led.o
 .debug_info    0x0000000000000ec3      0x19d ./Core/Src/lm75.o
 .debug_info    0x0000000000001060     0x1c7c ./Core/Src/main.o
 .debug_info    0x0000000000002cdc      0x1af ./Core/Src/max4003.o
 .debug_info    0x0000000000002e8b      0x31a ./Core/Src/module.o
 .debug_info    0x00000000000031a5      0x4a9 ./Core/Src/rs485.o
 .debug_info    0x000000000000364e     0x101e ./Core/Src/stm32g0xx_hal_msp.o
 .debug_info    0x000000000000466c      0x46d ./Core/Src/stm32g0xx_it.o
 .debug_info    0x0000000000004ad9      0x171 ./Core/Src/sysmem.o
 .debug_info    0x0000000000004c4a      0x34d ./Core/Src/system_stm32g0xx.o
 .debug_info    0x0000000000004f97      0x910 ./Core/Src/uart1.o
 .debug_info    0x00000000000058a7      0x248 ./Core/Src/utils.o
 .debug_info    0x0000000000005aef       0x22 ./Core/Startup/startup_stm32g030k6tx.o
 .debug_info    0x0000000000005b11      0x94e ./Drivers/STM32G0xx_HAL_Driver/Src/stm32g0xx_hal.o
 .debug_info    0x000000000000645f     0x1600 ./Drivers/STM32G0xx_HAL_Driver/Src/stm32g0xx_hal_adc.o
 .debug_info    0x0000000000007a5f      0xacb ./Drivers/STM32G0xx_HAL_Driver/Src/stm32g0xx_hal_adc_ex.o
 .debug_info    0x000000000000852a      0x8dd ./Drivers/STM32G0xx_HAL_Driver/Src/stm32g0xx_hal_cortex.o
 .debug_info    0x0000000000008e07      0x8c8 ./Drivers/STM32G0xx_HAL_Driver/Src/stm32g0xx_hal_dma.o
 .debug_info    0x00000000000096cf      0x5d7 ./Drivers/STM32G0xx_HAL_Driver/Src/stm32g0xx_hal_gpio.o
 .debug_info    0x0000000000009ca6      0x4e8 ./Drivers/STM32G0xx_HAL_Driver/Src/stm32g0xx_hal_pwr_ex.o
 .debug_info    0x000000000000a18e      0xb18 ./Drivers/STM32G0xx_HAL_Driver/Src/stm32g0xx_hal_rcc.o
 .debug_info    0x000000000000aca6      0x7d0 ./Drivers/STM32G0xx_HAL_Driver/Src/stm32g0xx_hal_rcc_ex.o

.debug_abbrev   0x0000000000000000     0x2ac6
 .debug_abbrev  0x0000000000000000      0x100 ./Core/Src/ad8363.o
 .debug_abbrev  0x0000000000000100      0x13b ./Core/Src/bda4601.o
 .debug_abbrev  0x000000000000023b      0x109 ./Core/Src/eeprom.o
 .debug_abbrev  0x0000000000000344      0x17c ./Core/Src/i2c1.o
 .debug_abbrev  0x00000000000004c0      0x109 ./Core/Src/led.o
 .debug_abbrev  0x00000000000005c9       0xf2 ./Core/Src/lm75.o
 .debug_abbrev  0x00000000000006bb      0x35f ./Core/Src/main.o
 .debug_abbrev  0x0000000000000a1a      0x100 ./Core/Src/max4003.o
 .debug_abbrev  0x0000000000000b1a      0x154 ./Core/Src/module.o
 .debug_abbrev  0x0000000000000c6e      0x1b9 ./Core/Src/rs485.o
 .debug_abbrev  0x0000000000000e27      0x1d8 ./Core/Src/stm32g0xx_hal_msp.o
 .debug_abbrev  0x0000000000000fff      0x15a ./Core/Src/stm32g0xx_it.o
 .debug_abbrev  0x0000000000001159       0xbb ./Core/Src/sysmem.o
 .debug_abbrev  0x0000000000001214      0x116 ./Core/Src/system_stm32g0xx.o
 .debug_abbrev  0x000000000000132a      0x278 ./Core/Src/uart1.o
 .debug_abbrev  0x00000000000015a2       0xff ./Core/Src/utils.o
 .debug_abbrev  0x00000000000016a1       0x12 ./Core/Startup/startup_stm32g030k6tx.o
 .debug_abbrev  0x00000000000016b3      0x2a9 ./Drivers/STM32G0xx_HAL_Driver/Src/stm32g0xx_hal.o
 .debug_abbrev  0x000000000000195c      0x26c ./Drivers/STM32G0xx_HAL_Driver/Src/stm32g0xx_hal_adc.o
 .debug_abbrev  0x0000000000001bc8      0x23d ./Drivers/STM32G0xx_HAL_Driver/Src/stm32g0xx_hal_adc_ex.o
 .debug_abbrev  0x0000000000001e05      0x29f ./Drivers/STM32G0xx_HAL_Driver/Src/stm32g0xx_hal_cortex.o
 .debug_abbrev  0x00000000000020a4      0x1db ./Drivers/STM32G0xx_HAL_Driver/Src/stm32g0xx_hal_dma.o
 .debug_abbrev  0x000000000000227f      0x1b9 ./Drivers/STM32G0xx_HAL_Driver/Src/stm32g0xx_hal_gpio.o
 .debug_abbrev  0x0000000000002438      0x1d1 ./Drivers/STM32G0xx_HAL_Driver/Src/stm32g0xx_hal_pwr_ex.o
 .debug_abbrev  0x0000000000002609      0x2a3 ./Drivers/STM32G0xx_HAL_Driver/Src/stm32g0xx_hal_rcc.o
 .debug_abbrev  0x00000000000028ac      0x21a ./Drivers/STM32G0xx_HAL_Driver/Src/stm32g0xx_hal_rcc_ex.o

.debug_aranges  0x0000000000000000      0xa88
 .debug_aranges
                0x0000000000000000       0x28 ./Core/Src/ad8363.o
 .debug_aranges
                0x0000000000000028       0x30 ./Core/Src/bda4601.o
 .debug_aranges
                0x0000000000000058       0x38 ./Core/Src/eeprom.o
 .debug_aranges
                0x0000000000000090       0x48 ./Core/Src/i2c1.o
 .debug_aranges
                0x00000000000000d8       0x28 ./Core/Src/led.o
 .debug_aranges
                0x0000000000000100       0x28 ./Core/Src/lm75.o
 .debug_aranges
                0x0000000000000128       0x70 ./Core/Src/main.o
 .debug_aranges
                0x0000000000000198       0x28 ./Core/Src/max4003.o
 .debug_aranges
                0x00000000000001c0       0x28 ./Core/Src/module.o
 .debug_aranges
                0x00000000000001e8       0x30 ./Core/Src/rs485.o
 .debug_aranges
                0x0000000000000218       0x40 ./Core/Src/stm32g0xx_hal_msp.o
 .debug_aranges
                0x0000000000000258       0x48 ./Core/Src/stm32g0xx_it.o
 .debug_aranges
                0x00000000000002a0       0x20 ./Core/Src/sysmem.o
 .debug_aranges
                0x00000000000002c0       0x28 ./Core/Src/system_stm32g0xx.o
 .debug_aranges
                0x00000000000002e8       0x78 ./Core/Src/uart1.o
 .debug_aranges
                0x0000000000000360       0x30 ./Core/Src/utils.o
 .debug_aranges
                0x0000000000000390       0x28 ./Core/Startup/startup_stm32g030k6tx.o
 .debug_aranges
                0x00000000000003b8      0x100 ./Drivers/STM32G0xx_HAL_Driver/Src/stm32g0xx_hal.o
 .debug_aranges
                0x00000000000004b8      0x1f0 ./Drivers/STM32G0xx_HAL_Driver/Src/stm32g0xx_hal_adc.o
 .debug_aranges
                0x00000000000006a8       0xa0 ./Drivers/STM32G0xx_HAL_Driver/Src/stm32g0xx_hal_adc_ex.o
 .debug_aranges
                0x0000000000000748       0xd8 ./Drivers/STM32G0xx_HAL_Driver/Src/stm32g0xx_hal_cortex.o
 .debug_aranges
                0x0000000000000820       0x90 ./Drivers/STM32G0xx_HAL_Driver/Src/stm32g0xx_hal_dma.o
 .debug_aranges
                0x00000000000008b0       0x60 ./Drivers/STM32G0xx_HAL_Driver/Src/stm32g0xx_hal_gpio.o
 .debug_aranges
                0x0000000000000910       0x98 ./Drivers/STM32G0xx_HAL_Driver/Src/stm32g0xx_hal_pwr_ex.o
 .debug_aranges
                0x00000000000009a8       0xa0 ./Drivers/STM32G0xx_HAL_Driver/Src/stm32g0xx_hal_rcc.o
 .debug_aranges
                0x0000000000000a48       0x40 ./Drivers/STM32G0xx_HAL_Driver/Src/stm32g0xx_hal_rcc_ex.o

.debug_ranges   0x0000000000000000      0x920
 .debug_ranges  0x0000000000000000       0x18 ./Core/Src/ad8363.o
 .debug_ranges  0x0000000000000018       0x20 ./Core/Src/bda4601.o
 .debug_ranges  0x0000000000000038       0x28 ./Core/Src/eeprom.o
 .debug_ranges  0x0000000000000060       0x68 ./Core/Src/i2c1.o
 .debug_ranges  0x00000000000000c8       0x18 ./Core/Src/led.o
 .debug_ranges  0x00000000000000e0       0x18 ./Core/Src/lm75.o
 .debug_ranges  0x00000000000000f8       0x60 ./Core/Src/main.o
 .debug_ranges  0x0000000000000158       0x18 ./Core/Src/max4003.o
 .debug_ranges  0x0000000000000170       0x18 ./Core/Src/module.o
 .debug_ranges  0x0000000000000188       0x20 ./Core/Src/rs485.o
 .debug_ranges  0x00000000000001a8       0x30 ./Core/Src/stm32g0xx_hal_msp.o
 .debug_ranges  0x00000000000001d8       0x38 ./Core/Src/stm32g0xx_it.o
 .debug_ranges  0x0000000000000210       0x10 ./Core/Src/sysmem.o
 .debug_ranges  0x0000000000000220       0x18 ./Core/Src/system_stm32g0xx.o
 .debug_ranges  0x0000000000000238       0x68 ./Core/Src/uart1.o
 .debug_ranges  0x00000000000002a0       0x20 ./Core/Src/utils.o
 .debug_ranges  0x00000000000002c0       0x20 ./Core/Startup/startup_stm32g030k6tx.o
 .debug_ranges  0x00000000000002e0       0xf0 ./Drivers/STM32G0xx_HAL_Driver/Src/stm32g0xx_hal.o
 .debug_ranges  0x00000000000003d0      0x1e0 ./Drivers/STM32G0xx_HAL_Driver/Src/stm32g0xx_hal_adc.o
 .debug_ranges  0x00000000000005b0       0x90 ./Drivers/STM32G0xx_HAL_Driver/Src/stm32g0xx_hal_adc_ex.o
 .debug_ranges  0x0000000000000640       0xc8 ./Drivers/STM32G0xx_HAL_Driver/Src/stm32g0xx_hal_cortex.o
 .debug_ranges  0x0000000000000708       0x80 ./Drivers/STM32G0xx_HAL_Driver/Src/stm32g0xx_hal_dma.o
 .debug_ranges  0x0000000000000788       0x50 ./Drivers/STM32G0xx_HAL_Driver/Src/stm32g0xx_hal_gpio.o
 .debug_ranges  0x00000000000007d8       0x88 ./Drivers/STM32G0xx_HAL_Driver/Src/stm32g0xx_hal_pwr_ex.o
 .debug_ranges  0x0000000000000860       0x90 ./Drivers/STM32G0xx_HAL_Driver/Src/stm32g0xx_hal_rcc.o
 .debug_ranges  0x00000000000008f0       0x30 ./Drivers/STM32G0xx_HAL_Driver/Src/stm32g0xx_hal_rcc_ex.o

.debug_macro    0x0000000000000000    0x17f1f
 .debug_macro   0x0000000000000000      0x21e ./Core/Src/ad8363.o
 .debug_macro   0x000000000000021e      0xa4e ./Core/Src/ad8363.o
 .debug_macro   0x0000000000000c6c      0x123 ./Core/Src/ad8363.o
 .debug_macro   0x0000000000000d8f       0x2e ./Core/Src/ad8363.o
 .debug_macro   0x0000000000000dbd       0x28 ./Core/Src/ad8363.o
 .debug_macro   0x0000000000000de5       0x22 ./Core/Src/ad8363.o
 .debug_macro   0x0000000000000e07       0x8e ./Core/Src/ad8363.o
 .debug_macro   0x0000000000000e95       0x51 ./Core/Src/ad8363.o
 .debug_macro   0x0000000000000ee6      0x103 ./Core/Src/ad8363.o
 .debug_macro   0x0000000000000fe9       0x6a ./Core/Src/ad8363.o
 .debug_macro   0x0000000000001053      0x1df ./Core/Src/ad8363.o
 .debug_macro   0x0000000000001232       0x1c ./Core/Src/ad8363.o
 .debug_macro   0x000000000000124e       0x22 ./Core/Src/ad8363.o
 .debug_macro   0x0000000000001270       0xd1 ./Core/Src/ad8363.o
 .debug_macro   0x0000000000001341      0x4da ./Core/Src/ad8363.o
 .debug_macro   0x000000000000181b      0x11f ./Core/Src/ad8363.o
 .debug_macro   0x000000000000193a     0xa0c5 ./Core/Src/ad8363.o
 .debug_macro   0x000000000000b9ff       0x66 ./Core/Src/ad8363.o
 .debug_macro   0x000000000000ba65     0x34fd ./Core/Src/ad8363.o
 .debug_macro   0x000000000000ef62      0x174 ./Core/Src/ad8363.o
 .debug_macro   0x000000000000f0d6       0x5c ./Core/Src/ad8363.o
 .debug_macro   0x000000000000f132      0x485 ./Core/Src/ad8363.o
 .debug_macro   0x000000000000f5b7      0xdcd ./Core/Src/ad8363.o
 .debug_macro   0x0000000000010384      0x106 ./Core/Src/ad8363.o
 .debug_macro   0x000000000001048a      0x1cf ./Core/Src/ad8363.o
 .debug_macro   0x0000000000010659       0xff ./Core/Src/ad8363.o
 .debug_macro   0x0000000000010758      0x33c ./Core/Src/ad8363.o
 .debug_macro   0x0000000000010a94      0x202 ./Core/Src/ad8363.o
 .debug_macro   0x0000000000010c96      0x2c7 ./Core/Src/ad8363.o
 .debug_macro   0x0000000000010f5d      0x198 ./Core/Src/ad8363.o
 .debug_macro   0x00000000000110f5       0x43 ./Core/Src/ad8363.o
 .debug_macro   0x0000000000011138      0x1f1 ./Core/Src/ad8363.o
 .debug_macro   0x0000000000011329      0x8a1 ./Core/Src/ad8363.o
 .debug_macro   0x0000000000011bca      0x5ad ./Core/Src/ad8363.o
 .debug_macro   0x0000000000012177       0x2e ./Core/Src/ad8363.o
 .debug_macro   0x00000000000121a5      0x1d6 ./Core/Src/ad8363.o
 .debug_macro   0x000000000001237b      0x2a3 ./Core/Src/ad8363.o
 .debug_macro   0x000000000001261e       0x28 ./Core/Src/ad8363.o
 .debug_macro   0x0000000000012646       0xcf ./Core/Src/ad8363.o
 .debug_macro   0x0000000000012715       0x85 ./Core/Src/ad8363.o
 .debug_macro   0x000000000001279a       0xff ./Core/Src/ad8363.o
 .debug_macro   0x0000000000012899      0x10d ./Core/Src/ad8363.o
 .debug_macro   0x00000000000129a6      0x693 ./Core/Src/ad8363.o
 .debug_macro   0x0000000000013039       0xa6 ./Core/Src/ad8363.o
 .debug_macro   0x00000000000130df      0x412 ./Core/Src/ad8363.o
 .debug_macro   0x00000000000134f1       0xe8 ./Core/Src/ad8363.o
 .debug_macro   0x00000000000135d9       0x22 ./Core/Src/ad8363.o
 .debug_macro   0x00000000000135fb       0x22 ./Core/Src/ad8363.o
 .debug_macro   0x000000000001361d      0x21b ./Core/Src/bda4601.o
 .debug_macro   0x0000000000013838       0x10 ./Core/Src/bda4601.o
 .debug_macro   0x0000000000013848      0x22d ./Core/Src/eeprom.o
 .debug_macro   0x0000000000013a75       0x16 ./Core/Src/eeprom.o
 .debug_macro   0x0000000000013a8b       0x16 ./Core/Src/eeprom.o
 .debug_macro   0x0000000000013aa1      0x218 ./Core/Src/i2c1.o
 .debug_macro   0x0000000000013cb9       0xee ./Core/Src/i2c1.o
 .debug_macro   0x0000000000013da7      0x21b ./Core/Src/led.o
 .debug_macro   0x0000000000013fc2       0x58 ./Core/Src/led.o
 .debug_macro   0x000000000001401a      0x22e ./Core/Src/lm75.o
 .debug_macro   0x0000000000014248      0x4c0 ./Core/Src/main.o
 .debug_macro   0x0000000000014708       0x52 ./Core/Src/main.o
 .debug_macro   0x000000000001475a       0x18 ./Core/Src/main.o
 .debug_macro   0x0000000000014772       0x3c ./Core/Src/main.o
 .debug_macro   0x00000000000147ae       0x34 ./Core/Src/main.o
 .debug_macro   0x00000000000147e2       0x16 ./Core/Src/main.o
 .debug_macro   0x00000000000147f8       0x35 ./Core/Src/main.o
 .debug_macro   0x000000000001482d      0x341 ./Core/Src/main.o
 .debug_macro   0x0000000000014b6e       0x10 ./Core/Src/main.o
 .debug_macro   0x0000000000014b7e       0x16 ./Core/Src/main.o
 .debug_macro   0x0000000000014b94       0x43 ./Core/Src/main.o
 .debug_macro   0x0000000000014bd7       0x34 ./Core/Src/main.o
 .debug_macro   0x0000000000014c0b       0x10 ./Core/Src/main.o
 .debug_macro   0x0000000000014c1b       0x58 ./Core/Src/main.o
 .debug_macro   0x0000000000014c73       0x71 ./Core/Src/main.o
 .debug_macro   0x0000000000014ce4       0x1c ./Core/Src/main.o
 .debug_macro   0x0000000000014d00      0x12a ./Core/Src/main.o
 .debug_macro   0x0000000000014e2a       0x10 ./Core/Src/main.o
 .debug_macro   0x0000000000014e3a       0x1c ./Core/Src/main.o
 .debug_macro   0x0000000000014e56       0x52 ./Core/Src/main.o
 .debug_macro   0x0000000000014ea8       0x22 ./Core/Src/main.o
 .debug_macro   0x0000000000014eca       0x10 ./Core/Src/main.o
 .debug_macro   0x0000000000014eda       0x52 ./Core/Src/main.o
 .debug_macro   0x0000000000014f2c       0xd5 ./Core/Src/main.o
 .debug_macro   0x0000000000015001       0x1c ./Core/Src/main.o
 .debug_macro   0x000000000001501d       0x3d ./Core/Src/main.o
 .debug_macro   0x000000000001505a       0x16 ./Core/Src/main.o
 .debug_macro   0x0000000000015070      0x145 ./Core/Src/main.o
 .debug_macro   0x00000000000151b5       0x16 ./Core/Src/main.o
 .debug_macro   0x00000000000151cb       0x16 ./Core/Src/main.o
 .debug_macro   0x00000000000151e1       0x29 ./Core/Src/main.o
 .debug_macro   0x000000000001520a       0x16 ./Core/Src/main.o
 .debug_macro   0x0000000000015220       0x20 ./Core/Src/main.o
 .debug_macro   0x0000000000015240       0x10 ./Core/Src/main.o
 .debug_macro   0x0000000000015250      0x19b ./Core/Src/main.o
 .debug_macro   0x00000000000153eb       0x16 ./Core/Src/main.o
 .debug_macro   0x0000000000015401       0x5e ./Core/Src/main.o
 .debug_macro   0x000000000001545f       0x28 ./Core/Src/main.o
 .debug_macro   0x0000000000015487      0x224 ./Core/Src/max4003.o
 .debug_macro   0x00000000000156ab       0x22 ./Core/Src/max4003.o
 .debug_macro   0x00000000000156cd      0x2ca ./Core/Src/module.o
 .debug_macro   0x0000000000015997      0x395 ./Core/Src/rs485.o
 .debug_macro   0x0000000000015d2c       0x1c ./Core/Src/rs485.o
 .debug_macro   0x0000000000015d48      0x20c ./Core/Src/stm32g0xx_hal_msp.o
 .debug_macro   0x0000000000015f54      0x216 ./Core/Src/stm32g0xx_it.o
 .debug_macro   0x000000000001616a       0xff ./Core/Src/sysmem.o
 .debug_macro   0x0000000000016269      0x23b ./Core/Src/sysmem.o
 .debug_macro   0x00000000000164a4      0x1fd ./Core/Src/system_stm32g0xx.o
 .debug_macro   0x00000000000166a1      0x2e1 ./Core/Src/uart1.o
 .debug_macro   0x0000000000016982      0x2ed ./Core/Src/utils.o
 .debug_macro   0x0000000000016c6f       0x10 ./Core/Src/utils.o
 .debug_macro   0x0000000000016c7f      0x21b ./Drivers/STM32G0xx_HAL_Driver/Src/stm32g0xx_hal.o
 .debug_macro   0x0000000000016e9a      0x221 ./Drivers/STM32G0xx_HAL_Driver/Src/stm32g0xx_hal_adc.o
 .debug_macro   0x00000000000170bb      0x209 ./Drivers/STM32G0xx_HAL_Driver/Src/stm32g0xx_hal_adc_ex.o
 .debug_macro   0x00000000000172c4      0x1fd ./Drivers/STM32G0xx_HAL_Driver/Src/stm32g0xx_hal_cortex.o
 .debug_macro   0x00000000000174c1      0x1fd ./Drivers/STM32G0xx_HAL_Driver/Src/stm32g0xx_hal_dma.o
 .debug_macro   0x00000000000176be      0x204 ./Drivers/STM32G0xx_HAL_Driver/Src/stm32g0xx_hal_gpio.o
 .debug_macro   0x00000000000178c2      0x20f ./Drivers/STM32G0xx_HAL_Driver/Src/stm32g0xx_hal_pwr_ex.o
 .debug_macro   0x0000000000017ad1      0x239 ./Drivers/STM32G0xx_HAL_Driver/Src/stm32g0xx_hal_rcc.o
 .debug_macro   0x0000000000017d0a      0x215 ./Drivers/STM32G0xx_HAL_Driver/Src/stm32g0xx_hal_rcc_ex.o

.debug_line     0x0000000000000000    0x105b3
 .debug_line    0x0000000000000000      0x7ad ./Core/Src/ad8363.o
 .debug_line    0x00000000000007ad      0x832 ./Core/Src/bda4601.o
 .debug_line    0x0000000000000fdf      0x7e4 ./Core/Src/eeprom.o
 .debug_line    0x00000000000017c3      0x987 ./Core/Src/i2c1.o
 .debug_line    0x000000000000214a      0x792 ./Core/Src/led.o
 .debug_line    0x00000000000028dc      0x79e ./Core/Src/lm75.o
 .debug_line    0x000000000000307a      0xfb7 ./Core/Src/main.o
 .debug_line    0x0000000000004031      0x7ad ./Core/Src/max4003.o
 .debug_line    0x00000000000047de      0x8e7 ./Core/Src/module.o
 .debug_line    0x00000000000050c5      0xc21 ./Core/Src/rs485.o
 .debug_line    0x0000000000005ce6      0x849 ./Core/Src/stm32g0xx_hal_msp.o
 .debug_line    0x000000000000652f      0x7d5 ./Core/Src/stm32g0xx_it.o
 .debug_line    0x0000000000006d04      0x521 ./Core/Src/sysmem.o
 .debug_line    0x0000000000007225      0x7cb ./Core/Src/system_stm32g0xx.o
 .debug_line    0x00000000000079f0      0xbf6 ./Core/Src/uart1.o
 .debug_line    0x00000000000085e6      0x9bd ./Core/Src/utils.o
 .debug_line    0x0000000000008fa3       0x89 ./Core/Startup/startup_stm32g030k6tx.o
 .debug_line    0x000000000000902c      0xa86 ./Drivers/STM32G0xx_HAL_Driver/Src/stm32g0xx_hal.o
 .debug_line    0x0000000000009ab2     0x18af ./Drivers/STM32G0xx_HAL_Driver/Src/stm32g0xx_hal_adc.o
 .debug_line    0x000000000000b361      0xa34 ./Drivers/STM32G0xx_HAL_Driver/Src/stm32g0xx_hal_adc_ex.o
 .debug_line    0x000000000000bd95      0xb82 ./Drivers/STM32G0xx_HAL_Driver/Src/stm32g0xx_hal_cortex.o
 .debug_line    0x000000000000c917      0xda2 ./Drivers/STM32G0xx_HAL_Driver/Src/stm32g0xx_hal_dma.o
 .debug_line    0x000000000000d6b9      0xb6e ./Drivers/STM32G0xx_HAL_Driver/Src/stm32g0xx_hal_gpio.o
 .debug_line    0x000000000000e227      0x99e ./Drivers/STM32G0xx_HAL_Driver/Src/stm32g0xx_hal_pwr_ex.o
 .debug_line    0x000000000000ebc5      0xf16 ./Drivers/STM32G0xx_HAL_Driver/Src/stm32g0xx_hal_rcc.o
 .debug_line    0x000000000000fadb      0xad8 ./Drivers/STM32G0xx_HAL_Driver/Src/stm32g0xx_hal_rcc_ex.o

.debug_str      0x0000000000000000    0x8af1c
 .debug_str     0x0000000000000000    0x82a45 ./Core/Src/ad8363.o
                                      0x830ea (size before relaxing)
 .debug_str     0x0000000000082a45       0xe7 ./Core/Src/bda4601.o
                                      0x830cd (size before relaxing)
 .debug_str     0x0000000000082b2c      0x104 ./Core/Src/eeprom.o
                                      0x83124 (size before relaxing)
 .debug_str     0x0000000000082c30      0x14e ./Core/Src/i2c1.o
                                      0x83203 (size before relaxing)
 .debug_str     0x0000000000082d7e      0x311 ./Core/Src/led.o
                                      0x83327 (size before relaxing)
 .debug_str     0x000000000008308f       0x78 ./Core/Src/lm75.o
                                      0x830bf (size before relaxing)
 .debug_str     0x0000000000083107     0x591b ./Core/Src/main.o
                                      0x8901d (size before relaxing)
 .debug_str     0x0000000000088a22       0x30 ./Core/Src/max4003.o
                                      0x83104 (size before relaxing)
 .debug_str     0x0000000000088a52       0x31 ./Core/Src/module.o
                                      0x866dd (size before relaxing)
 .debug_str     0x0000000000088a83       0x50 ./Core/Src/rs485.o
                                      0x877ba (size before relaxing)