Archive member included to satisfy reference by file (symbol)

c:/st/stm32cubeide_1.9.0/stm32cubeide/plugins/com.st.stm32cube.ide.mcu.externaltools.gnu-tools-for-stm32.10.3-2021.10.win32_1.0.0.202111181127/tools/bin/../lib/gcc/arm-none-eabi/10.3.1/../../../../arm-none-eabi/lib/thumb/v6-m/nofp\libc_nano.a(lib_a-errno.o)
                              ./Core/Src/syscalls.o (__errno)
c:/st/stm32cubeide_1.9.0/stm32cubeide/plugins/com.st.stm32cube.ide.mcu.externaltools.gnu-tools-for-stm32.10.3-2021.10.win32_1.0.0.202111181127/tools/bin/../lib/gcc/arm-none-eabi/10.3.1/../../../../arm-none-eabi/lib/thumb/v6-m/nofp\libc_nano.a(lib_a-exit.o)
                              c:/st/stm32cubeide_1.9.0/stm32cubeide/plugins/com.st.stm32cube.ide.mcu.externaltools.gnu-tools-for-stm32.10.3-2021.10.win32_1.0.0.202111181127/tools/bin/../lib/gcc/arm-none-eabi/10.3.1/../../../../arm-none-eabi/lib/thumb/v6-m/nofp/crt0.o (exit)
c:/st/stm32cubeide_1.9.0/stm32cubeide/plugins/com.st.stm32cube.ide.mcu.externaltools.gnu-tools-for-stm32.10.3-2021.10.win32_1.0.0.202111181127/tools/bin/../lib/gcc/arm-none-eabi/10.3.1/../../../../arm-none-eabi/lib/thumb/v6-m/nofp\libc_nano.a(lib_a-impure.o)
                              c:/st/stm32cubeide_1.9.0/stm32cubeide/plugins/com.st.stm32cube.ide.mcu.externaltools.gnu-tools-for-stm32.10.3-2021.10.win32_1.0.0.202111181127/tools/bin/../lib/gcc/arm-none-eabi/10.3.1/../../../../arm-none-eabi/lib/thumb/v6-m/nofp\libc_nano.a(lib_a-exit.o) (_global_impure_ptr)
c:/st/stm32cubeide_1.9.0/stm32cubeide/plugins/com.st.stm32cube.ide.mcu.externaltools.gnu-tools-for-stm32.10.3-2021.10.win32_1.0.0.202111181127/tools/bin/../lib/gcc/arm-none-eabi/10.3.1/../../../../arm-none-eabi/lib/thumb/v6-m/nofp\libc_nano.a(lib_a-init.o)
                              c:/st/stm32cubeide_1.9.0/stm32cubeide/plugins/com.st.stm32cube.ide.mcu.externaltools.gnu-tools-for-stm32.10.3-2021.10.win32_1.0.0.202111181127/tools/bin/../lib/gcc/arm-none-eabi/10.3.1/../../../../arm-none-eabi/lib/thumb/v6-m/nofp/crt0.o (__libc_init_array)
c:/st/stm32cubeide_1.9.0/stm32cubeide/plugins/com.st.stm32cube.ide.mcu.externaltools.gnu-tools-for-stm32.10.3-2021.10.win32_1.0.0.202111181127/tools/bin/../lib/gcc/arm-none-eabi/10.3.1/../../../../arm-none-eabi/lib/thumb/v6-m/nofp\libc_nano.a(lib_a-malloc.o)
                              ./Core/Src/main.o (malloc)
c:/st/stm32cubeide_1.9.0/stm32cubeide/plugins/com.st.stm32cube.ide.mcu.externaltools.gnu-tools-for-stm32.10.3-2021.10.win32_1.0.0.202111181127/tools/bin/../lib/gcc/arm-none-eabi/10.3.1/../../../../arm-none-eabi/lib/thumb/v6-m/nofp\libc_nano.a(lib_a-memset.o)
                              c:/st/stm32cubeide_1.9.0/stm32cubeide/plugins/com.st.stm32cube.ide.mcu.externaltools.gnu-tools-for-stm32.10.3-2021.10.win32_1.0.0.202111181127/tools/bin/../lib/gcc/arm-none-eabi/10.3.1/../../../../arm-none-eabi/lib/thumb/v6-m/nofp/crt0.o (memset)
c:/st/stm32cubeide_1.9.0/stm32cubeide/plugins/com.st.stm32cube.ide.mcu.externaltools.gnu-tools-for-stm32.10.3-2021.10.win32_1.0.0.202111181127/tools/bin/../lib/gcc/arm-none-eabi/10.3.1/../../../../arm-none-eabi/lib/thumb/v6-m/nofp\libc_nano.a(lib_a-nano-freer.o)
                              c:/st/stm32cubeide_1.9.0/stm32cubeide/plugins/com.st.stm32cube.ide.mcu.externaltools.gnu-tools-for-stm32.10.3-2021.10.win32_1.0.0.202111181127/tools/bin/../lib/gcc/arm-none-eabi/10.3.1/../../../../arm-none-eabi/lib/thumb/v6-m/nofp\libc_nano.a(lib_a-malloc.o) (_free_r)
c:/st/stm32cubeide_1.9.0/stm32cubeide/plugins/com.st.stm32cube.ide.mcu.externaltools.gnu-tools-for-stm32.10.3-2021.10.win32_1.0.0.202111181127/tools/bin/../lib/gcc/arm-none-eabi/10.3.1/../../../../arm-none-eabi/lib/thumb/v6-m/nofp\libc_nano.a(lib_a-nano-mallocr.o)
                              c:/st/stm32cubeide_1.9.0/stm32cubeide/plugins/com.st.stm32cube.ide.mcu.externaltools.gnu-tools-for-stm32.10.3-2021.10.win32_1.0.0.202111181127/tools/bin/../lib/gcc/arm-none-eabi/10.3.1/../../../../arm-none-eabi/lib/thumb/v6-m/nofp\libc_nano.a(lib_a-malloc.o) (_malloc_r)
c:/st/stm32cubeide_1.9.0/stm32cubeide/plugins/com.st.stm32cube.ide.mcu.externaltools.gnu-tools-for-stm32.10.3-2021.10.win32_1.0.0.202111181127/tools/bin/../lib/gcc/arm-none-eabi/10.3.1/../../../../arm-none-eabi/lib/thumb/v6-m/nofp\libc_nano.a(lib_a-sbrkr.o)
                              c:/st/stm32cubeide_1.9.0/stm32cubeide/plugins/com.st.stm32cube.ide.mcu.externaltools.gnu-tools-for-stm32.10.3-2021.10.win32_1.0.0.202111181127/tools/bin/../lib/gcc/arm-none-eabi/10.3.1/../../../../arm-none-eabi/lib/thumb/v6-m/nofp\libc_nano.a(lib_a-nano-mallocr.o) (_sbrk_r)
c:/st/stm32cubeide_1.9.0/stm32cubeide/plugins/com.st.stm32cube.ide.mcu.externaltools.gnu-tools-for-stm32.10.3-2021.10.win32_1.0.0.202111181127/tools/bin/../lib/gcc/arm-none-eabi/10.3.1/../../../../arm-none-eabi/lib/thumb/v6-m/nofp\libc_nano.a(lib_a-sprintf.o)
                              ./Core/Src/main.o (sprintf)
[...]
Memory Configuration

Name             Origin             Length             Attributes
RAM              0x0000000020000000 0x0000000000002000 xrw
FLASH            0x0000000008000000 0x0000000000008000 xr
*default*        0x0000000000000000 0xffffffffffffffff

Linker script and memory map

LOAD c:/st/stm32cubeide_1.9.0/stm32cubeide/plugins/com.st.stm32cube.ide.mcu.externaltools.gnu-tools-for-stm32.10.3-2021.10.win32_1.0.0.202111181127/tools/bin/../lib/gcc/arm-none-eabi/10.3.1/thumb/v6-m/nofp/crti.o
LOAD c:/st/stm32cubeide_1.9.0/stm32cubeide/plugins/com.st.stm32cube.ide.mcu.externaltools.gnu-tools-for-stm32.10.3-2021.10.win32_1.0.0.202111181127/tools/bin/../lib/gcc/arm-none-eabi/10.3.1/thumb/v6-m/nofp/crtbegin.o
LOAD c:/st/stm32cubeide_1.9.0/stm32cubeide/plugins/com.st.stm32cube.ide.mcu.externaltools.gnu-tools-for-stm32.10.3-2021.10.win32_1.0.0.202111181127/tools/bin/../lib/gcc/arm-none-eabi/10.3.1/../../../../arm-none-eabi/lib/thumb/v6-m/nofp/crt0.o
LOAD ./Core/Src/ad8363.o
LOAD ./Core/Src/adc.o
LOAD ./Core/Src/bda4601.o
LOAD ./Core/Src/ds18b20.o
LOAD ./Core/Src/i2c1.o
LOAD ./Core/Src/led.o
LOAD ./Core/Src/lm75.o
LOAD ./Core/Src/m24c64.o
LOAD ./Core/Src/main.o
LOAD ./Core/Src/max4003.o
LOAD ./Core/Src/module.o
LOAD ./Core/Src/rs485.o
LOAD ./Core/Src/stm32g0xx_hal_msp.o
LOAD ./Core/Src/stm32g0xx_it.o
LOAD ./Core/Src/syscalls.o
LOAD ./Core/Src/sysmem.o
LOAD ./Core/Src/system_stm32g0xx.o
LOAD ./Core/Src/uart1.o
LOAD ./Core/Src/utils.o
LOAD ./Core/Startup/startup_stm32g030k6tx.o
LOAD ./Drivers/STM32G0xx_HAL_Driver/Src/stm32g0xx_hal.o
LOAD ./Drivers/STM32G0xx_HAL_Driver/Src/stm32g0xx_hal_adc.o
LOAD ./Drivers/STM32G0xx_HAL_Driver/Src/stm32g0xx_hal_adc_ex.o
LOAD ./Drivers/STM32G0xx_HAL_Driver/Src/stm32g0xx_hal_cortex.o
LOAD ./Drivers/STM32G0xx_HAL_Driver/Src/stm32g0xx_hal_dma.o
LOAD ./Drivers/STM32G0xx_HAL_Driver/Src/stm32g0xx_hal_dma_ex.o
LOAD ./Drivers/STM32G0xx_HAL_Driver/Src/stm32g0xx_hal_exti.o
LOAD ./Drivers/STM32G0xx_HAL_Driver/Src/stm32g0xx_hal_flash.o
LOAD ./Drivers/STM32G0xx_HAL_Driver/Src/stm32g0xx_hal_flash_ex.o
LOAD ./Drivers/STM32G0xx_HAL_Driver/Src/stm32g0xx_hal_gpio.o
LOAD ./Drivers/STM32G0xx_HAL_Driver/Src/stm32g0xx_hal_iwdg.o
LOAD ./Drivers/STM32G0xx_HAL_Driver/Src/stm32g0xx_hal_pwr.o
LOAD ./Drivers/STM32G0xx_HAL_Driver/Src/stm32g0xx_hal_pwr_ex.o
LOAD ./Drivers/STM32G0xx_HAL_Driver/Src/stm32g0xx_hal_rcc.o
LOAD ./Drivers/STM32G0xx_HAL_Driver/Src/stm32g0xx_hal_rcc_ex.o
LOAD ./Drivers/STM32G0xx_HAL_Driver/Src/stm32g0xx_hal_tim.o
LOAD ./Drivers/STM32G0xx_HAL_Driver/Src/stm32g0xx_hal_tim_ex.o
LOAD ./Drivers/STM32G0xx_HAL_Driver/Src/stm32g0xx_hal_uart.o
LOAD ./Drivers/STM32G0xx_HAL_Driver/Src/stm32g0xx_hal_uart_ex.o
LOAD ./Drivers/STM32G0xx_HAL_Driver/Src/stm32g0xx_ll_adc.o
LOAD ./Drivers/STM32G0xx_HAL_Driver/Src/stm32g0xx_ll_dma.o
LOAD ./Drivers/STM32G0xx_HAL_Driver/Src/stm32g0xx_ll_rcc.o
START GROUP
LOAD c:/st/stm32cubeide_1.9.0/stm32cubeide/plugins/com.st.stm32cube.ide.mcu.externaltools.gnu-tools-for-stm32.10.3-2021.10.win32_1.0.0.202111181127/tools/bin/../lib/gcc/arm-none-eabi/10.3.1/../../../../arm-none-eabi/lib/thumb/v6-m/nofp\libc_nano.a
LOAD c:/st/stm32cubeide_1.9.0/stm32cubeide/plugins/com.st.stm32cube.ide.mcu.externaltools.gnu-tools-for-stm32.10.3-2021.10.win32_1.0.0.202111181127/tools/bin/../lib/gcc/arm-none-eabi/10.3.1/../../../../arm-none-eabi/lib/thumb/v6-m/nofp\libm.a
END GROUP
START GROUP
LOAD c:/st/stm32cubeide_1.9.0/stm32cubeide/plugins/com.st.stm32cube.ide.mcu.externaltools.gnu-tools-for-stm32.10.3-2021.10.win32_1.0.0.202111181127/tools/bin/../lib/gcc/arm-none-eabi/10.3.1/thumb/v6-m/nofp\libgcc.a
LOAD c:/st/stm32cubeide_1.9.0/stm32cubeide/plugins/com.st.stm32cube.ide.mcu.externaltools.gnu-tools-for-stm32.10.3-2021.10.win32_1.0.0.202111181127/tools/bin/../lib/gcc/arm-none-eabi/10.3.1/../../../../arm-none-eabi/lib/thumb/v6-m/nofp\libc_nano.a
END GROUP
START GROUP
LOAD c:/st/stm32cubeide_1.9.0/stm32cubeide/plugins/com.st.stm32cube.ide.mcu.externaltools.gnu-tools-for-stm32.10.3-2021.10.win32_1.0.0.202111181127/tools/bin/../lib/gcc/arm-none-eabi/10.3.1/thumb/v6-m/nofp\libgcc.a
LOAD c:/st/stm32cubeide_1.9.0/stm32cubeide/plugins/com.st.stm32cube.ide.mcu.externaltools.gnu-tools-for-stm32.10.3-2021.10.win32_1.0.0.202111181127/tools/bin/../lib/gcc/arm-none-eabi/10.3.1/../../../../arm-none-eabi/lib/thumb/v6-m/nofp\libc_nano.a
LOAD c:/st/stm32cubeide_1.9.0/stm32cubeide/plugins/com.st.stm32cube.ide.mcu.externaltools.gnu-tools-for-stm32.10.3-2021.10.win32_1.0.0.202111181127/tools/bin/../lib/gcc/arm-none-eabi/10.3.1/../../../../arm-none-eabi/lib/thumb/v6-m/nofp\libnosys.a
END GROUP
START GROUP
LOAD c:/st/stm32cubeide_1.9.0/stm32cubeide/plugins/com.st.stm32cube.ide.mcu.externaltools.gnu-tools-for-stm32.10.3-2021.10.win32_1.0.0.202111181127/tools/bin/../lib/gcc/arm-none-eabi/10.3.1/thumb/v6-m/nofp\libgcc.a
LOAD c:/st/stm32cubeide_1.9.0/stm32cubeide/plugins/com.st.stm32cube.ide.mcu.externaltools.gnu-tools-for-stm32.10.3-2021.10.win32_1.0.0.202111181127/tools/bin/../lib/gcc/arm-none-eabi/10.3.1/../../../../arm-none-eabi/lib/thumb/v6-m/nofp\libc_nano.a
LOAD c:/st/stm32cubeide_1.9.0/stm32cubeide/plugins/com.st.stm32cube.ide.mcu.externaltools.gnu-tools-for-stm32.10.3-2021.10.win32_1.0.0.202111181127/tools/bin/../lib/gcc/arm-none-eabi/10.3.1/../../../../arm-none-eabi/lib/thumb/v6-m/nofp\libnosys.a
END GROUP
LOAD c:/st/stm32cubeide_1.9.0/stm32cubeide/plugins/com.st.stm32cube.ide.mcu.externaltools.gnu-tools-for-stm32.10.3-2021.10.win32_1.0.0.202111181127/tools/bin/../lib/gcc/arm-none-eabi/10.3.1/thumb/v6-m/nofp/crtend.o
LOAD c:/st/stm32cubeide_1.9.0/stm32cubeide/plugins/com.st.stm32cube.ide.mcu.externaltools.gnu-tools-for-stm32.10.3-2021.10.win32_1.0.0.202111181127/tools/bin/../lib/gcc/arm-none-eabi/10.3.1/thumb/v6-m/nofp/crtn.o
                0x0000000020002000                _estack = (ORIGIN (RAM) + LENGTH (RAM))
                0x0000000000000200                _Min_Heap_Size = 0x200
                0x0000000000000400                _Min_Stack_Size = 0x400

.isr_vector     0x0000000008000000       0xb8
                0x0000000008000000                . = ALIGN (0x4)
 *(.isr_vector)
 .isr_vector    0x0000000008000000       0xb8 ./Core/Startup/startup_stm32g030k6tx.o
                0x0000000008000000                g_pfnVectors
                0x00000000080000b8                . = ALIGN (0x4)

.text           0x00000000080000b8     0x72c0
                0x00000000080000b8                . = ALIGN (0x4)
 *(.text)
 .text          0x00000000080000b8       0x48 c:/st/stm32cubeide_1.9.0/stm32cubeide/plugins/com.st.stm32cube.ide.mcu.externaltools.gnu-tools-for-stm32.10.3-2021.10.win32_1.0.0.202111181127/tools/bin/../lib/gcc/arm-none-eabi/10.3.1/thumb/v6-m/nofp/crtbegin.o
 .text          0x0000000008000100       0x14 c:/st/stm32cubeide_1.9.0/stm32cubeide/plugins/com.st.stm32cube.ide.mcu.externaltools.gnu-tools-for-stm32.10.3-2021.10.win32_1.0.0.202111181127/tools/bin/../lib/gcc/arm-none-eabi/10.3.1/thumb/v6-m/nofp\libgcc.a(_thumb1_case_shi.o)
                0x0000000008000100                __gnu_thumb1_case_shi
 .text          0x0000000008000114      0x114 c:/st/stm32cubeide_1.9.0/stm32cubeide/plugins/com.st.stm32cube.ide.mcu.externaltools.gnu-tools-for-stm32.10.3-2021.10.win32_1.0.0.202111181127/tools/bin/../lib/gcc/arm-none-eabi/10.3.1/thumb/v6-m/nofp\libgcc.a(_udivsi3.o)
                0x0000000008000114                __aeabi_uidiv
                0x0000000008000114                __udivsi3
                0x0000000008000220                __aeabi_uidivmod
 .text          0x0000000008000228      0x1d4 c:/st/stm32cubeide_1.9.0/stm32cubeide/plugins/com.st.stm32cube.ide.mcu.externaltools.gnu-tools-for-stm32.10.3-2021.10.win32_1.0.0.202111181127/tools/bin/../lib/gcc/arm-none-eabi/10.3.1/thumb/v6-m/nofp\libgcc.a(_divsi3.o)
                0x0000000008000228                __divsi3
                0x0000000008000228                __aeabi_idiv
                0x00000000080003f4                __aeabi_idivmod
 .text          0x00000000080003fc        0x4 c:/st/stm32cubeide_1.9.0/stm32cubeide/plugins/com.st.stm32cube.ide.mcu.externaltools.gnu-tools-for-stm32.10.3-2021.10.win32_1.0.0.202111181127/tools/bin/../lib/gcc/arm-none-eabi/10.3.1/thumb/v6-m/nofp\libgcc.a(_dvmd_tls.o)
                0x00000000080003fc                __aeabi_idiv0
                0x00000000080003fc                __aeabi_ldiv0
 .text          0x0000000008000400       0x74 c:/st/stm32cubeide_1.9.0/stm32cubeide/plugins/com.st.stm32cube.ide.mcu.externaltools.gnu-tools-for-stm32.10.3-2021.10.win32_1.0.0.202111181127/tools/bin/../lib/gcc/arm-none-eabi/10.3.1/thumb/v6-m/nofp\libgcc.a(_arm_cmpsf2.o)
                0x0000000008000400                __aeabi_cfrcmple
                0x0000000008000408                __aeabi_cfcmpeq
                0x0000000008000408                __aeabi_cfcmple
                0x0000000008000418                __aeabi_fcmpeq
                0x0000000008000424                __aeabi_fcmplt
                0x0000000008000438                __aeabi_fcmple
                0x000000000800044c                __aeabi_fcmpgt
                0x0000000008000460                __aeabi_fcmpge
 .text          0x0000000008000474       0x30 c:/st/stm32cubeide_1.9.0/stm32cubeide/plugins/com.st.stm32cube.ide.mcu.externaltools.gnu-tools-for-stm32.10.3-2021.10.win32_1.0.0.202111181127/tools/bin/../lib/gcc/arm-none-eabi/10.3.1/thumb/v6-m/nofp\libgcc.a(_fixunssfsi.o)
                0x0000000008000474                __fixunssfsi
                0x0000000008000474                __aeabi_f2uiz
 .text          0x00000000080004a4      0x33c c:/st/stm32cubeide_1.9.0/stm32cubeide/plugins/com.st.stm32cube.ide.mcu.externaltools.gnu-tools-for-stm32.10.3-2021.10.win32_1.0.0.202111181127/tools/bin/../lib/gcc/arm-none-eabi/10.3.1/thumb/v6-m/nofp\libgcc.a(addsf3.o)
                0x00000000080004a4                __aeabi_fadd
 .text          0x00000000080007e0      0x230 c:/st/stm32cubeide_1.9.0/stm32cubeide/plugins/com.st.stm32cube.ide.mcu.externaltools.gnu-tools-for-stm32.10.3-2021.10.win32_1.0.0.202111181127/tools/bin/../lib/gcc/arm-none-eabi/10.3.1/thumb/v6-m/nofp\libgcc.a(divsf3.o)
                0x00000000080007e0                __aeabi_fdiv
 .text          0x0000000008000a10       0x4c c:/st/stm32cubeide_1.9.0/stm32cubeide/plugins/com.st.stm32cube.ide.mcu.externaltools.gnu-tools-for-stm32.10.3-2021.10.win32_1.0.0.202111181127/tools/bin/../lib/gcc/arm-none-eabi/10.3.1/thumb/v6-m/nofp\libgcc.a(eqsf2.o)
                0x0000000008000a10                __eqsf2
                0x0000000008000a10                __nesf2
 .text          0x0000000008000a5c       0x8c c:/st/stm32cubeide_1.9.0/stm32cubeide/plugins/com.st.stm32cube.ide.mcu.externaltools.gnu-tools-for-stm32.10.3-2021.10.win32_1.0.0.202111181127/tools/bin/../lib/gcc/arm-none-eabi/10.3.1/thumb/v6-m/nofp\libgcc.a(gesf2.o)
                0x0000000008000a5c                __gesf2
                0x0000000008000a5c                __gtsf2
 .text          0x0000000008000ae8       0x88 c:/st/stm32cubeide_1.9.0/stm32cubeide/plugins/com.st.stm32cube.ide.mcu.externaltools.gnu-tools-for-stm32.10.3-2021.10.win32_1.0.0.202111181127/tools/bin/../lib/gcc/arm-none-eabi/10.3.1/thumb/v6-m/nofp\libgcc.a(lesf2.o)
                0x0000000008000ae8                __ltsf2
                0x0000000008000ae8                __lesf2
 .text          0x0000000008000b70      0x24c c:/st/stm32cubeide_1.9.0/stm32cubeide/plugins/com.st.stm32cube.ide.mcu.externaltools.gnu-tools-for-stm32.10.3-2021.10.win32_1.0.0.202111181127/tools/bin/../lib/gcc/arm-none-eabi/10.3.1/thumb/v6-m/nofp\libgcc.a(mulsf3.o)
                0x0000000008000b70                __aeabi_fmul
 .text          0x0000000008000dbc      0x35c c:/st/stm32cubeide_1.9.0/stm32cubeide/plugins/com.st.stm32cube.ide.mcu.externaltools.gnu-tools-for-stm32.10.3-2021.10.win32_1.0.0.202111181127/tools/bin/../lib/gcc/arm-none-eabi/10.3.1/thumb/v6-m/nofp\libgcc.a(subsf3.o)
                0x0000000008000dbc                __aeabi_fsub
 .text          0x0000000008001118       0x2c c:/st/stm32cubeide_1.9.0/stm32cubeide/plugins/com.st.stm32cube.ide.mcu.externaltools.gnu-tools-for-stm32.10.3-2021.10.win32_1.0.0.202111181127/tools/bin/../lib/gcc/arm-none-eabi/10.3.1/thumb/v6-m/nofp\libgcc.a(unordsf2.o)
                0x0000000008001118                __aeabi_fcmpun
 .text          0x0000000008001144       0x40 c:/st/stm32cubeide_1.9.0/stm32cubeide/plugins/com.st.stm32cube.ide.mcu.externaltools.gnu-tools-for-stm32.10.3-2021.10.win32_1.0.0.202111181127/tools/bin/../lib/gcc/arm-none-eabi/10.3.1/thumb/v6-m/nofp\libgcc.a(fixsfsi.o)
                0x0000000008001144                __aeabi_f2iz
 .text          0x0000000008001184       0x9c c:/st/stm32cubeide_1.9.0/stm32cubeide/plugins/com.st.stm32cube.ide.mcu.externaltools.gnu-tools-for-stm32.10.3-2021.10.win32_1.0.0.202111181127/tools/bin/../lib/gcc/arm-none-eabi/10.3.1/thumb/v6-m/nofp\libgcc.a(floatsisf.o)
                0x0000000008001184                __aeabi_i2f
 .text          0x0000000008001220       0x84 c:/st/stm32cubeide_1.9.0/stm32cubeide/plugins/com.st.stm32cube.ide.mcu.externaltools.gnu-tools-for-stm32.10.3-2021.10.win32_1.0.0.202111181127/tools/bin/../lib/gcc/arm-none-eabi/10.3.1/thumb/v6-m/nofp\libgcc.a(floatunsisf.o)
                0x0000000008001220                __aeabi_ui2f
 .text          0x00000000080012a4       0x3c c:/st/stm32cubeide_1.9.0/stm32cubeide/plugins/com.st.stm32cube.ide.mcu.externaltools.gnu-tools-for-stm32.10.3-2021.10.win32_1.0.0.202111181127/tools/bin/../lib/gcc/arm-none-eabi/10.3.1/thumb/v6-m/nofp\libgcc.a(_clzsi2.o)
                0x00000000080012a4                __clzsi2
 *(.text*)
 .text.ad8363_get_dbm
                0x00000000080012e0       0xa8 ./Core/Src/ad8363.o
                0x00000000080012e0                ad8363_get_dbm
 .text.bda4601_set_att
                0x0000000008001388      0x108 ./Core/Src/bda4601.o
                0x0000000008001388                bda4601_set_att
 .text.bda4601_set_initial_att
                0x0000000008001490       0x94 ./Core/Src/bda4601.o
                0x0000000008001490                bda4601_set_initial_att
 .text.__NVIC_EnableIRQ
                0x0000000008001524       0x34 ./Core/Src/ds18b20.o
 .text.ds18b20_timer3_init
                0x0000000008001558       0x6c ./Core/Src/ds18b20.o
                0x0000000008001558                ds18b20_timer3_init
 .text.delay_us
                0x00000000080015c4       0x38 ./Core/Src/ds18b20.o
                0x00000000080015c4                delay_us
 .text.pull_down
                0x00000000080015fc       0x38 ./Core/Src/ds18b20.o
                0x00000000080015fc                pull_down
 .text.DS18B20_Start
                0x0000000008001634       0x48 ./Core/Src/ds18b20.o
                0x0000000008001634                DS18B20_Start
 .text.ds18b20_write1
                0x000000000800167c       0x34 ./Core/Src/ds18b20.o
                0x000000000800167c                ds18b20_write1
 .text.ds18b20_write0
                0x00000000080016b0       0x34 ./Core/Src/ds18b20.o
                0x00000000080016b0                ds18b20_write0
 .text.ds18b20_write_byte
                0x00000000080016e4       0x42 ./Core/Src/ds18b20.o
                0x00000000080016e4                ds18b20_write_byte
 *fill*         0x0000000008001726        0x2 
 .text.ds18b20_read_byte
                0x0000000008001728       0x7c ./Core/Src/ds18b20.o
                0x0000000008001728                ds18b20_read_byte
 .text.set_vdd_as_output
                0x00000000080017a4       0x28 ./Core/Src/ds18b20.o
                0x00000000080017a4                set_vdd_as_output
 .text.set_vdd_as_input
                0x00000000080017cc       0x28 ./Core/Src/ds18b20.o
                0x00000000080017cc                set_vdd_as_input
 .text.ds18b20_convert
                0x00000000080017f4       0x24 ./Core/Src/ds18b20.o
                0x00000000080017f4                ds18b20_convert
 .text.ds18b20_read_temperature
                0x0000000008001818       0x6a ./Core/Src/ds18b20.o
                0x0000000008001818                ds18b20_read_temperature
 *fill*         0x0000000008001882        0x2 
 .text.i2c1_init
                0x0000000008001884      0x16c ./Core/Src/i2c1.o
                0x0000000008001884                i2c1_init
 .text.i2c1_buffReceive
                0x00000000080019f0       0xac ./Core/Src/i2c1.o
                0x00000000080019f0                i2c1_buffReceive
 .text.i2c1_byte_tx
                0x0000000008001a9c       0xa8 ./Core/Src/i2c1.o
                0x0000000008001a9c                i2c1_byte_tx
 .text.i2c1_start
                0x0000000008001b44       0xb4 ./Core/Src/i2c1.o
                0x0000000008001b44                i2c1_start
 .text.led_init
                0x0000000008001bf8       0xec ./Core/Src/led.o
                0x0000000008001bf8                led_init
 .text.led_enable_kalive
                0x0000000008001ce4       0x60 ./Core/Src/led.o
                0x0000000008001ce4                led_enable_kalive
 .text.led_reset
                0x0000000008001d44       0xb4 ./Core/Src/led.o
                0x0000000008001d44                led_reset
 .text.led_current_update
                0x0000000008001df8       0xf0 ./Core/Src/led.o
                0x0000000008001df8                led_current_update
 .text.led_temperature_update
                0x0000000008001ee8       0x70 ./Core/Src/led.o
                0x0000000008001ee8                led_temperature_update
 .text.lm75_init
                0x0000000008001f58       0x26 ./Core/Src/lm75.o
                0x0000000008001f58                lm75_init
 .text.lm75_read
                0x0000000008001f7e       0x5a ./Core/Src/lm75.o
                0x0000000008001f7e                lm75_read
 .text.m24c64_read_N
                0x0000000008001fd8       0x7a ./Core/Src/m24c64.o
                0x0000000008001fd8                m24c64_read_N
 .text.m24c64_write_N
                0x0000000008002052      0x194 ./Core/Src/m24c64.o
                0x0000000008002052                m24c64_write_N
 .text.m24c64_init_16uvalue
                0x00000000080021e6       0x5e ./Core/Src/m24c64.o
                0x00000000080021e6                m24c64_init_16uvalue
 .text.m24c64_store_16uvalue
                0x0000000008002244       0x60 ./Core/Src/m24c64.o
                0x0000000008002244                m24c64_store_16uvalue
 .text.print_parameters
                0x00000000080022a4       0x94 ./Core/Src/main.o
                0x00000000080022a4                print_parameters
 .text.print_adc
                0x0000000008002338       0x58 ./Core/Src/main.o
                0x0000000008002338                print_adc
 .text.main     0x0000000008002390      0x6dc ./Core/Src/main.o
                0x0000000008002390                main
 .text.SystemClock_Config
                0x0000000008002a6c       0xba ./Core/Src/main.o
                0x0000000008002a6c                SystemClock_Config
 *fill*         0x0000000008002b26        0x2 
 .text.MX_ADC1_Init
                0x0000000008002b28      0x1b0 ./Core/Src/main.o
 .text.MX_USART1_UART_Init
                0x0000000008002cd8       0x9c ./Core/Src/main.o
 .text.MX_DMA_Init
                0x0000000008002d74       0x3c ./Core/Src/main.o
 .text.MX_GPIO_Init
                0x0000000008002db0      0x138 ./Core/Src/main.o
 .text.get_db_gain
                0x0000000008002ee8      0x2e4 ./Core/Src/main.o
                0x0000000008002ee8                get_db_gain
 .text.TIM16_IRQHandler
                0x00000000080031cc       0x4c ./Core/Src/main.o
                0x00000000080031cc                TIM16_IRQHandler
 .text.adc_get_resultsDMA
                0x0000000008003218       0xcc ./Core/Src/main.o
                0x0000000008003218                adc_get_resultsDMA
 .text.USART1_IRQHandler
                0x00000000080032e4       0x18 ./Core/Src/main.o
                0x00000000080032e4                USART1_IRQHandler
 .text.Error_Handler
                0x00000000080032fc        0xa ./Core/Src/main.o
                0x00000000080032fc                Error_Handler
 *fill*         0x0000000008003306        0x2 
 .text.max4003_get_dbm
                0x0000000008003308       0xa8 ./Core/Src/max4003.o
                0x0000000008003308                max4003_get_dbm
 .text.module_init
                0x00000000080033b0       0x54 ./Core/Src/module.o
                0x00000000080033b0                module_init
 .text.module_vswr_calc
                0x0000000008003404       0x80 ./Core/Src/module.o
                0x0000000008003404                module_vswr_calc
 .text.crc_get  0x0000000008003484       0xc4 ./Core/Src/rs485.o
                0x0000000008003484                crc_get
 .text.rs485_init
                0x0000000008003548       0x22 ./Core/Src/rs485.o
                0x0000000008003548                rs485_init
 .text.rs485_check_frame
                0x000000000800356a       0x48 ./Core/Src/rs485.o
                0x000000000800356a                rs485_check_frame
 .text.rs485_check_valid_module
                0x00000000080035b2       0x60 ./Core/Src/rs485.o
                0x00000000080035b2                rs485_check_valid_module
 .text.rs485_set_query_frame
                0x0000000008003612      0x2de ./Core/Src/rs485.o
                0x0000000008003612                rs485_set_query_frame
 .text.rs485_update_status_by_uart
                0x00000000080038f0       0xf0 ./Core/Src/rs485.o
                0x00000000080038f0                rs485_update_status_by_uart
 .text.HAL_MspInit
                0x00000000080039e0       0x48 ./Core/Src/stm32g0xx_hal_msp.o
                0x00000000080039e0                HAL_MspInit
 .text.HAL_ADC_MspInit
                0x0000000008003a28      0x150 ./Core/Src/stm32g0xx_hal_msp.o
                0x0000000008003a28                HAL_ADC_MspInit
 .text.HAL_UART_MspInit
                0x0000000008003b78       0xc4 ./Core/Src/stm32g0xx_hal_msp.o
                0x0000000008003b78                HAL_UART_MspInit
 .text.NMI_Handler
                0x0000000008003c3c        0x6 ./Core/Src/stm32g0xx_it.o
                0x0000000008003c3c                NMI_Handler
 .text.HardFault_Handler
                0x0000000008003c42        0x6 ./Core/Src/stm32g0xx_it.o
                0x0000000008003c42                HardFault_Handler
 .text.SVC_Handler
                0x0000000008003c48        0xa ./Core/Src/stm32g0xx_it.o
                0x0000000008003c48                SVC_Handler
 .text.PendSV_Handler
                0x0000000008003c52        0xa ./Core/Src/stm32g0xx_it.o
                0x0000000008003c52                PendSV_Handler
 .text.SysTick_Handler
                0x0000000008003c5c        0xe ./Core/Src/stm32g0xx_it.o
                0x0000000008003c5c                SysTick_Handler
 *fill*         0x0000000008003c6a        0x2 
 .text.DMA1_Channel1_IRQHandler
                0x0000000008003c6c       0x18 ./Core/Src/stm32g0xx_it.o
                0x0000000008003c6c                DMA1_Channel1_IRQHandler
 .text._sbrk    0x0000000008003c84       0x6c ./Core/Src/sysmem.o
                0x0000000008003c84                _sbrk
 .text.SystemInit
                0x0000000008003cf0        0xa ./Core/Src/system_stm32g0xx.o
                0x0000000008003cf0                SystemInit
 *fill*         0x0000000008003cfa        0x2 
 .text.__NVIC_EnableIRQ
                0x0000000008003cfc       0x34 ./Core/Src/uart1.o
 .text.uart1_clean_by_timeout
                0x0000000008003d30       0x5c ./Core/Src/uart1.o
                0x0000000008003d30                uart1_clean_by_timeout
 .text.uart1_gpio_init
                0x0000000008003d8c       0xc8 ./Core/Src/uart1.o
                0x0000000008003d8c                uart1_gpio_init
 .text.uart1_init
                0x0000000008003e54       0xb8 ./Core/Src/uart1.o
                0x0000000008003e54                uart1_init
 .text.uart1_write
                0x0000000008003f0c       0x54 ./Core/Src/uart1.o
                0x0000000008003f0c                uart1_write
 .text.uart1_1byte_read
                0x0000000008003f60       0x60 ./Core/Src/uart1.o
                0x0000000008003f60                uart1_1byte_read
 .text.uart1_read_to_frame
                0x0000000008003fc0       0x40 ./Core/Src/uart1.o
                0x0000000008003fc0                uart1_read_to_frame
 .text.uart1_send_str
                0x0000000008004000       0x48 ./Core/Src/uart1.o
                0x0000000008004000                uart1_send_str
 .text.uart1_send_frame
                0x0000000008004048       0x4c ./Core/Src/uart1.o
                0x0000000008004048                uart1_send_frame
 .text.uart1_clean_buffer
                0x0000000008004094       0x48 ./Core/Src/uart1.o
                0x0000000008004094                uart1_clean_buffer
 .text.Reset_Handler
                0x00000000080040dc       0x50 ./Core/Startup/startup_stm32g030k6tx.o
                0x00000000080040dc                Reset_Handler
 .text.Default_Handler
                0x000000000800412c        0x2 ./Core/Startup/startup_stm32g030k6tx.o
                0x000000000800412c                TIM1_CC_IRQHandler
                0x000000000800412c                I2C1_IRQHandler
                0x000000000800412c                RTC_TAMP_IRQHandler
                0x000000000800412c                SPI1_IRQHandler
                0x000000000800412c                DMA1_Ch4_5_DMAMUX1_OVR_IRQHandler
                0x000000000800412c                EXTI2_3_IRQHandler
                0x000000000800412c                ADC1_IRQHandler
                0x000000000800412c                I2C2_IRQHandler
                0x000000000800412c                TIM17_IRQHandler
                0x000000000800412c                TIM3_IRQHandler
                0x000000000800412c                EXTI4_15_IRQHandler
                0x000000000800412c                RCC_IRQHandler
                0x000000000800412c                Default_Handler
                0x000000000800412c                TIM14_IRQHandler
                0x000000000800412c                EXTI0_1_IRQHandler
                0x000000000800412c                SPI2_IRQHandler
                0x000000000800412c                WWDG_IRQHandler
                0x000000000800412c                DMA1_Channel2_3_IRQHandler
                0x000000000800412c                USART2_IRQHandler
                0x000000000800412c                FLASH_IRQHandler
                0x000000000800412c                TIM1_BRK_UP_TRG_COM_IRQHandler
 *fill*         0x000000000800412e        0x2 
 .text.HAL_Init
                0x0000000008004130       0x40 ./Drivers/STM32G0xx_HAL_Driver/Src/stm32g0xx_hal.o
                0x0000000008004130                HAL_Init
 .text.HAL_InitTick
                0x0000000008004170       0x94 ./Drivers/STM32G0xx_HAL_Driver/Src/stm32g0xx_hal.o
                0x0000000008004170                HAL_InitTick
 .text.HAL_IncTick
                0x0000000008004204       0x24 ./Drivers/STM32G0xx_HAL_Driver/Src/stm32g0xx_hal.o
                0x0000000008004204                HAL_IncTick
 .text.HAL_GetTick
                0x0000000008004228       0x14 ./Drivers/STM32G0xx_HAL_Driver/Src/stm32g0xx_hal.o
                0x0000000008004228                HAL_GetTick
 .text.HAL_Delay
                0x000000000800423c       0x48 ./Drivers/STM32G0xx_HAL_Driver/Src/stm32g0xx_hal.o
                0x000000000800423c                HAL_Delay
 .text.LL_ADC_SetCommonPathInternalCh
                0x0000000008004284       0x28 ./Drivers/STM32G0xx_HAL_Driver/Src/stm32g0xx_hal_adc.o
 .text.LL_ADC_GetCommonPathInternalCh
                0x00000000080042ac       0x1a ./Drivers/STM32G0xx_HAL_Driver/Src/stm32g0xx_hal_adc.o
 .text.LL_ADC_SetSamplingTimeCommonChannels
                0x00000000080042c6       0x3a ./Drivers/STM32G0xx_HAL_Driver/Src/stm32g0xx_hal_adc.o
 .text.LL_ADC_GetSamplingTimeCommonChannels
                0x0000000008004300       0x2e ./Drivers/STM32G0xx_HAL_Driver/Src/stm32g0xx_hal_adc.o
 .text.LL_ADC_REG_SetSequencerRanks
                0x000000000800432e       0x40 ./Drivers/STM32G0xx_HAL_Driver/Src/stm32g0xx_hal_adc.o
 .text.LL_ADC_REG_SetSequencerChAdd
                0x000000000800436e       0x22 ./Drivers/STM32G0xx_HAL_Driver/Src/stm32g0xx_hal_adc.o
 .text.LL_ADC_REG_SetSequencerChRem
                0x0000000008004390       0x24 ./Drivers/STM32G0xx_HAL_Driver/Src/stm32g0xx_hal_adc.o
 .text.LL_ADC_SetChannelSamplingTime
                0x00000000080043b4       0x38 ./Drivers/STM32G0xx_HAL_Driver/Src/stm32g0xx_hal_adc.o
 .text.LL_ADC_EnableInternalRegulator
                0x00000000080043ec       0x28 ./Drivers/STM32G0xx_HAL_Driver/Src/stm32g0xx_hal_adc.o
 .text.LL_ADC_IsInternalRegulatorEnabled
                0x0000000008004414       0x28 ./Drivers/STM32G0xx_HAL_Driver/Src/stm32g0xx_hal_adc.o
 .text.LL_ADC_IsEnabled
                0x000000000800443c       0x22 ./Drivers/STM32G0xx_HAL_Driver/Src/stm32g0xx_hal_adc.o
 .text.LL_ADC_REG_IsConversionOngoing
                0x000000000800445e       0x22 ./Drivers/STM32G0xx_HAL_Driver/Src/stm32g0xx_hal_adc.o
 .text.HAL_ADC_Init
                0x0000000008004480      0x350 ./Drivers/STM32G0xx_HAL_Driver/Src/stm32g0xx_hal_adc.o
                0x0000000008004480                HAL_ADC_Init
 .text.HAL_ADC_ConfigChannel
                0x00000000080047d0      0x3b0 ./Drivers/STM32G0xx_HAL_Driver/Src/stm32g0xx_hal_adc.o
                0x00000000080047d0                HAL_ADC_ConfigChannel
 .text.__NVIC_EnableIRQ
                0x0000000008004b80       0x34 ./Drivers/STM32G0xx_HAL_Driver/Src/stm32g0xx_hal_cortex.o
 .text.__NVIC_SetPriority
                0x0000000008004bb4       0xdc ./Drivers/STM32G0xx_HAL_Driver/Src/stm32g0xx_hal_cortex.o
 .text.SysTick_Config
                0x0000000008004c90       0x48 ./Drivers/STM32G0xx_HAL_Driver/Src/stm32g0xx_hal_cortex.o
 .text.HAL_NVIC_SetPriority
                0x0000000008004cd8       0x2a ./Drivers/STM32G0xx_HAL_Driver/Src/stm32g0xx_hal_cortex.o
                0x0000000008004cd8                HAL_NVIC_SetPriority
 .text.HAL_NVIC_EnableIRQ
                0x0000000008004d02       0x20 ./Drivers/STM32G0xx_HAL_Driver/Src/stm32g0xx_hal_cortex.o
                0x0000000008004d02                HAL_NVIC_EnableIRQ
 .text.HAL_SYSTICK_Config
                0x0000000008004d22       0x1a ./Drivers/STM32G0xx_HAL_Driver/Src/stm32g0xx_hal_cortex.o
                0x0000000008004d22                HAL_SYSTICK_Config
 .text.HAL_DMA_Init
                0x0000000008004d3c      0x114 ./Drivers/STM32G0xx_HAL_Driver/Src/stm32g0xx_hal_dma.o
                0x0000000008004d3c                HAL_DMA_Init
 .text.HAL_DMA_IRQHandler
                0x0000000008004e50      0x164 ./Drivers/STM32G0xx_HAL_Driver/Src/stm32g0xx_hal_dma.o
                0x0000000008004e50                HAL_DMA_IRQHandler
 .text.DMA_CalcDMAMUXChannelBaseAndMask
                0x0000000008004fb4       0x58 ./Drivers/STM32G0xx_HAL_Driver/Src/stm32g0xx_hal_dma.o
 .text.DMA_CalcDMAMUXRequestGenBaseAndMask
                0x000000000800500c       0x48 ./Drivers/STM32G0xx_HAL_Driver/Src/stm32g0xx_hal_dma.o
 .text.HAL_GPIO_Init
                0x0000000008005054      0x2c8 ./Drivers/STM32G0xx_HAL_Driver/Src/stm32g0xx_hal_gpio.o
                0x0000000008005054                HAL_GPIO_Init
 .text.HAL_GPIO_WritePin
                0x000000000800531c       0x3a ./Drivers/STM32G0xx_HAL_Driver/Src/stm32g0xx_hal_gpio.o
                0x000000000800531c                HAL_GPIO_WritePin
 *fill*         0x0000000008005356        0x2 
 .text.HAL_PWREx_ControlVoltageScaling
                0x0000000008005358       0x80 ./Drivers/STM32G0xx_HAL_Driver/Src/stm32g0xx_hal_pwr_ex.o
                0x0000000008005358                HAL_PWREx_ControlVoltageScaling
 .text.LL_RCC_GetAPB1Prescaler
                0x00000000080053d8       0x18 ./Drivers/STM32G0xx_HAL_Driver/Src/stm32g0xx_hal_rcc.o
 .text.HAL_RCC_OscConfig
                0x00000000080053f0      0x620 ./Drivers/STM32G0xx_HAL_Driver/Src/stm32g0xx_hal_rcc.o
                0x00000000080053f0                HAL_RCC_OscConfig
 .text.HAL_RCC_ClockConfig
                0x0000000008005a10      0x210 ./Drivers/STM32G0xx_HAL_Driver/Src/stm32g0xx_hal_rcc.o
                0x0000000008005a10                HAL_RCC_ClockConfig
 .text.HAL_RCC_GetSysClockFreq
                0x0000000008005c20      0x104 ./Drivers/STM32G0xx_HAL_Driver/Src/stm32g0xx_hal_rcc.o
                0x0000000008005c20                HAL_RCC_GetSysClockFreq
 .text.HAL_RCC_GetHCLKFreq
                0x0000000008005d24       0x14 ./Drivers/STM32G0xx_HAL_Driver/Src/stm32g0xx_hal_rcc.o
                0x0000000008005d24                HAL_RCC_GetHCLKFreq
 .text.HAL_RCC_GetPCLK1Freq
                0x0000000008005d38       0x2c ./Drivers/STM32G0xx_HAL_Driver/Src/stm32g0xx_hal_rcc.o
                0x0000000008005d38                HAL_RCC_GetPCLK1Freq
 .text.HAL_RCCEx_PeriphCLKConfig
                0x0000000008005d64      0x24c ./Drivers/STM32G0xx_HAL_Driver/Src/stm32g0xx_hal_rcc_ex.o
                0x0000000008005d64                HAL_RCCEx_PeriphCLKConfig
 .text.HAL_UART_Init
                0x0000000008005fb0       0xac ./Drivers/STM32G0xx_HAL_Driver/Src/stm32g0xx_hal_uart.o
                0x0000000008005fb0                HAL_UART_Init
 .text.UART_SetConfig
                0x000000000800605c      0x2d4 ./Drivers/STM32G0xx_HAL_Driver/Src/stm32g0xx_hal_uart.o
                0x000000000800605c                UART_SetConfig
 .text.UART_AdvFeatureConfig
                0x0000000008006330      0x168 ./Drivers/STM32G0xx_HAL_Driver/Src/stm32g0xx_hal_uart.o
                0x0000000008006330                UART_AdvFeatureConfig
 .text.UART_CheckIdleState
                0x0000000008006498       0x9c ./Drivers/STM32G0xx_HAL_Driver/Src/stm32g0xx_hal_uart.o
                0x0000000008006498                UART_CheckIdleState
 .text.UART_WaitOnFlagUntilTimeout
                0x0000000008006534      0x190 ./Drivers/STM32G0xx_HAL_Driver/Src/stm32g0xx_hal_uart.o
                0x0000000008006534                UART_WaitOnFlagUntilTimeout
 .text.HAL_UARTEx_DisableFifoMode
                0x00000000080066c4       0x74 ./Drivers/STM32G0xx_HAL_Driver/Src/stm32g0xx_hal_uart_ex.o
                0x00000000080066c4                HAL_UARTEx_DisableFifoMode
 .text.HAL_UARTEx_SetTxFifoThreshold
                0x0000000008006738       0x7e ./Drivers/STM32G0xx_HAL_Driver/Src/stm32g0xx_hal_uart_ex.o
                0x0000000008006738                HAL_UARTEx_SetTxFifoThreshold
 *fill*         0x00000000080067b6        0x2 
 .text.HAL_UARTEx_SetRxFifoThreshold
                0x00000000080067b8       0x84 ./Drivers/STM32G0xx_HAL_Driver/Src/stm32g0xx_hal_uart_ex.o
                0x00000000080067b8                HAL_UARTEx_SetRxFifoThreshold
 .text.UARTEx_SetNbDataToProcess
                0x000000000800683c       0xbc ./Drivers/STM32G0xx_HAL_Driver/Src/stm32g0xx_hal_uart_ex.o
 .text.__errno  0x00000000080068f8        0xc c:/st/stm32cubeide_1.9.0/stm32cubeide/plugins/com.st.stm32cube.ide.mcu.externaltools.gnu-tools-for-stm32.10.3-2021.10.win32_1.0.0.202111181127/tools/bin/../lib/gcc/arm-none-eabi/10.3.1/../../../../arm-none-eabi/lib/thumb/v6-m/nofp\libc_nano.a(lib_a-errno.o)
                0x00000000080068f8                __errno
 .text.__libc_init_array
                0x0000000008006904       0x48 c:/st/stm32cubeide_1.9.0/stm32cubeide/plugins/com.st.stm32cube.ide.mcu.externaltools.gnu-tools-for-stm32.10.3-2021.10.win32_1.0.0.202111181127/tools/bin/../lib/gcc/arm-none-eabi/10.3.1/../../../../arm-none-eabi/lib/thumb/v6-m/nofp\libc_nano.a(lib_a-init.o)
                0x0000000008006904                __libc_init_array
 .text.malloc   0x000000000800694c       0x14 c:/st/stm32cubeide_1.9.0/stm32cubeide/plugins/com.st.stm32cube.ide.mcu.externaltools.gnu-tools-for-stm32.10.3-2021.10.win32_1.0.0.202111181127/tools/bin/../lib/gcc/arm-none-eabi/10.3.1/../../../../arm-none-eabi/lib/thumb/v6-m/nofp\libc_nano.a(lib_a-malloc.o)
                0x000000000800694c                malloc
 .text.free     0x0000000008006960       0x14 c:/st/stm32cubeide_1.9.0/stm32cubeide/plugins/com.st.stm32cube.ide.mcu.externaltools.gnu-tools-for-stm32.10.3-2021.10.win32_1.0.0.202111181127/tools/bin/../lib/gcc/arm-none-eabi/10.3.1/../../../../arm-none-eabi/lib/thumb/v6-m/nofp\libc_nano.a(lib_a-malloc.o)
                0x0000000008006960                free
 .text.memset   0x0000000008006974       0x10 c:/st/stm32cubeide_1.9.0/stm32cubeide/plugins/com.st.stm32cube.ide.mcu.externaltools.gnu-tools-for-stm32.10.3-2021.10.win32_1.0.0.202111181127/tools/bin/../lib/gcc/arm-none-eabi/10.3.1/../../../../arm-none-eabi/lib/thumb/v6-m/nofp\libc_nano.a(lib_a-memset.o)
                0x0000000008006974                memset
 .text._free_r  0x0000000008006984       0x94 c:/st/stm32cubeide_1.9.0/stm32cubeide/plugins/com.st.stm32cube.ide.mcu.externaltools.gnu-tools-for-stm32.10.3-2021.10.win32_1.0.0.202111181127/tools/bin/../lib/gcc/arm-none-eabi/10.3.1/../../../../arm-none-eabi/lib/thumb/v6-m/nofp\libc_nano.a(lib_a-nano-freer.o)
                0x0000000008006984                _free_r
 .text.sbrk_aligned
                0x0000000008006a18       0x44 c:/st/stm32cubeide_1.9.0/stm32cubeide/plugins/com.st.stm32cube.ide.mcu.externaltools.gnu-tools-for-stm32.10.3-2021.10.win32_1.0.0.202111181127/tools/bin/../lib/gcc/arm-none-eabi/10.3.1/../../../../arm-none-eabi/lib/thumb/v6-m/nofp\libc_nano.a(lib_a-nano-mallocr.o)
 .text._malloc_r
                0x0000000008006a5c       0xec c:/st/stm32cubeide_1.9.0/stm32cubeide/plugins/com.st.stm32cube.ide.mcu.externaltools.gnu-tools-for-stm32.10.3-2021.10.win32_1.0.0.202111181127/tools/bin/../lib/gcc/arm-none-eabi/10.3.1/../../../../arm-none-eabi/lib/thumb/v6-m/nofp\libc_nano.a(lib_a-nano-mallocr.o)
                0x0000000008006a5c                _malloc_r
 .text._sbrk_r  0x0000000008006b48       0x24 c:/st/stm32cubeide_1.9.0/stm32cubeide/plugins/com.st.stm32cube.ide.mcu.externaltools.gnu-tools-for-stm32.10.3-2021.10.win32_1.0.0.202111181127/tools/bin/../lib/gcc/arm-none-eabi/10.3.1/../../../../arm-none-eabi/lib/thumb/v6-m/nofp\libc_nano.a(lib_a-sbrkr.o)
                0x0000000008006b48                _sbrk_r
 .text.sprintf  0x0000000008006b6c       0x40 c:/st/stm32cubeide_1.9.0/stm32cubeide/plugins/com.st.stm32cube.ide.mcu.externaltools.gnu-tools-for-stm32.10.3-2021.10.win32_1.0.0.202111181127/tools/bin/../lib/gcc/arm-none-eabi/10.3.1/../../../../arm-none-eabi/lib/thumb/v6-m/nofp\libc_nano.a(lib_a-sprintf.o)
                0x0000000008006b6c                siprintf
                0x0000000008006b6c                sprintf
 .text.strncmp  0x0000000008006bac       0x24 c:/st/stm32cubeide_1.9.0/stm32cubeide/plugins/com.st.stm32cube.ide.mcu.externaltools.gnu-tools-for-stm32.10.3-2021.10.win32_1.0.0.202111181127/tools/bin/../lib/gcc/arm-none-eabi/10.3.1/../../../../arm-none-eabi/lib/thumb/v6-m/nofp\libc_nano.a(lib_a-strncmp.o)
                0x0000000008006bac                strncmp
 .text.__malloc_lock
                0x0000000008006bd0       0x10 c:/st/stm32cubeide_1.9.0/stm32cubeide/plugins/com.st.stm32cube.ide.mcu.externaltools.gnu-tools-for-stm32.10.3-2021.10.win32_1.0.0.202111181127/tools/bin/../lib/gcc/arm-none-eabi/10.3.1/../../../../arm-none-eabi/lib/thumb/v6-m/nofp\libc_nano.a(lib_a-mlock.o)
                0x0000000008006bd0                __malloc_lock
 .text.__malloc_unlock
                0x0000000008006be0       0x10 c:/st/stm32cubeide_1.9.0/stm32cubeide/plugins/com.st.stm32cube.ide.mcu.externaltools.gnu-tools-for-stm32.10.3-2021.10.win32_1.0.0.202111181127/tools/bin/../lib/gcc/arm-none-eabi/10.3.1/../../../../arm-none-eabi/lib/thumb/v6-m/nofp\libc_nano.a(lib_a-mlock.o)
                0x0000000008006be0                __malloc_unlock
 .text.__ssputs_r
                0x0000000008006bf0       0xc4 c:/st/stm32cubeide_1.9.0/stm32cubeide/plugins/com.st.stm32cube.ide.mcu.externaltools.gnu-tools-for-stm32.10.3-2021.10.win32_1.0.0.202111181127/tools/bin/../lib/gcc/arm-none-eabi/10.3.1/../../../../arm-none-eabi/lib/thumb/v6-m/nofp\libc_nano.a(lib_a-nano-svfprintf.o)
                0x0000000008006bf0                __ssputs_r
 .text._svfprintf_r
                0x0000000008006cb4      0x200 c:/st/stm32cubeide_1.9.0/stm32cubeide/plugins/com.st.stm32cube.ide.mcu.externaltools.gnu-tools-for-stm32.10.3-2021.10.win32_1.0.0.202111181127/tools/bin/../lib/gcc/arm-none-eabi/10.3.1/../../../../arm-none-eabi/lib/thumb/v6-m/nofp\libc_nano.a(lib_a-nano-svfprintf.o)
                0x0000000008006cb4                _svfiprintf_r
                0x0000000008006cb4                _svfprintf_r
 .text._printf_common
                0x0000000008006eb4       0xde c:/st/stm32cubeide_1.9.0/stm32cubeide/plugins/com.st.stm32cube.ide.mcu.externaltools.gnu-tools-for-stm32.10.3-2021.10.win32_1.0.0.202111181127/tools/bin/../lib/gcc/arm-none-eabi/10.3.1/../../../../arm-none-eabi/lib/thumb/v6-m/nofp\libc_nano.a(lib_a-nano-vfprintf_i.o)
                0x0000000008006eb4                _printf_common
 *fill*         0x0000000008006f92        0x2 
 .text._printf_i
                0x0000000008006f94      0x224 c:/st/stm32cubeide_1.9.0/stm32cubeide/plugins/com.st.stm32cube.ide.mcu.externaltools.gnu-tools-for-stm32.10.3-2021.10.win32_1.0.0.202111181127/tools/bin/../lib/gcc/arm-none-eabi/10.3.1/../../../../arm-none-eabi/lib/thumb/v6-m/nofp\libc_nano.a(lib_a-nano-vfprintf_i.o)
                0x0000000008006f94                _printf_i
 .text.__retarget_lock_acquire_recursive
                0x00000000080071b8        0x2 c:/st/stm32cubeide_1.9.0/stm32cubeide/plugins/com.st.stm32cube.ide.mcu.externaltools.gnu-tools-for-stm32.10.3-2021.10.win32_1.0.0.202111181127/tools/bin/../lib/gcc/arm-none-eabi/10.3.1/../../../../arm-none-eabi/lib/thumb/v6-m/nofp\libc_nano.a(lib_a-lock.o)
                0x00000000080071b8                __retarget_lock_acquire_recursive
 .text.__retarget_lock_release_recursive
                0x00000000080071ba        0x2 c:/st/stm32cubeide_1.9.0/stm32cubeide/plugins/com.st.stm32cube.ide.mcu.externaltools.gnu-tools-for-stm32.10.3-2021.10.win32_1.0.0.202111181127/tools/bin/../lib/gcc/arm-none-eabi/10.3.1/../../../../arm-none-eabi/lib/thumb/v6-m/nofp\libc_nano.a(lib_a-lock.o)
                0x00000000080071ba                __retarget_lock_release_recursive
 .text.memchr   0x00000000080071bc       0x16 c:/st/stm32cubeide_1.9.0/stm32cubeide/plugins/com.st.stm32cube.ide.mcu.externaltools.gnu-tools-for-stm32.10.3-2021.10.win32_1.0.0.202111181127/tools/bin/../lib/gcc/arm-none-eabi/10.3.1/../../../../arm-none-eabi/lib/thumb/v6-m/nofp\libc_nano.a(lib_a-memchr-stub.o)
                0x00000000080071bc                memchr
 .text.memcpy   0x00000000080071d2       0x12 c:/st/stm32cubeide_1.9.0/stm32cubeide/plugins/com.st.stm32cube.ide.mcu.externaltools.gnu-tools-for-stm32.10.3-2021.10.win32_1.0.0.202111181127/tools/bin/../lib/gcc/arm-none-eabi/10.3.1/../../../../arm-none-eabi/lib/thumb/v6-m/nofp\libc_nano.a(lib_a-memcpy-stub.o)
                0x00000000080071d2                memcpy
 .text.memmove  0x00000000080071e4       0x26 c:/st/stm32cubeide_1.9.0/stm32cubeide/plugins/com.st.stm32cube.ide.mcu.externaltools.gnu-tools-for-stm32.10.3-2021.10.win32_1.0.0.202111181127/tools/bin/../lib/gcc/arm-none-eabi/10.3.1/../../../../arm-none-eabi/lib/thumb/v6-m/nofp\libc_nano.a(lib_a-memmove.o)
                0x00000000080071e4                memmove
 .text._realloc_r
                0x000000000800720a       0x5e c:/st/stm32cubeide_1.9.0/stm32cubeide/plugins/com.st.stm32cube.ide.mcu.externaltools.gnu-tools-for-stm32.10.3-2021.10.win32_1.0.0.202111181127/tools/bin/../lib/gcc/arm-none-eabi/10.3.1/../../../../arm-none-eabi/lib/thumb/v6-m/nofp\libc_nano.a(lib_a-nano-reallocr.o)
                0x000000000800720a                _realloc_r
 .text._malloc_usable_size_r
                0x0000000008007268       0x10 c:/st/stm32cubeide_1.9.0/stm32cubeide/plugins/com.st.stm32cube.ide.mcu.externaltools.gnu-tools-for-stm32.10.3-2021.10.win32_1.0.0.202111181127/tools/bin/../lib/gcc/arm-none-eabi/10.3.1/../../../../arm-none-eabi/lib/thumb/v6-m/nofp\libc_nano.a(lib_a-nano-msizer.o)
                0x0000000008007268                _malloc_usable_size_r
 .text.sqrtf    0x0000000008007278       0x38 c:/st/stm32cubeide_1.9.0/stm32cubeide/plugins/com.st.stm32cube.ide.mcu.externaltools.gnu-tools-for-stm32.10.3-2021.10.win32_1.0.0.202111181127/tools/bin/../lib/gcc/arm-none-eabi/10.3.1/../../../../arm-none-eabi/lib/thumb/v6-m/nofp\libm.a(lib_a-wf_sqrt.o)
                0x0000000008007278                sqrtf
 .text.__ieee754_sqrtf
                0x00000000080072b0       0xae c:/st/stm32cubeide_1.9.0/stm32cubeide/plugins/com.st.stm32cube.ide.mcu.externaltools.gnu-tools-for-stm32.10.3-2021.10.win32_1.0.0.202111181127/tools/bin/../lib/gcc/arm-none-eabi/10.3.1/../../../../arm-none-eabi/lib/thumb/v6-m/nofp\libm.a(lib_a-ef_sqrt.o)
                0x00000000080072b0                __ieee754_sqrtf
 *(.glue_7)
 .glue_7        0x000000000800735e        0x0 linker stubs
 *(.glue_7t)
 .glue_7t       0x000000000800735e        0x0 linker stubs
 *(.eh_frame)
 *fill*         0x000000000800735e        0x2 
 .eh_frame      0x0000000008007360        0x0 c:/st/stm32cubeide_1.9.0/stm32cubeide/plugins/com.st.stm32cube.ide.mcu.externaltools.gnu-tools-for-stm32.10.3-2021.10.win32_1.0.0.202111181127/tools/bin/../lib/gcc/arm-none-eabi/10.3.1/thumb/v6-m/nofp/crtbegin.o
 *(.init)
 .init          0x0000000008007360        0x4 c:/st/stm32cubeide_1.9.0/stm32cubeide/plugins/com.st.stm32cube.ide.mcu.externaltools.gnu-tools-for-stm32.10.3-2021.10.win32_1.0.0.202111181127/tools/bin/../lib/gcc/arm-none-eabi/10.3.1/thumb/v6-m/nofp/crti.o
                0x0000000008007360                _init
 .init          0x0000000008007364        0x8 c:/st/stm32cubeide_1.9.0/stm32cubeide/plugins/com.st.stm32cube.ide.mcu.externaltools.gnu-tools-for-stm32.10.3-2021.10.win32_1.0.0.202111181127/tools/bin/../lib/gcc/arm-none-eabi/10.3.1/thumb/v6-m/nofp/crtn.o
 *(.fini)
 .fini          0x000000000800736c        0x4 c:/st/stm32cubeide_1.9.0/stm32cubeide/plugins/com.st.stm32cube.ide.mcu.externaltools.gnu-tools-for-stm32.10.3-2021.10.win32_1.0.0.202111181127/tools/bin/../lib/gcc/arm-none-eabi/10.3.1/thumb/v6-m/nofp/crti.o
                0x000000000800736c                _fini
 .fini          0x0000000008007370        0x8 c:/st/stm32cubeide_1.9.0/stm32cubeide/plugins/com.st.stm32cube.ide.mcu.externaltools.gnu-tools-for-stm32.10.3-2021.10.win32_1.0.0.202111181127/tools/bin/../lib/gcc/arm-none-eabi/10.3.1/thumb/v6-m/nofp/crtn.o
                0x0000000008007378                . = ALIGN (0x4)
                0x0000000008007378                _etext = .

.vfp11_veneer   0x0000000008007378        0x0
 .vfp11_veneer  0x0000000008007378        0x0 linker stubs

.v4_bx          0x0000000008007378        0x0
 .v4_bx         0x0000000008007378        0x0 linker stubs

.iplt           0x0000000008007378        0x0
 .iplt          0x0000000008007378        0x0 c:/st/stm32cubeide_1.9.0/stm32cubeide/plugins/com.st.stm32cube.ide.mcu.externaltools.gnu-tools-for-stm32.10.3-2021.10.win32_1.0.0.202111181127/tools/bin/../lib/gcc/arm-none-eabi/10.3.1/thumb/v6-m/nofp/crtbegin.o

.rodata         0x0000000008007378      0x354
                0x0000000008007378                . = ALIGN (0x4)
 *(.rodata)
 .rodata        0x0000000008007378      0x127 ./Core/Src/main.o
 *fill*         0x000000000800749f        0x1 
 .rodata        0x00000000080074a0       0x1f ./Core/Src/rs485.o
 *fill*         0x00000000080074bf        0x1 
 .rodata        0x00000000080074c0        0xb ./Core/Src/uart1.o
 *fill*         0x00000000080074cb        0x1 
 .rodata        0x00000000080074cc       0x80 c:/st/stm32cubeide_1.9.0/stm32cubeide/plugins/com.st.stm32cube.ide.mcu.externaltools.gnu-tools-for-stm32.10.3-2021.10.win32_1.0.0.202111181127/tools/bin/../lib/gcc/arm-none-eabi/10.3.1/thumb/v6-m/nofp\libgcc.a(divsf3.o)
 .rodata        0x000000000800754c       0x40 c:/st/stm32cubeide_1.9.0/stm32cubeide/plugins/com.st.stm32cube.ide.mcu.externaltools.gnu-tools-for-stm32.10.3-2021.10.win32_1.0.0.202111181127/tools/bin/../lib/gcc/arm-none-eabi/10.3.1/thumb/v6-m/nofp\libgcc.a(mulsf3.o)
 *(.rodata*)
 .rodata.main   0x000000000800758c       0x60 ./Core/Src/main.o
 .rodata.rs485_update_status_by_uart
                0x00000000080075ec       0x24 ./Core/Src/rs485.o
 .rodata.AHBPrescTable
                0x0000000008007610       0x40 ./Core/Src/system_stm32g0xx.o
                0x0000000008007610                AHBPrescTable
 .rodata.APBPrescTable
                0x0000000008007650       0x20 ./Core/Src/system_stm32g0xx.o
                0x0000000008007650                APBPrescTable
 .rodata.UARTPrescTable
                0x0000000008007670       0x18 ./Drivers/STM32G0xx_HAL_Driver/Src/stm32g0xx_hal_uart.o
                0x0000000008007670                UARTPrescTable
 .rodata.numerator.1
                0x0000000008007688        0x8 ./Drivers/STM32G0xx_HAL_Driver/Src/stm32g0xx_hal_uart_ex.o
 .rodata.denominator.0
                0x0000000008007690        0x8 ./Drivers/STM32G0xx_HAL_Driver/Src/stm32g0xx_hal_uart_ex.o
 .rodata._svfprintf_r.str1.1
                0x0000000008007698       0x11 c:/st/stm32cubeide_1.9.0/stm32cubeide/plugins/com.st.stm32cube.ide.mcu.externaltools.gnu-tools-for-stm32.10.3-2021.10.win32_1.0.0.202111181127/tools/bin/../lib/gcc/arm-none-eabi/10.3.1/../../../../arm-none-eabi/lib/thumb/v6-m/nofp\libc_nano.a(lib_a-nano-svfprintf.o)
 .rodata._printf_i.str1.1
                0x00000000080076a9       0x22 c:/st/stm32cubeide_1.9.0/stm32cubeide/plugins/com.st.stm32cube.ide.mcu.externaltools.gnu-tools-for-stm32.10.3-2021.10.win32_1.0.0.202111181127/tools/bin/../lib/gcc/arm-none-eabi/10.3.1/../../../../arm-none-eabi/lib/thumb/v6-m/nofp\libc_nano.a(lib_a-nano-vfprintf_i.o)
                0x00000000080076cc                . = ALIGN (0x4)
 *fill*         0x00000000080076cb        0x1 

.rel.dyn        0x00000000080076cc        0x0
 .rel.iplt      0x00000000080076cc        0x0 c:/st/stm32cubeide_1.9.0/stm32cubeide/plugins/com.st.stm32cube.ide.mcu.externaltools.gnu-tools-for-stm32.10.3-2021.10.win32_1.0.0.202111181127/tools/bin/../lib/gcc/arm-none-eabi/10.3.1/thumb/v6-m/nofp/crtbegin.o

.ARM.extab      0x00000000080076cc        0x0
                0x00000000080076cc                . = ALIGN (0x4)
 *(.ARM.extab* .gnu.linkonce.armextab.*)
                0x00000000080076cc                . = ALIGN (0x4)

.ARM            0x00000000080076cc        0x0
                0x00000000080076cc                . = ALIGN (0x4)
                0x00000000080076cc                __exidx_start = .
 *(.ARM.exidx*)
                0x00000000080076cc                __exidx_end = .
                0x00000000080076cc                . = ALIGN (0x4)

.preinit_array  0x00000000080076cc        0x0
                0x00000000080076cc                . = ALIGN (0x4)
                0x00000000080076cc                PROVIDE (__preinit_array_start = .)
 *(.preinit_array*)
                0x00000000080076cc                PROVIDE (__preinit_array_end = .)
                0x00000000080076cc                . = ALIGN (0x4)

.init_array     0x00000000080076cc        0x4
                0x00000000080076cc                . = ALIGN (0x4)
                0x00000000080076cc                PROVIDE (__init_array_start = .)
 *(SORT_BY_NAME(.init_array.*))
 *(.init_array*)
 .init_array    0x00000000080076cc        0x4 c:/st/stm32cubeide_1.9.0/stm32cubeide/plugins/com.st.stm32cube.ide.mcu.externaltools.gnu-tools-for-stm32.10.3-2021.10.win32_1.0.0.202111181127/tools/bin/../lib/gcc/arm-none-eabi/10.3.1/thumb/v6-m/nofp/crtbegin.o
                0x00000000080076d0                PROVIDE (__init_array_end = .)
                0x00000000080076d0                . = ALIGN (0x4)

.fini_array     0x00000000080076d0        0x4
                0x00000000080076d0                . = ALIGN (0x4)
                [!provide]                        PROVIDE (__fini_array_start = .)
 *(SORT_BY_NAME(.fini_array.*))
 *(.fini_array*)
 .fini_array    0x00000000080076d0        0x4 c:/st/stm32cubeide_1.9.0/stm32cubeide/plugins/com.st.stm32cube.ide.mcu.externaltools.gnu-tools-for-stm32.10.3-2021.10.win32_1.0.0.202111181127/tools/bin/../lib/gcc/arm-none-eabi/10.3.1/thumb/v6-m/nofp/crtbegin.o
                [!provide]                        PROVIDE (__fini_array_end = .)
                0x00000000080076d4                . = ALIGN (0x4)
                0x00000000080076d4                _sidata = LOADADDR (.data)

.data           0x0000000020000000       0x70 load address 0x00000000080076d4
                0x0000000020000000                . = ALIGN (0x4)
                0x0000000020000000                _sdata = .
 *(.data)
 *(.data*)
 .data.SystemCoreClock
                0x0000000020000000        0x4 ./Core/Src/system_stm32g0xx.o
                0x0000000020000000                SystemCoreClock
 .data.uwTickPrio
                0x0000000020000004        0x4 ./Drivers/STM32G0xx_HAL_Driver/Src/stm32g0xx_hal.o
                0x0000000020000004                uwTickPrio
 .data.uwTickFreq
                0x0000000020000008        0x1 ./Drivers/STM32G0xx_HAL_Driver/Src/stm32g0xx_hal.o
                0x0000000020000008                uwTickFreq
 *fill*         0x0000000020000009        0x3 
 .data._impure_ptr
                0x000000002000000c        0x4 c:/st/stm32cubeide_1.9.0/stm32cubeide/plugins/com.st.stm32cube.ide.mcu.externaltools.gnu-tools-for-stm32.10.3-2021.10.win32_1.0.0.202111181127/tools/bin/../lib/gcc/arm-none-eabi/10.3.1/../../../../arm-none-eabi/lib/thumb/v6-m/nofp\libc_nano.a(lib_a-impure.o)
                0x000000002000000c                _impure_ptr
 .data.impure_data
                0x0000000020000010       0x60 c:/st/stm32cubeide_1.9.0/stm32cubeide/plugins/com.st.stm32cube.ide.mcu.externaltools.gnu-tools-for-stm32.10.3-2021.10.win32_1.0.0.202111181127/tools/bin/../lib/gcc/arm-none-eabi/10.3.1/../../../../arm-none-eabi/lib/thumb/v6-m/nofp\libc_nano.a(lib_a-impure.o)
 *(.RamFunc)
 *(.RamFunc*)
                0x0000000020000070                . = ALIGN (0x4)
                0x0000000020000070                _edata = .

.igot.plt       0x0000000020000070        0x0 load address 0x0000000008007744
 .igot.plt      0x0000000020000070        0x0 c:/st/stm32cubeide_1.9.0/stm32cubeide/plugins/com.st.stm32cube.ide.mcu.externaltools.gnu-tools-for-stm32.10.3-2021.10.win32_1.0.0.202111181127/tools/bin/../lib/gcc/arm-none-eabi/10.3.1/thumb/v6-m/nofp/crtbegin.o
                0x0000000020000070                . = ALIGN (0x4)

.bss            0x0000000020000070      0x2e8 load address 0x0000000008007744
                0x0000000020000070                _sbss = .
                0x0000000020000070                __bss_start__ = _sbss
 *(.bss)
 .bss           0x0000000020000070       0x1c c:/st/stm32cubeide_1.9.0/stm32cubeide/plugins/com.st.stm32cube.ide.mcu.externaltools.gnu-tools-for-stm32.10.3-2021.10.win32_1.0.0.202111181127/tools/bin/../lib/gcc/arm-none-eabi/10.3.1/thumb/v6-m/nofp/crtbegin.o
 *(.bss*)
 .bss.hadc1     0x000000002000008c       0x64 ./Core/Src/main.o
                0x000000002000008c                hadc1
 .bss.hdma_adc1
                0x00000000200000f0       0x5c ./Core/Src/main.o
                0x00000000200000f0                hdma_adc1
 .bss.huart1    0x000000002000014c       0x94 ./Core/Src/main.o
                0x000000002000014c                huart1
 .bss.adcResultsDMA
                0x00000000200001e0        0xe ./Core/Src/main.o
                0x00000000200001e0                adcResultsDMA
 *fill*         0x00000000200001ee        0x2 
 .bss.adc_values
                0x00000000200001f0      0x118 ./Core/Src/main.o
                0x00000000200001f0                adc_values
 .bss.adc_media
                0x0000000020000308        0xe ./Core/Src/main.o
                0x0000000020000308                adc_media
 *fill*         0x0000000020000316        0x2 
 .bss.sum       0x0000000020000318        0xe ./Core/Src/main.o
                0x0000000020000318                sum
 .bss.adc_counter
                0x0000000020000326        0x1 ./Core/Src/main.o
                0x0000000020000326                adc_counter
 .bss.adcDataReady
                0x0000000020000327        0x1 ./Core/Src/main.o
                0x0000000020000327                adcDataReady
 .bss.temp_in   0x0000000020000328        0x4 ./Core/Src/main.o
                0x0000000020000328                temp_in
 .bss.temp_out  0x000000002000032c        0x4 ./Core/Src/main.o
                0x000000002000032c                temp_out
 .bss.uart1     0x0000000020000330       0x10 ./Core/Src/main.o
                0x0000000020000330                uart1
 .bss.__sbrk_heap_end
                0x0000000020000340        0x4 ./Core/Src/sysmem.o
 .bss.uwTick    0x0000000020000344        0x4 ./Drivers/STM32G0xx_HAL_Driver/Src/stm32g0xx_hal.o
                0x0000000020000344                uwTick
 .bss.__malloc_free_list
                0x0000000020000348        0x4 c:/st/stm32cubeide_1.9.0/stm32cubeide/plugins/com.st.stm32cube.ide.mcu.externaltools.gnu-tools-for-stm32.10.3-2021.10.win32_1.0.0.202111181127/tools/bin/../lib/gcc/arm-none-eabi/10.3.1/../../../../arm-none-eabi/lib/thumb/v6-m/nofp\libc_nano.a(lib_a-nano-mallocr.o)
                0x0000000020000348                __malloc_free_list
 .bss.__malloc_sbrk_start
                0x000000002000034c        0x4 c:/st/stm32cubeide_1.9.0/stm32cubeide/plugins/com.st.stm32cube.ide.mcu.externaltools.gnu-tools-for-stm32.10.3-2021.10.win32_1.0.0.202111181127/tools/bin/../lib/gcc/arm-none-eabi/10.3.1/../../../../arm-none-eabi/lib/thumb/v6-m/nofp\libc_nano.a(lib_a-nano-mallocr.o)
                0x000000002000034c                __malloc_sbrk_start
 .bss.errno     0x0000000020000350        0x4 c:/st/stm32cubeide_1.9.0/stm32cubeide/plugins/com.st.stm32cube.ide.mcu.externaltools.gnu-tools-for-stm32.10.3-2021.10.win32_1.0.0.202111181127/tools/bin/../lib/gcc/arm-none-eabi/10.3.1/../../../../arm-none-eabi/lib/thumb/v6-m/nofp\libc_nano.a(lib_a-reent.o)
                0x0000000020000350                errno
 .bss.__lock___malloc_recursive_mutex
                0x0000000020000354        0x1 c:/st/stm32cubeide_1.9.0/stm32cubeide/plugins/com.st.stm32cube.ide.mcu.externaltools.gnu-tools-for-stm32.10.3-2021.10.win32_1.0.0.202111181127/tools/bin/../lib/gcc/arm-none-eabi/10.3.1/../../../../arm-none-eabi/lib/thumb/v6-m/nofp\libc_nano.a(lib_a-lock.o)
                0x0000000020000354                __lock___malloc_recursive_mutex
 *(COMMON)
                0x0000000020000358                . = ALIGN (0x4)
 *fill*         0x0000000020000355        0x3 
                0x0000000020000358                _ebss = .
                0x0000000020000358                __bss_end__ = _ebss

._user_heap_stack
                0x0000000020000358      0x600 load address 0x0000000008007744
                0x0000000020000358                . = ALIGN (0x8)
                [!provide]                        PROVIDE (end = .)
                0x0000000020000358                PROVIDE (_end = .)
                0x0000000020000558                . = (. + _Min_Heap_Size)
 *fill*         0x0000000020000358      0x200 
                0x0000000020000958                . = (. + _Min_Stack_Size)
 *fill*         0x0000000020000558      0x400 
                0x0000000020000958                . = ALIGN (0x8)

/DISCARD/
 libc.a(*)
 libm.a(*)
 libgcc.a(*)

.ARM.attributes
                0x0000000000000000       0x28
 *(.ARM.attributes)
 .ARM.attributes
                0x0000000000000000       0x1e c:/st/stm32cubeide_1.9.0/stm32cubeide/plugins/com.st.stm32cube.ide.mcu.externaltools.gnu-tools-for-stm32.10.3-2021.10.win32_1.0.0.202111181127/tools/bin/../lib/gcc/arm-none-eabi/10.3.1/thumb/v6-m/nofp/crti.o
 .ARM.attributes
                0x000000000000001e       0x2c c:/st/stm32cubeide_1.9.0/stm32cubeide/plugins/com.st.stm32cube.ide.mcu.externaltools.gnu-tools-for-stm32.10.3-2021.10.win32_1.0.0.202111181127/tools/bin/../lib/gcc/arm-none-eabi/10.3.1/thumb/v6-m/nofp/crtbegin.o
 .ARM.attributes
                0x000000000000004a       0x2c ./Core/Src/ad8363.o
 .ARM.attributes
                0x0000000000000076       0x2c ./Core/Src/bda4601.o
 .ARM.attributes
                0x00000000000000a2       0x2c ./Core/Src/ds18b20.o
 .ARM.attributes
                0x00000000000000ce       0x2c ./Core/Src/i2c1.o
 .ARM.attributes
                0x00000000000000fa       0x2c ./Core/Src/led.o
 .ARM.attributes
                0x0000000000000126       0x2c ./Core/Src/lm75.o
 .ARM.attributes
                0x0000000000000152       0x2c ./Core/Src/m24c64.o
 .ARM.attributes
                0x000000000000017e       0x2c ./Core/Src/main.o
 .ARM.attributes
                0x00000000000001aa       0x2c ./Core/Src/max4003.o
 .ARM.attributes
                0x00000000000001d6       0x2c ./Core/Src/module.o
 .ARM.attributes
                0x0000000000000202       0x2c ./Core/Src/rs485.o
 .ARM.attributes
                0x000000000000022e       0x2c ./Core/Src/stm32g0xx_hal_msp.o
 .ARM.attributes
                0x000000000000025a       0x2c ./Core/Src/stm32g0xx_it.o
 .ARM.attributes
                0x0000000000000286       0x2c ./Core/Src/sysmem.o
 .ARM.attributes
                0x00000000000002b2       0x2c ./Core/Src/system_stm32g0xx.o
 .ARM.attributes
                0x00000000000002de       0x2c ./Core/Src/uart1.o
 .ARM.attributes
                0x000000000000030a       0x22 ./Core/Startup/startup_stm32g030k6tx.o
 .ARM.attributes
                0x000000000000032c       0x2c ./Drivers/STM32G0xx_HAL_Driver/Src/stm32g0xx_hal.o
 .ARM.attributes
                0x0000000000000358       0x2c ./Drivers/STM32G0xx_HAL_Driver/Src/stm32g0xx_hal_adc.o
 .ARM.attributes
                0x0000000000000384       0x2c ./Drivers/STM32G0xx_HAL_Driver/Src/stm32g0xx_hal_cortex.o
 .ARM.attributes
                0x00000000000003b0       0x2c ./Drivers/STM32G0xx_HAL_Driver/Src/stm32g0xx_hal_dma.o
 .ARM.attributes
                0x00000000000003dc       0x2c ./Drivers/STM32G0xx_HAL_Driver/Src/stm32g0xx_hal_gpio.o
 .ARM.attributes
                0x0000000000000408       0x2c ./Drivers/STM32G0xx_HAL_Driver/Src/stm32g0xx_hal_pwr_ex.o
 .ARM.attributes
                0x0000000000000434       0x2c ./Drivers/STM32G0xx_HAL_Driver/Src/stm32g0xx_hal_rcc.o
 .ARM.attributes
                0x0000000000000460       0x2c ./Drivers/STM32G0xx_HAL_Driver/Src/stm32g0xx_hal_rcc_ex.o
 .ARM.attributes
                0x000000000000048c       0x2c ./Drivers/STM32G0xx_HAL_Driver/Src/stm32g0xx_hal_uart.o
 .ARM.attributes
                0x00000000000004b8       0x2c ./Drivers/STM32G0xx_HAL_Driver/Src/stm32g0xx_hal_uart_ex.o
 .ARM.attributes
                0x00000000000004e4       0x2c c:/st/stm32cubeide_1.9.0/stm32cubeide/plugins/com.st.stm32cube.ide.mcu.externaltools.gnu-tools-for-stm32.10.3-2021.10.win32_1.0.0.202111181127/tools/bin/../lib/gcc/arm-none-eabi/10.3.1/../../../../arm-none-eabi/lib/thumb/v6-m/nofp\libc_nano.a(lib_a-errno.o)
 .ARM.attributes
                0x0000000000000510       0x2c c:/st/stm32cubeide_1.9.0/stm32cubeide/plugins/com.st.stm32cube.ide.mcu.externaltools.gnu-tools-for-stm32.10.3-2021.10.win32_1.0.0.202111181127/tools/bin/../lib/gcc/arm-none-eabi/10.3.1/../../../../arm-none-eabi/lib/thumb/v6-m/nofp\libc_nano.a(lib_a-impure.o)
 .ARM.attributes
                0x000000000000053c       0x2c c:/st/stm32cubeide_1.9.0/stm32cubeide/plugins/com.st.stm32cube.ide.mcu.externaltools.gnu-tools-for-stm32.10.3-2021.10.win32_1.0.0.202111181127/tools/bin/../lib/gcc/arm-none-eabi/10.3.1/../../../../arm-none-eabi/lib/thumb/v6-m/nofp\libc_nano.a(lib_a-init.o)
 .ARM.attributes
                0x0000000000000568       0x2c c:/st/stm32cubeide_1.9.0/stm32cubeide/plugins/com.st.stm32cube.ide.mcu.externaltools.gnu-tools-for-stm32.10.3-2021.10.win32_1.0.0.202111181127/tools/bin/../lib/gcc/arm-none-eabi/10.3.1/../../../../arm-none-eabi/lib/thumb/v6-m/nofp\libc_nano.a(lib_a-malloc.o)
 .ARM.attributes
                0x0000000000000594       0x2c c:/st/stm32cubeide_1.9.0/stm32cubeide/plugins/com.st.stm32cube.ide.mcu.externaltools.gnu-tools-for-stm32.10.3-2021.10.win32_1.0.0.202111181127/tools/bin/../lib/gcc/arm-none-eabi/10.3.1/../../../../arm-none-eabi/lib/thumb/v6-m/nofp\libc_nano.a(lib_a-memset.o)
 .ARM.attributes
                0x00000000000005c0       0x2c c:/st/stm32cubeide_1.9.0/stm32cubeide/plugins/com.st.stm32cube.ide.mcu.externaltools.gnu-tools-for-stm32.10.3-2021.10.win32_1.0.0.202111181127/tools/bin/../lib/gcc/arm-none-eabi/10.3.1/../../../../arm-none-eabi/lib/thumb/v6-m/nofp\libc_nano.a(lib_a-nano-freer.o)
 .ARM.attributes
                0x00000000000005ec       0x2c c:/st/stm32cubeide_1.9.0/stm32cubeide/plugins/com.st.stm32cube.ide.mcu.externaltools.gnu-tools-for-stm32.10.3-2021.10.win32_1.0.0.202111181127/tools/bin/../lib/gcc/arm-none-eabi/10.3.1/../../../../arm-none-eabi/lib/thumb/v6-m/nofp\libc_nano.a(lib_a-nano-mallocr.o)
 .ARM.attributes
                0x0000000000000618       0x2c c:/st/stm32cubeide_1.9.0/stm32cubeide/plugins/com.st.stm32cube.ide.mcu.externaltools.gnu-tools-for-stm32.10.3-2021.10.win32_1.0.0.202111181127/tools/bin/../lib/gcc/arm-none-eabi/10.3.1/../../../../arm-none-eabi/lib/thumb/v6-m/nofp\libc_nano.a(lib_a-sbrkr.o)
 .ARM.attributes
                0x0000000000000644       0x2c c:/st/stm32cubeide_1.9.0/stm32cubeide/plugins/com.st.stm32cube.ide.mcu.externaltools.gnu-tools-for-stm32.10.3-2021.10.win32_1.0.0.202111181127/tools/bin/../lib/gcc/arm-none-eabi/10.3.1/../../../../arm-none-eabi/lib/thumb/v6-m/nofp\libc_nano.a(lib_a-sprintf.o)
 .ARM.attributes
                0x0000000000000670       0x2c c:/st/stm32cubeide_1.9.0/stm32cubeide/plugins/com.st.stm32cube.ide.mcu.externaltools.gnu-tools-for-stm32.10.3-2021.10.win32_1.0.0.202111181127/tools/bin/../lib/gcc/arm-none-eabi/10.3.1/../../../../arm-none-eabi/lib/thumb/v6-m/nofp\libc_nano.a(lib_a-strncmp.o)
 .ARM.attributes
                0x000000000000069c       0x2c c:/st/stm32cubeide_1.9.0/stm32cubeide/plugins/com.st.stm32cube.ide.mcu.externaltools.gnu-tools-for-stm32.10.3-2021.10.win32_1.0.0.202111181127/tools/bin/../lib/gcc/arm-none-eabi/10.3.1/../../../../arm-none-eabi/lib/thumb/v6-m/nofp\libc_nano.a(lib_a-mlock.o)
 .ARM.attributes
                0x00000000000006c8       0x2c c:/st/stm32cubeide_1.9.0/stm32cubeide/plugins/com.st.stm32cube.ide.mcu.externaltools.gnu-tools-for-stm32.10.3-2021.10.win32_1.0.0.202111181127/tools/bin/../lib/gcc/arm-none-eabi/10.3.1/../../../../arm-none-eabi/lib/thumb/v6-m/nofp\libc_nano.a(lib_a-nano-svfprintf.o)
 .ARM.attributes
                0x00000000000006f4       0x2c c:/st/stm32cubeide_1.9.0/stm32cubeide/plugins/com.st.stm32cube.ide.mcu.externaltools.gnu-tools-for-stm32.10.3-2021.10.win32_1.0.0.202111181127/tools/bin/../lib/gcc/arm-none-eabi/10.3.1/../../../../arm-none-eabi/lib/thumb/v6-m/nofp\libc_nano.a(lib_a-nano-vfprintf_i.o)
 .ARM.attributes
                0x0000000000000720       0x2c c:/st/stm32cubeide_1.9.0/stm32cubeide/plugins/com.st.stm32cube.ide.mcu.externaltools.gnu-tools-for-stm32.10.3-2021.10.win32_1.0.0.202111181127/tools/bin/../lib/gcc/arm-none-eabi/10.3.1/../../../../arm-none-eabi/lib/thumb/v6-m/nofp\libc_nano.a(lib_a-reent.o)
 .ARM.attributes
                0x000000000000074c       0x2c c:/st/stm32cubeide_1.9.0/stm32cubeide/plugins/com.st.stm32cube.ide.mcu.externaltools.gnu-tools-for-stm32.10.3-2021.10.win32_1.0.0.202111181127/tools/bin/../lib/gcc/arm-none-eabi/10.3.1/../../../../arm-none-eabi/lib/thumb/v6-m/nofp\libc_nano.a(lib_a-lock.o)
 .ARM.attributes
                0x0000000000000778       0x2c c:/st/stm32cubeide_1.9.0/stm32cubeide/plugins/com.st.stm32cube.ide.mcu.externaltools.gnu-tools-for-stm32.10.3-2021.10.win32_1.0.0.202111181127/tools/bin/../lib/gcc/arm-none-eabi/10.3.1/../../../../arm-none-eabi/lib/thumb/v6-m/nofp\libc_nano.a(lib_a-memchr-stub.o)
 .ARM.attributes
                0x00000000000007a4       0x2c c:/st/stm32cubeide_1.9.0/stm32cubeide/plugins/com.st.stm32cube.ide.mcu.externaltools.gnu-tools-for-stm32.10.3-2021.10.win32_1.0.0.202111181127/tools/bin/../lib/gcc/arm-none-eabi/10.3.1/../../../../arm-none-eabi/lib/thumb/v6-m/nofp\libc_nano.a(lib_a-memcpy-stub.o)
 .ARM.attributes
                0x00000000000007d0       0x2c c:/st/stm32cubeide_1.9.0/stm32cubeide/plugins/com.st.stm32cube.ide.mcu.externaltools.gnu-tools-for-stm32.10.3-2021.10.win32_1.0.0.202111181127/tools/bin/../lib/gcc/arm-none-eabi/10.3.1/../../../../arm-none-eabi/lib/thumb/v6-m/nofp\libc_nano.a(lib_a-memmove.o)
 .ARM.attributes
                0x00000000000007fc       0x2c c:/st/stm32cubeide_1.9.0/stm32cubeide/plugins/com.st.stm32cube.ide.mcu.externaltools.gnu-tools-for-stm32.10.3-2021.10.win32_1.0.0.202111181127/tools/bin/../lib/gcc/arm-none-eabi/10.3.1/../../../../arm-none-eabi/lib/thumb/v6-m/nofp\libc_nano.a(lib_a-nano-reallocr.o)
 .ARM.attributes
                0x0000000000000828       0x2c c:/st/stm32cubeide_1.9.0/stm32cubeide/plugins/com.st.stm32cube.ide.mcu.externaltools.gnu-tools-for-stm32.10.3-2021.10.win32_1.0.0.202111181127/tools/bin/../lib/gcc/arm-none-eabi/10.3.1/../../../../arm-none-eabi/lib/thumb/v6-m/nofp\libc_nano.a(lib_a-nano-msizer.o)
 .ARM.attributes
                0x0000000000000854       0x2c c:/st/stm32cubeide_1.9.0/stm32cubeide/plugins/com.st.stm32cube.ide.mcu.externaltools.gnu-tools-for-stm32.10.3-2021.10.win32_1.0.0.202111181127/tools/bin/../lib/gcc/arm-none-eabi/10.3.1/../../../../arm-none-eabi/lib/thumb/v6-m/nofp\libm.a(lib_a-wf_sqrt.o)
 .ARM.attributes
                0x0000000000000880       0x2c c:/st/stm32cubeide_1.9.0/stm32cubeide/plugins/com.st.stm32cube.ide.mcu.externaltools.gnu-tools-for-stm32.10.3-2021.10.win32_1.0.0.202111181127/tools/bin/../lib/gcc/arm-none-eabi/10.3.1/../../../../arm-none-eabi/lib/thumb/v6-m/nofp\libm.a(lib_a-ef_sqrt.o)
 .ARM.attributes
                0x00000000000008ac       0x1e c:/st/stm32cubeide_1.9.0/stm32cubeide/plugins/com.st.stm32cube.ide.mcu.externaltools.gnu-tools-for-stm32.10.3-2021.10.win32_1.0.0.202111181127/tools/bin/../lib/gcc/arm-none-eabi/10.3.1/thumb/v6-m/nofp\libgcc.a(_thumb1_case_shi.o)
 .ARM.attributes
                0x00000000000008ca       0x1e c:/st/stm32cubeide_1.9.0/stm32cubeide/plugins/com.st.stm32cube.ide.mcu.externaltools.gnu-tools-for-stm32.10.3-2021.10.win32_1.0.0.202111181127/tools/bin/../lib/gcc/arm-none-eabi/10.3.1/thumb/v6-m/nofp\libgcc.a(_udivsi3.o)
 .ARM.attributes
                0x00000000000008e8       0x1e c:/st/stm32cubeide_1.9.0/stm32cubeide/plugins/com.st.stm32cube.ide.mcu.externaltools.gnu-tools-for-stm32.10.3-2021.10.win32_1.0.0.202111181127/tools/bin/../lib/gcc/arm-none-eabi/10.3.1/thumb/v6-m/nofp\libgcc.a(_divsi3.o)
 .ARM.attributes
                0x0000000000000906       0x1e c:/st/stm32cubeide_1.9.0/stm32cubeide/plugins/com.st.stm32cube.ide.mcu.externaltools.gnu-tools-for-stm32.10.3-2021.10.win32_1.0.0.202111181127/tools/bin/../lib/gcc/arm-none-eabi/10.3.1/thumb/v6-m/nofp\libgcc.a(_dvmd_tls.o)
 .ARM.attributes
                0x0000000000000924       0x1e c:/st/stm32cubeide_1.9.0/stm32cubeide/plugins/com.st.stm32cube.ide.mcu.externaltools.gnu-tools-for-stm32.10.3-2021.10.win32_1.0.0.202111181127/tools/bin/../lib/gcc/arm-none-eabi/10.3.1/thumb/v6-m/nofp\libgcc.a(_arm_cmpsf2.o)
 .ARM.attributes
                0x0000000000000942       0x2c c:/st/stm32cubeide_1.9.0/stm32cubeide/plugins/com.st.stm32cube.ide.mcu.externaltools.gnu-tools-for-stm32.10.3-2021.10.win32_1.0.0.202111181127/tools/bin/../lib/gcc/arm-none-eabi/10.3.1/thumb/v6-m/nofp\libgcc.a(_fixunssfsi.o)
 .ARM.attributes
                0x000000000000096e       0x2c c:/st/stm32cubeide_1.9.0/stm32cubeide/plugins/com.st.stm32cube.ide.mcu.externaltools.gnu-tools-for-stm32.10.3-2021.10.win32_1.0.0.202111181127/tools/bin/../lib/gcc/arm-none-eabi/10.3.1/thumb/v6-m/nofp\libgcc.a(addsf3.o)
 .ARM.attributes
                0x000000000000099a       0x2c c:/st/stm32cubeide_1.9.0/stm32cubeide/plugins/com.st.stm32cube.ide.mcu.externaltools.gnu-tools-for-stm32.10.3-2021.10.win32_1.0.0.202111181127/tools/bin/../lib/gcc/arm-none-eabi/10.3.1/thumb/v6-m/nofp\libgcc.a(divsf3.o)
 .ARM.attributes
                0x00000000000009c6       0x2c c:/st/stm32cubeide_1.9.0/stm32cubeide/plugins/com.st.stm32cube.ide.mcu.externaltools.gnu-tools-for-stm32.10.3-2021.10.win32_1.0.0.202111181127/tools/bin/../lib/gcc/arm-none-eabi/10.3.1/thumb/v6-m/nofp\libgcc.a(eqsf2.o)
 .ARM.attributes
                0x00000000000009f2       0x2c c:/st/stm32cubeide_1.9.0/stm32cubeide/plugins/com.st.stm32cube.ide.mcu.externaltools.gnu-tools-for-stm32.10.3-2021.10.win32_1.0.0.202111181127/tools/bin/../lib/gcc/arm-none-eabi/10.3.1/thumb/v6-m/nofp\libgcc.a(gesf2.o)
 .ARM.attributes
                0x0000000000000a1e       0x2c c:/st/stm32cubeide_1.9.0/stm32cubeide/plugins/com.st.stm32cube.ide.mcu.externaltools.gnu-tools-for-stm32.10.3-2021.10.win32_1.0.0.202111181127/tools/bin/../lib/gcc/arm-none-eabi/10.3.1/thumb/v6-m/nofp\libgcc.a(lesf2.o)
 .ARM.attributes
                0x0000000000000a4a       0x2c c:/st/stm32cubeide_1.9.0/stm32cubeide/plugins/com.st.stm32cube.ide.mcu.externaltools.gnu-tools-for-stm32.10.3-2021.10.win32_1.0.0.202111181127/tools/bin/../lib/gcc/arm-none-eabi/10.3.1/thumb/v6-m/nofp\libgcc.a(mulsf3.o)
 .ARM.attributes
                0x0000000000000a76       0x2c c:/st/stm32cubeide_1.9.0/stm32cubeide/plugins/com.st.stm32cube.ide.mcu.externaltools.gnu-tools-for-stm32.10.3-2021.10.win32_1.0.0.202111181127/tools/bin/../lib/gcc/arm-none-eabi/10.3.1/thumb/v6-m/nofp\libgcc.a(subsf3.o)
 .ARM.attributes
                0x0000000000000aa2       0x2c c:/st/stm32cubeide_1.9.0/stm32cubeide/plugins/com.st.stm32cube.ide.mcu.externaltools.gnu-tools-for-stm32.10.3-2021.10.win32_1.0.0.202111181127/tools/bin/../lib/gcc/arm-none-eabi/10.3.1/thumb/v6-m/nofp\libgcc.a(unordsf2.o)
 .ARM.attributes
                0x0000000000000ace       0x2c c:/st/stm32cubeide_1.9.0/stm32cubeide/plugins/com.st.stm32cube.ide.mcu.externaltools.gnu-tools-for-stm32.10.3-2021.10.win32_1.0.0.202111181127/tools/bin/../lib/gcc/arm-none-eabi/10.3.1/thumb/v6-m/nofp\libgcc.a(fixsfsi.o)
 .ARM.attributes
                0x0000000000000afa       0x2c c:/st/stm32cubeide_1.9.0/stm32cubeide/plugins/com.st.stm32cube.ide.mcu.externaltools.gnu-tools-for-stm32.10.3-2021.10.win32_1.0.0.202111181127/tools/bin/../lib/gcc/arm-none-eabi/10.3.1/thumb/v6-m/nofp\libgcc.a(floatsisf.o)
 .ARM.attributes
                0x0000000000000b26       0x2c c:/st/stm32cubeide_1.9.0/stm32cubeide/plugins/com.st.stm32cube.ide.mcu.externaltools.gnu-tools-for-stm32.10.3-2021.10.win32_1.0.0.202111181127/tools/bin/../lib/gcc/arm-none-eabi/10.3.1/thumb/v6-m/nofp\libgcc.a(floatunsisf.o)
 .ARM.attributes
                0x0000000000000b52       0x1e c:/st/stm32cubeide_1.9.0/stm32cubeide/plugins/com.st.stm32cube.ide.mcu.externaltools.gnu-tools-for-stm32.10.3-2021.10.win32_1.0.0.202111181127/tools/bin/../lib/gcc/arm-none-eabi/10.3.1/thumb/v6-m/nofp\libgcc.a(_clzsi2.o)
 .ARM.attributes
                0x0000000000000b70       0x1e c:/st/stm32cubeide_1.9.0/stm32cubeide/plugins/com.st.stm32cube.ide.mcu.externaltools.gnu-tools-for-stm32.10.3-2021.10.win32_1.0.0.202111181127/tools/bin/../lib/gcc/arm-none-eabi/10.3.1/thumb/v6-m/nofp/crtn.o
OUTPUT(PA_UHF.elf elf32-littlearm)
LOAD linker stubs
LOAD c:/st/stm32cubeide_1.9.0/stm32cubeide/plugins/com.st.stm32cube.ide.mcu.externaltools.gnu-tools-for-stm32.10.3-2021.10.win32_1.0.0.202111181127/tools/bin/../lib/gcc/arm-none-eabi/10.3.1/../../../../arm-none-eabi/lib/thumb/v6-m/nofp\libc.a
LOAD c:/st/stm32cubeide_1.9.0/stm32cubeide/plugins/com.st.stm32cube.ide.mcu.externaltools.gnu-tools-for-stm32.10.3-2021.10.win32_1.0.0.202111181127/tools/bin/../lib/gcc/arm-none-eabi/10.3.1/../../../../arm-none-eabi/lib/thumb/v6-m/nofp\libm.a
LOAD c:/st/stm32cubeide_1.9.0/stm32cubeide/plugins/com.st.stm32cube.ide.mcu.externaltools.gnu-tools-for-stm32.10.3-2021.10.win32_1.0.0.202111181127/tools/bin/../lib/gcc/arm-none-eabi/10.3.1/thumb/v6-m/nofp\libgcc.a

.debug_info     0x0000000000000000    0x11304
 .debug_info    0x0000000000000000      0x1af ./Core/Src/ad8363.o
 .debug_info    0x00000000000001af      0x2d2 ./Core/Src/bda4601.o
 .debug_info    0x0000000000000481      0x86c ./Core/Src/ds18b20.o
 .debug_info    0x0000000000000ced      0x6a7 ./Core/Src/i2c1.o
 .debug_info    0x0000000000001394      0x2ed ./Core/Src/led.o
 .debug_info    0x0000000000001681      0x1c8 ./Core/Src/lm75.o
 .debug_info    0x0000000000001849      0x41e ./Core/Src/m24c64.o
 .debug_info    0x0000000000001c67     0x2033 ./Core/Src/main.o
 .debug_info    0x0000000000003c9a      0x1af ./Core/Src/max4003.o
 .debug_info    0x0000000000003e49      0x33f ./Core/Src/module.o
 .debug_info    0x0000000000004188      0x613 ./Core/Src/rs485.o
 .debug_info    0x000000000000479b     0x101e ./Core/Src/stm32g0xx_hal_msp.o
 .debug_info    0x00000000000057b9      0x46d ./Core/Src/stm32g0xx_it.o
 .debug_info    0x0000000000005c26      0x171 ./Core/Src/sysmem.o
 .debug_info    0x0000000000005d97      0x34d ./Core/Src/system_stm32g0xx.o
 .debug_info    0x00000000000060e4      0x954 ./Core/Src/uart1.o
 .debug_info    0x0000000000006a38       0x22 ./Core/Startup/startup_stm32g030k6tx.o
 .debug_info    0x0000000000006a5a      0x94e ./Drivers/STM32G0xx_HAL_Driver/Src/stm32g0xx_hal.o
 .debug_info    0x00000000000073a8     0x1600 ./Drivers/STM32G0xx_HAL_Driver/Src/stm32g0xx_hal_adc.o
 .debug_info    0x00000000000089a8      0x8dd ./Drivers/STM32G0xx_HAL_Driver/Src/stm32g0xx_hal_cortex.o
 .debug_info    0x0000000000009285      0x8c8 ./Drivers/STM32G0xx_HAL_Driver/Src/stm32g0xx_hal_dma.o
 .debug_info    0x0000000000009b4d      0x5d7 ./Drivers/STM32G0xx_HAL_Driver/Src/stm32g0xx_hal_gpio.o
 .debug_info    0x000000000000a124      0x4e8 ./Drivers/STM32G0xx_HAL_Driver/Src/stm32g0xx_hal_pwr_ex.o
 .debug_info    0x000000000000a60c      0xb18 ./Drivers/STM32G0xx_HAL_Driver/Src/stm32g0xx_hal_rcc.o
 .debug_info    0x000000000000b124      0x7d0 ./Drivers/STM32G0xx_HAL_Driver/Src/stm32g0xx_hal_rcc_ex.o
 .debug_info    0x000000000000b8f4     0x49de ./Drivers/STM32G0xx_HAL_Driver/Src/stm32g0xx_hal_uart.o
 .debug_info    0x00000000000102d2     0x1032 ./Drivers/STM32G0xx_HAL_Driver/Src/stm32g0xx_hal_uart_ex.o

.debug_abbrev   0x0000000000000000     0x30b2
 .debug_abbrev  0x0000000000000000      0x100 ./Core/Src/ad8363.o
 .debug_abbrev  0x0000000000000100      0x13b ./Core/Src/bda4601.o
 .debug_abbrev  0x000000000000023b      0x226 ./Core/Src/ds18b20.o
 .debug_abbrev  0x0000000000000461      0x17c ./Core/Src/i2c1.o
 .debug_abbrev  0x00000000000005dd      0x17f ./Core/Src/led.o
 .debug_abbrev  0x000000000000075c      0x107 ./Core/Src/lm75.o
 .debug_abbrev  0x0000000000000863      0x13d ./Core/Src/m24c64.o
 .debug_abbrev  0x00000000000009a0      0x3cc ./Core/Src/main.o
 .debug_abbrev  0x0000000000000d6c      0x100 ./Core/Src/max4003.o
 .debug_abbrev  0x0000000000000e6c      0x154 ./Core/Src/module.o
 .debug_abbrev  0x0000000000000fc0      0x1aa ./Core/Src/rs485.o
 .debug_abbrev  0x000000000000116a      0x1d8 ./Core/Src/stm32g0xx_hal_msp.o
 .debug_abbrev  0x0000000000001342      0x15a ./Core/Src/stm32g0xx_it.o
 .debug_abbrev  0x000000000000149c       0xbb ./Core/Src/sysmem.o
 .debug_abbrev  0x0000000000001557      0x116 ./Core/Src/system_stm32g0xx.o
 .debug_abbrev  0x000000000000166d      0x278 ./Core/Src/uart1.o
 .debug_abbrev  0x00000000000018e5       0x12 ./Core/Startup/startup_stm32g030k6tx.o
 .debug_abbrev  0x00000000000018f7      0x2a9 ./Drivers/STM32G0xx_HAL_Driver/Src/stm32g0xx_hal.o
 .debug_abbrev  0x0000000000001ba0      0x26c ./Drivers/STM32G0xx_HAL_Driver/Src/stm32g0xx_hal_adc.o
 .debug_abbrev  0x0000000000001e0c      0x29f ./Drivers/STM32G0xx_HAL_Driver/Src/stm32g0xx_hal_cortex.o
 .debug_abbrev  0x00000000000020ab      0x1db ./Drivers/STM32G0xx_HAL_Driver/Src/stm32g0xx_hal_dma.o
 .debug_abbrev  0x0000000000002286      0x1b9 ./Drivers/STM32G0xx_HAL_Driver/Src/stm32g0xx_hal_gpio.o
 .debug_abbrev  0x000000000000243f      0x1d1 ./Drivers/STM32G0xx_HAL_Driver/Src/stm32g0xx_hal_pwr_ex.o
 .debug_abbrev  0x0000000000002610      0x2a3 ./Drivers/STM32G0xx_HAL_Driver/Src/stm32g0xx_hal_rcc.o
 .debug_abbrev  0x00000000000028b3      0x21a ./Drivers/STM32G0xx_HAL_Driver/Src/stm32g0xx_hal_rcc_ex.o
 .debug_abbrev  0x0000000000002acd      0x310 ./Drivers/STM32G0xx_HAL_Driver/Src/stm32g0xx_hal_uart.o
 .debug_abbrev  0x0000000000002ddd      0x2d5 ./Drivers/STM32G0xx_HAL_Driver/Src/stm32g0xx_hal_uart_ex.o

.debug_aranges  0x0000000000000000      0xda8
 .debug_aranges
                0x0000000000000000       0x28 ./Core/Src/ad8363.o
 .debug_aranges
                0x0000000000000028       0x30 ./Core/Src/bda4601.o
 .debug_aranges
                0x0000000000000058       0x80 ./Core/Src/ds18b20.o
 .debug_aranges
                0x00000000000000d8       0x58 ./Core/Src/i2c1.o
 .debug_aranges
                0x0000000000000130       0x48 ./Core/Src/led.o
 .debug_aranges
                0x0000000000000178       0x28 ./Core/Src/lm75.o
 .debug_aranges
                0x00000000000001a0       0x40 ./Core/Src/m24c64.o
 .debug_aranges
                0x00000000000001e0       0x90 ./Core/Src/main.o
 .debug_aranges
                0x0000000000000270       0x28 ./Core/Src/max4003.o
 .debug_aranges
                0x0000000000000298       0x28 ./Core/Src/module.o
 .debug_aranges
                0x00000000000002c0       0x50 ./Core/Src/rs485.o
 .debug_aranges
                0x0000000000000310       0x40 ./Core/Src/stm32g0xx_hal_msp.o
 .debug_aranges
                0x0000000000000350       0x48 ./Core/Src/stm32g0xx_it.o
 .debug_aranges
                0x0000000000000398       0x20 ./Core/Src/sysmem.o
 .debug_aranges
                0x00000000000003b8       0x28 ./Core/Src/system_stm32g0xx.o
 .debug_aranges
                0x00000000000003e0       0x80 ./Core/Src/uart1.o
 .debug_aranges
                0x0000000000000460       0x28 ./Core/Startup/startup_stm32g030k6tx.o
 .debug_aranges
                0x0000000000000488      0x100 ./Drivers/STM32G0xx_HAL_Driver/Src/stm32g0xx_hal.o
 .debug_aranges
                0x0000000000000588      0x1f0 ./Drivers/STM32G0xx_HAL_Driver/Src/stm32g0xx_hal_adc.o
 .debug_aranges
                0x0000000000000778       0xd8 ./Drivers/STM32G0xx_HAL_Driver/Src/stm32g0xx_hal_cortex.o
 .debug_aranges
                0x0000000000000850       0x90 ./Drivers/STM32G0xx_HAL_Driver/Src/stm32g0xx_hal_dma.o
 .debug_aranges
                0x00000000000008e0       0x60 ./Drivers/STM32G0xx_HAL_Driver/Src/stm32g0xx_hal_gpio.o
 .debug_aranges
                0x0000000000000940       0x98 ./Drivers/STM32G0xx_HAL_Driver/Src/stm32g0xx_hal_pwr_ex.o
 .debug_aranges
                0x00000000000009d8       0xa0 ./Drivers/STM32G0xx_HAL_Driver/Src/stm32g0xx_hal_rcc.o
 .debug_aranges
                0x0000000000000a78       0x40 ./Drivers/STM32G0xx_HAL_Driver/Src/stm32g0xx_hal_rcc_ex.o
 .debug_aranges
                0x0000000000000ab8      0x248 ./Drivers/STM32G0xx_HAL_Driver/Src/stm32g0xx_hal_uart.o
 .debug_aranges
                0x0000000000000d00       0xa8 ./Drivers/STM32G0xx_HAL_Driver/Src/stm32g0xx_hal_uart_ex.o

.debug_ranges   0x0000000000000000      0xc48
 .debug_ranges  0x0000000000000000       0x18 ./Core/Src/ad8363.o
 .debug_ranges  0x0000000000000018       0x20 ./Core/Src/bda4601.o
 .debug_ranges  0x0000000000000038       0x70 ./Core/Src/ds18b20.o
 .debug_ranges  0x00000000000000a8       0x60 ./Core/Src/i2c1.o
 .debug_ranges  0x0000000000000108       0x38 ./Core/Src/led.o
 .debug_ranges  0x0000000000000140       0x18 ./Core/Src/lm75.o
 .debug_ranges  0x0000000000000158       0x30 ./Core/Src/m24c64.o
 .debug_ranges  0x0000000000000188       0x80 ./Core/Src/main.o
 .debug_ranges  0x0000000000000208       0x18 ./Core/Src/max4003.o
 .debug_ranges  0x0000000000000220       0x18 ./Core/Src/module.o
 .debug_ranges  0x0000000000000238       0x40 ./Core/Src/rs485.o
 .debug_ranges  0x0000000000000278       0x30 ./Core/Src/stm32g0xx_hal_msp.o
 .debug_ranges  0x00000000000002a8       0x38 ./Core/Src/stm32g0xx_it.o
 .debug_ranges  0x00000000000002e0       0x10 ./Core/Src/sysmem.o
 .debug_ranges  0x00000000000002f0       0x18 ./Core/Src/system_stm32g0xx.o
 .debug_ranges  0x0000000000000308       0x70 ./Core/Src/uart1.o
 .debug_ranges  0x0000000000000378       0x20 ./Core/Startup/startup_stm32g030k6tx.o
 .debug_ranges  0x0000000000000398       0xf0 ./Drivers/STM32G0xx_HAL_Driver/Src/stm32g0xx_hal.o
 .debug_ranges  0x0000000000000488      0x1e0 ./Drivers/STM32G0xx_HAL_Driver/Src/stm32g0xx_hal_adc.o
 .debug_ranges  0x0000000000000668       0xc8 ./Drivers/STM32G0xx_HAL_Driver/Src/stm32g0xx_hal_cortex.o
 .debug_ranges  0x0000000000000730       0x80 ./Drivers/STM32G0xx_HAL_Driver/Src/stm32g0xx_hal_dma.o
 .debug_ranges  0x00000000000007b0       0x50 ./Drivers/STM32G0xx_HAL_Driver/Src/stm32g0xx_hal_gpio.o
 .debug_ranges  0x0000000000000800       0x88 ./Drivers/STM32G0xx_HAL_Driver/Src/stm32g0xx_hal_pwr_ex.o
 .debug_ranges  0x0000000000000888       0x90 ./Drivers/STM32G0xx_HAL_Driver/Src/stm32g0xx_hal_rcc.o
 .debug_ranges  0x0000000000000918       0x30 ./Drivers/STM32G0xx_HAL_Driver/Src/stm32g0xx_hal_rcc_ex.o
 .debug_ranges  0x0000000000000948      0x268 ./Drivers/STM32G0xx_HAL_Driver/Src/stm32g0xx_hal_uart.o
 .debug_ranges  0x0000000000000bb0       0x98 ./Drivers/STM32G0xx_HAL_Driver/Src/stm32g0xx_hal_uart_ex.o

.debug_macro    0x0000000000000000    0x18272
 .debug_macro   0x0000000000000000      0x21e ./Core/Src/ad8363.o
 .debug_macro   0x000000000000021e      0xa4e ./Core/Src/ad8363.o
 .debug_macro   0x0000000000000c6c      0x123 ./Core/Src/ad8363.o
 .debug_macro   0x0000000000000d8f       0x2e ./Core/Src/ad8363.o
 .debug_macro   0x0000000000000dbd       0x28 ./Core/Src/ad8363.o
 .debug_macro   0x0000000000000de5       0x22 ./Core/Src/ad8363.o
 .debug_macro   0x0000000000000e07       0x8e ./Core/Src/ad8363.o
 .debug_macro   0x0000000000000e95       0x51 ./Core/Src/ad8363.o
 .debug_macro   0x0000000000000ee6      0x103 ./Core/Src/ad8363.o
 .debug_macro   0x0000000000000fe9       0x6a ./Core/Src/ad8363.o
 .debug_macro   0x0000000000001053      0x1df ./Core/Src/ad8363.o
 .debug_macro   0x0000000000001232       0x1c ./Core/Src/ad8363.o
 .debug_macro   0x000000000000124e       0x22 ./Core/Src/ad8363.o
 .debug_macro   0x0000000000001270       0xd1 ./Core/Src/ad8363.o
 .debug_macro   0x0000000000001341      0x4da ./Core/Src/ad8363.o
 .debug_macro   0x000000000000181b      0x11f ./Core/Src/ad8363.o
 .debug_macro   0x000000000000193a     0xa0c5 ./Core/Src/ad8363.o
 .debug_macro   0x000000000000b9ff       0x66 ./Core/Src/ad8363.o
 .debug_macro   0x000000000000ba65     0x34fd ./Core/Src/ad8363.o
 .debug_macro   0x000000000000ef62      0x174 ./Core/Src/ad8363.o
 .debug_macro   0x000000000000f0d6       0x5c ./Core/Src/ad8363.o
 .debug_macro   0x000000000000f132      0x485 ./Core/Src/ad8363.o
 .debug_macro   0x000000000000f5b7      0xdcd ./Core/Src/ad8363.o
 .debug_macro   0x0000000000010384      0x106 ./Core/Src/ad8363.o
 .debug_macro   0x000000000001048a      0x1cf ./Core/Src/ad8363.o
 .debug_macro   0x0000000000010659       0xff ./Core/Src/ad8363.o
 .debug_macro   0x0000000000010758      0x33c ./Core/Src/ad8363.o
 .debug_macro   0x0000000000010a94      0x202 ./Core/Src/ad8363.o
 .debug_macro   0x0000000000010c96      0x2c7 ./Core/Src/ad8363.o
 .debug_macro   0x0000000000010f5d      0x198 ./Core/Src/ad8363.o
 .debug_macro   0x00000000000110f5       0x43 ./Core/Src/ad8363.o
 .debug_macro   0x0000000000011138      0x1f1 ./Core/Src/ad8363.o
 .debug_macro   0x0000000000011329      0x8a1 ./Core/Src/ad8363.o
 .debug_macro   0x0000000000011bca      0x5ad ./Core/Src/ad8363.o
 .debug_macro   0x0000000000012177       0x2e ./Core/Src/ad8363.o
 .debug_macro   0x00000000000121a5      0x1d6 ./Core/Src/ad8363.o
 .debug_macro   0x000000000001237b      0x2a3 ./Core/Src/ad8363.o
 .debug_macro   0x000000000001261e       0x28 ./Core/Src/ad8363.o
 .debug_macro   0x0000000000012646       0xcf ./Core/Src/ad8363.o
 .debug_macro   0x0000000000012715       0x85 ./Core/Src/ad8363.o
 .debug_macro   0x000000000001279a       0xff ./Core/Src/ad8363.o
 .debug_macro   0x0000000000012899      0x10d ./Core/Src/ad8363.o
 .debug_macro   0x00000000000129a6      0x693 ./Core/Src/ad8363.o
 .debug_macro   0x0000000000013039       0xa6 ./Core/Src/ad8363.o
 .debug_macro   0x00000000000130df      0x412 ./Core/Src/ad8363.o
 .debug_macro   0x00000000000134f1       0xdc ./Core/Src/ad8363.o
 .debug_macro   0x00000000000135cd       0x22 ./Core/Src/ad8363.o
 .debug_macro   0x00000000000135ef       0x22 ./Core/Src/ad8363.o
 .debug_macro   0x0000000000013611      0x21b ./Core/Src/bda4601.o
 .debug_macro   0x000000000001382c       0x10 ./Core/Src/bda4601.o
 .debug_macro   0x000000000001383c      0x224 ./Core/Src/ds18b20.o
 .debug_macro   0x0000000000013a60       0x10 ./Core/Src/ds18b20.o
 .debug_macro   0x0000000000013a70      0x218 ./Core/Src/i2c1.o
 .debug_macro   0x0000000000013c88       0xe2 ./Core/Src/i2c1.o
 .debug_macro   0x0000000000013d6a       0x16 ./Core/Src/i2c1.o
 .debug_macro   0x0000000000013d80      0x21b ./Core/Src/led.o
 .debug_macro   0x0000000000013f9b       0x6a ./Core/Src/led.o
 .debug_macro   0x0000000000014005      0x22d ./Core/Src/lm75.o
 .debug_macro   0x0000000000014232       0x10 ./Core/Src/lm75.o
 .debug_macro   0x0000000000014242      0x2fb ./Core/Src/m24c64.o
 .debug_macro   0x000000000001453d       0x52 ./Core/Src/m24c64.o
 .debug_macro   0x000000000001458f       0x18 ./Core/Src/m24c64.o
 .debug_macro   0x00000000000145a7       0x3c ./Core/Src/m24c64.o
 .debug_macro   0x00000000000145e3       0x34 ./Core/Src/m24c64.o
 .debug_macro   0x0000000000014617       0x16 ./Core/Src/m24c64.o
 .debug_macro   0x000000000001462d       0x43 ./Core/Src/m24c64.o
 .debug_macro   0x0000000000014670       0x34 ./Core/Src/m24c64.o
 .debug_macro   0x00000000000146a4       0x10 ./Core/Src/m24c64.o
 .debug_macro   0x00000000000146b4       0x58 ./Core/Src/m24c64.o
 .debug_macro   0x000000000001470c       0x71 ./Core/Src/m24c64.o
 .debug_macro   0x000000000001477d       0x1c ./Core/Src/m24c64.o
 .debug_macro   0x0000000000014799      0x12a ./Core/Src/m24c64.o
 .debug_macro   0x00000000000148c3      0x341 ./Core/Src/m24c64.o
 .debug_macro   0x0000000000014c04       0x10 ./Core/Src/m24c64.o
 .debug_macro   0x0000000000014c14       0x35 ./Core/Src/m24c64.o
 .debug_macro   0x0000000000014c49       0x20 ./Core/Src/m24c64.o
 .debug_macro   0x0000000000014c69       0x2e ./Core/Src/m24c64.o
 .debug_macro   0x0000000000014c97      0x4e4 ./Core/Src/main.o
 .debug_macro   0x000000000001517b       0x16 ./Core/Src/main.o
 .debug_macro   0x0000000000015191       0x10 ./Core/Src/main.o
 .debug_macro   0x00000000000151a1       0x10 ./Core/Src/main.o
 .debug_macro   0x00000000000151b1       0x1c ./Core/Src/main.o
 .debug_macro   0x00000000000151cd       0x52 ./Core/Src/main.o
 .debug_macro   0x000000000001521f       0x22 ./Core/Src/main.o
 .debug_macro   0x0000000000015241       0x10 ./Core/Src/main.o
 .debug_macro   0x0000000000015251       0x52 ./Core/Src/main.o
 .debug_macro   0x00000000000152a3       0xd5 ./Core/Src/main.o
 .debug_macro   0x0000000000015378       0x1c ./Core/Src/main.o
 .debug_macro   0x0000000000015394       0x3d ./Core/Src/main.o
 .debug_macro   0x00000000000153d1       0x16 ./Core/Src/main.o
 .debug_macro   0x00000000000153e7      0x145 ./Core/Src/main.o
 .debug_macro   0x000000000001552c       0x16 ./Core/Src/main.o
 .debug_macro   0x0000000000015542       0x16 ./Core/Src/main.o
 .debug_macro   0x0000000000015558       0x29 ./Core/Src/main.o
 .debug_macro   0x0000000000015581       0x16 ./Core/Src/main.o
 .debug_macro   0x0000000000015597       0x16 ./Core/Src/main.o
 .debug_macro   0x00000000000155ad      0x19b ./Core/Src/main.o
 .debug_macro   0x0000000000015748       0x16 ./Core/Src/main.o
 .debug_macro   0x000000000001575e       0x70 ./Core/Src/main.o
 .debug_macro   0x00000000000157ce       0x28 ./Core/Src/main.o
 .debug_macro   0x00000000000157f6       0x16 ./Core/Src/main.o
 .debug_macro   0x000000000001580c      0x224 ./Core/Src/max4003.o
 .debug_macro   0x0000000000015a30       0x22 ./Core/Src/max4003.o
 .debug_macro   0x0000000000015a52      0x2ca ./Core/Src/module.o
 .debug_macro   0x0000000000015d1c      0x408 ./Core/Src/rs485.o
 .debug_macro   0x0000000000016124       0x1c ./Core/Src/rs485.o
 .debug_macro   0x0000000000016140      0x20c ./Core/Src/stm32g0xx_hal_msp.o
 .debug_macro   0x000000000001634c      0x216 ./Core/Src/stm32g0xx_it.o
 .debug_macro   0x0000000000016562       0xff ./Core/Src/sysmem.o
 .debug_macro   0x0000000000016661      0x23b ./Core/Src/sysmem.o
 .debug_macro   0x000000000001689c      0x1fd ./Core/Src/system_stm32g0xx.o
 .debug_macro   0x0000000000016a99      0x311 ./Core/Src/uart1.o
 .debug_macro   0x0000000000016daa      0x21b ./Drivers/STM32G0xx_HAL_Driver/Src/stm32g0xx_hal.o
 .debug_macro   0x0000000000016fc5      0x221 ./Drivers/STM32G0xx_HAL_Driver/Src/stm32g0xx_hal_adc.o
 .debug_macro   0x00000000000171e6      0x1fd ./Drivers/STM32G0xx_HAL_Driver/Src/stm32g0xx_hal_cortex.o
 .debug_macro   0x00000000000173e3      0x1fd ./Drivers/STM32G0xx_HAL_Driver/Src/stm32g0xx_hal_dma.o
 .debug_macro   0x00000000000175e0      0x204 ./Drivers/STM32G0xx_HAL_Driver/Src/stm32g0xx_hal_gpio.o
 .debug_macro   0x00000000000177e4      0x20f ./Drivers/STM32G0xx_HAL_Driver/Src/stm32g0xx_hal_pwr_ex.o
 .debug_macro   0x00000000000179f3      0x239 ./Drivers/STM32G0xx_HAL_Driver/Src/stm32g0xx_hal_rcc.o
 .debug_macro   0x0000000000017c2c      0x215 ./Drivers/STM32G0xx_HAL_Driver/Src/stm32g0xx_hal_rcc_ex.o
 .debug_macro   0x0000000000017e41      0x228 ./Drivers/STM32G0xx_HAL_Driver/Src/stm32g0xx_hal_uart.o
 .debug_macro   0x0000000000018069      0x209 ./Drivers/STM32G0xx_HAL_Driver/Src/stm32g0xx_hal_uart_ex.o

.debug_line     0x0000000000000000    0x13e3d
 .debug_line    0x0000000000000000      0x77d ./Core/Src/ad8363.o
 .debug_line    0x000000000000077d      0x7fd ./Core/Src/bda4601.o
 .debug_line    0x0000000000000f7a      0x956 ./Core/Src/ds18b20.o
 .debug_line    0x00000000000018d0      0xa56 ./Core/Src/i2c1.o
 .debug_line    0x0000000000002326      0x812 ./Core/Src/led.o
 .debug_line    0x0000000000002b38      0x76f ./Core/Src/lm75.o
 .debug_line    0x00000000000032a7      0x998 ./Core/Src/m24c64.o
 .debug_line    0x0000000000003c3f     0x1066 ./Core/Src/main.o
 .debug_line    0x0000000000004ca5      0x77d ./Core/Src/max4003.o
 .debug_line    0x0000000000005422      0x8ab ./Core/Src/module.o
 .debug_line    0x0000000000005ccd      0xd5c ./Core/Src/rs485.o
 .debug_line    0x0000000000006a29      0x819 ./Core/Src/stm32g0xx_hal_msp.o