../Core/Src/main.c:112:10:set_pout_max_min_adc_values	24	static
../Core/Src/main.c:123:11:set_pin_max_min_adc_values	24	static
../Core/Src/main.c:133:11:set_max_min_vswr_adc_values	24	static
../Core/Src/main.c:155:5:main	2208	static
../Core/Src/main.c:383:6:SystemClock_Config	88	static
../Core/Src/main.c:430:13:MX_ADC1_Init	24	static
../Core/Src/main.c:543:13:MX_IWDG_Init	8	static
../Core/Src/main.c:572:13:MX_USART1_UART_Init	8	static
../Core/Src/main.c:618:13:MX_DMA_Init	16	static
../Core/Src/main.c:636:13:MX_GPIO_Init	48	static
../Core/Src/main.c:696:9:get_db_gain	16	static
../Core/Src/main.c:723:6:HAL_ADC_ConvCpltCallback	32	static
../Core/Src/main.c:738:6:USART1_IRQHandler	8	static
../Core/Src/main.c:747:6:Error_Handler	8	static,ignoring_inline_asm
