../Core/Src/main.c:132:5:main	24	static
../Core/Src/main.c:360:6:SystemClock_Config	88	static
../Core/Src/main.c:407:13:MX_ADC1_Init	24	static
../Core/Src/main.c:520:13:MX_IWDG_Init	8	static
../Core/Src/main.c:549:13:MX_USART1_UART_Init	8	static
../Core/Src/main.c:595:13:MX_DMA_Init	16	static
../Core/Src/main.c:613:13:MX_GPIO_Init	48	static
../Core/Src/main.c:673:9:get_db_gain	16	static
../Core/Src/main.c:700:6:HAL_ADC_ConvCpltCallback	32	static
../Core/Src/main.c:715:6:USART1_IRQHandler	8	static
../Core/Src/main.c:724:6:Error_Handler	8	static,ignoring_inline_asm
