../Drivers/CMSIS/Include/core_cm0plus.h:741:22:__NVIC_EnableIRQ	16	static,ignoring_inline_asm
../Core/Src/uart1.c:10:6:uart1_gpio_init	8	static
../Core/Src/uart1.c:49:6:uart1_init	32	static
../Core/Src/uart1.c:90:6:uart1_dma_init	8	static
../Core/Src/uart1.c:100:6:uart1_write	16	static
../Core/Src/uart1.c:113:6:uart1_read	32	static
../Core/Src/uart1.c:139:9:uart1_1byte_read	16	static
../Core/Src/uart1.c:151:7:uart1_read_to_frame	24	static
../Core/Src/uart1.c:159:6:uart1_send_str	32	static
../Core/Src/uart1.c:165:6:uart1_send_frame	24	static
../Core/Src/uart1.c:173:6:uart1_clean_buffer	24	static
../Core/Src/uart1.c:190:9:uart1_nonblocking_read	24	static
